Archive member included because of file (symbol)

c:/program files (x86)/microchip/xc32/v1.31/bin/../lib/gcc/pic32mx/4.5.2/../../../../pic32mx/lib\libpic32.a(memcmp.o)
                              build/default/production/_ext/8958737/tasks.o (memcmp)
c:/program files (x86)/microchip/xc32/v1.31/bin/../lib/gcc/pic32mx/4.5.2/../../../../pic32mx/lib\libpic32.a(memcpy.o)
                              build/default/production/_ext/8958737/queue.o (memcpy)
c:/program files (x86)/microchip/xc32/v1.31/bin/../lib/gcc/pic32mx/4.5.2/../../../../pic32mx/lib\libpic32.a(memset.o)
                              build/default/production/_ext/8958737/tasks.o (memset)
c:/program files (x86)/microchip/xc32/v1.31/bin/../lib/gcc/pic32mx/4.5.2/../../../../pic32mx/lib\libpic32.a(default-bootstrap-exception-handler.o)
                              c:/program files (x86)/microchip/xc32/v1.31/bin/../lib/gcc/pic32mx/4.5.2/../../../../pic32mx/lib/./proc/32MX795F512L/crt0_mips32r2.o (_bootstrap_exception_handler)
c:/program files (x86)/microchip/xc32/v1.31/bin/../lib/gcc/pic32mx/4.5.2/../../../../pic32mx/lib\libpic32.a(default-on-reset.o)
                              c:/program files (x86)/microchip/xc32/v1.31/bin/../lib/gcc/pic32mx/4.5.2/../../../../pic32mx/lib/./proc/32MX795F512L/crt0_mips32r2.o (_on_reset)
c:/program files (x86)/microchip/xc32/v1.31/bin/../lib/gcc/pic32mx/4.5.2/../../../../pic32mx/lib\libpic32.a(default-on-bootstrap.o)
                              c:/program files (x86)/microchip/xc32/v1.31/bin/../lib/gcc/pic32mx/4.5.2/../../../../pic32mx/lib/./proc/32MX795F512L/crt0_mips32r2.o (_on_bootstrap)
c:/program files (x86)/microchip/xc32/v1.31/bin/../lib/gcc/pic32mx/4.5.2/../../../../pic32mx/lib\libpic32.a(default-nmi-handler.o)
                              c:/program files (x86)/microchip/xc32/v1.31/bin/../lib/gcc/pic32mx/4.5.2/../../../../pic32mx/lib/./proc/32MX795F512L/crt0_mips32r2.o (_nmi_handler)
c:/program files (x86)/microchip/xc32/v1.31/bin/../lib/gcc/pic32mx/4.5.2/../../../../pic32mx/lib\libpic32.a(pic32_software_reset.o)
                              c:/program files (x86)/microchip/xc32/v1.31/bin/../lib/gcc/pic32mx/4.5.2/../../../../pic32mx/lib\libpic32.a(default-bootstrap-exception-handler.o) (__pic32_software_reset)
c:/program files (x86)/microchip/xc32/v1.31/bin/../lib/gcc/pic32mx/4.5.2/../../../../pic32mx/lib\libpic32.a(general-exception.o)
                              c:/program files (x86)/microchip/xc32/v1.31/bin/../lib/gcc/pic32mx/4.5.2/../../../../pic32mx/lib/./proc/32MX795F512L/crt0_mips32r2.o (_general_exception_context)
c:/program files (x86)/microchip/xc32/v1.31/bin/../lib/gcc/pic32mx/4.5.2/../../../../pic32mx/lib\libpic32.a(vector0.o)
                              c:/program files (x86)/microchip/xc32/v1.31/bin/../lib/gcc/pic32mx/4.5.2/../../../../pic32mx/lib/./proc/32MX795F512L\default_isr_vectors.o (__vector_dispatch_0)
c:/program files (x86)/microchip/xc32/v1.31/bin/../lib/gcc/pic32mx/4.5.2/../../../../pic32mx/lib\libpic32.a(vector2.o)
                              c:/program files (x86)/microchip/xc32/v1.31/bin/../lib/gcc/pic32mx/4.5.2/../../../../pic32mx/lib/./proc/32MX795F512L\default_isr_vectors.o (__vector_dispatch_2)
c:/program files (x86)/microchip/xc32/v1.31/bin/../lib/gcc/pic32mx/4.5.2/../../../../pic32mx/lib\libpic32.a(vector3.o)
                              c:/program files (x86)/microchip/xc32/v1.31/bin/../lib/gcc/pic32mx/4.5.2/../../../../pic32mx/lib/./proc/32MX795F512L\default_isr_vectors.o (__vector_dispatch_3)
c:/program files (x86)/microchip/xc32/v1.31/bin/../lib/gcc/pic32mx/4.5.2/../../../../pic32mx/lib\libpic32.a(vector5.o)
                              c:/program files (x86)/microchip/xc32/v1.31/bin/../lib/gcc/pic32mx/4.5.2/../../../../pic32mx/lib/./proc/32MX795F512L\default_isr_vectors.o (__vector_dispatch_5)
c:/program files (x86)/microchip/xc32/v1.31/bin/../lib/gcc/pic32mx/4.5.2/../../../../pic32mx/lib\libpic32.a(vector6.o)
                              c:/program files (x86)/microchip/xc32/v1.31/bin/../lib/gcc/pic32mx/4.5.2/../../../../pic32mx/lib/./proc/32MX795F512L\default_isr_vectors.o (__vector_dispatch_6)
c:/program files (x86)/microchip/xc32/v1.31/bin/../lib/gcc/pic32mx/4.5.2/../../../../pic32mx/lib\libpic32.a(vector7.o)
                              c:/program files (x86)/microchip/xc32/v1.31/bin/../lib/gcc/pic32mx/4.5.2/../../../../pic32mx/lib/./proc/32MX795F512L\default_isr_vectors.o (__vector_dispatch_7)
c:/program files (x86)/microchip/xc32/v1.31/bin/../lib/gcc/pic32mx/4.5.2/../../../../pic32mx/lib\libpic32.a(vector8.o)
                              c:/program files (x86)/microchip/xc32/v1.31/bin/../lib/gcc/pic32mx/4.5.2/../../../../pic32mx/lib/./proc/32MX795F512L\default_isr_vectors.o (__vector_dispatch_8)
c:/program files (x86)/microchip/xc32/v1.31/bin/../lib/gcc/pic32mx/4.5.2/../../../../pic32mx/lib\libpic32.a(vector9.o)
[...]
Memory Configuration

Name             Origin             Length             Attributes
kseg0_program_mem 0x9d000000         0x00080000         xr
kseg0_boot_mem   0x9fc00490         0x00000970
exception_mem    0x9fc01000         0x00001000
kseg1_boot_mem   0xbfc00000         0x00000490
debug_exec_mem   0xbfc02000         0x00000ff0
config3          0xbfc02ff0         0x00000004
config2          0xbfc02ff4         0x00000004
config1          0xbfc02ff8         0x00000004
config0          0xbfc02ffc         0x00000004
kseg1_data_mem   0xa0000000         0x00020000         w !x
sfrs             0xbf800000         0x00100000
configsfrs       0xbfc02ff0         0x00000010
*default*        0x00000000         0xffffffff

Linker script and memory map

LOAD c:/program files (x86)/microchip/xc32/v1.31/bin/../lib/gcc/pic32mx/4.5.2/../../../../pic32mx/lib/./proc/32MX795F512L/crt0_mips32r2.o
LOAD build/default/production/_ext/1361460060/drv_adc_static.o
LOAD build/default/production/_ext/1345626252/drv_usart_static.o
LOAD build/default/production/_ext/639803181/sys_clk_static.o
LOAD build/default/production/_ext/822048611/sys_ports_static.o
LOAD build/default/production/_ext/1688732426/system_init.o
LOAD build/default/production/_ext/1688732426/system_interrupt.o
LOAD build/default/production/_ext/1688732426/system_exceptions.o
LOAD build/default/production/_ext/1688732426/system_tasks.o
LOAD build/default/production/_ext/1688732426/system_interrupt_a.o
LOAD build/default/production/_ext/1688732426/rtos_hooks.o
LOAD build/default/production/_ext/1360937237/control.o
LOAD build/default/production/_ext/1360937237/motor.o
LOAD build/default/production/_ext/1360937237/sensor.o
LOAD build/default/production/_ext/1360937237/main.o
LOAD build/default/production/_ext/1360937237/timer1Callback.o
LOAD build/default/production/_ext/1737654518/osal_freertos.o
LOAD build/default/production/_ext/394875440/sys_devcon.o
LOAD build/default/production/_ext/394875440/sys_devcon_pic32mx.o
LOAD build/default/production/_ext/312783478/sys_int_pic32.o
LOAD build/default/production/_ext/2111169689/sys_ports.o
LOAD build/default/production/_ext/1920397356/heap_1.o
LOAD build/default/production/_ext/630015897/port.o
LOAD build/default/production/_ext/630015897/port_asm.o
LOAD build/default/production/_ext/8958737/croutine.o
LOAD build/default/production/_ext/8958737/list.o
LOAD build/default/production/_ext/8958737/queue.o
LOAD build/default/production/_ext/8958737/tasks.o
LOAD build/default/production/_ext/8958737/timers.o
LOAD build/default/production/_ext/8958737/event_groups.o
LOAD build/default/production/_ext/1360937237/usart.o
LOAD build/default/production/_ext/1360937237/debug.o
LOAD ..\..\..\..\..\microchip\harmony\v1_06_02\bin\framework\peripheral\PIC32MX795F512L_peripherals.a
                0x00000001                __MPLAB_BUILD = 0x1
                0x00000000                _min_heap_size = 0x0
LOAD c:/program files (x86)/microchip/xc32/v1.31/bin/../lib/gcc/pic32mx/4.5.2/../../../../pic32mx/lib/./proc/32MX795F512L\default_isr_vectors.o
                0x00000400                PROVIDE (_min_stack_size, 0x400)
LOAD c:/program files (x86)/microchip/xc32/v1.31/bin/../lib/gcc/pic32mx/4.5.2/../../../../pic32mx/lib/./proc/32MX795F512L\processor.o
START GROUP
LOAD c:/program files (x86)/microchip/xc32/v1.31/bin/../lib/gcc/pic32mx/4.5.2/../../../../pic32mx/lib\libmchp_peripheral.a
END GROUP
START GROUP
LOAD c:/program files (x86)/microchip/xc32/v1.31/bin/../lib/gcc/pic32mx/4.5.2/../../../../pic32mx/lib\libmchp_peripheral_32MX795F512L.a
END GROUP
                0x00000001                PROVIDE (_vector_spacing, 0x1)
                0x9fc01000                _ebase_address = 0x9fc01000
                0xbfc00000                _RESET_ADDR = 0xbfc00000
                0xbfc00380                _BEV_EXCPT_ADDR = 0xbfc00380
                0xbfc00480                _DBG_EXCPT_ADDR = 0xbfc00480
                0xbfc02000                _DBG_CODE_ADDR = 0xbfc02000
                0x00000ff0                _DBG_CODE_SIZE = 0xff0
                0x9fc01180                _GEN_EXCPT_ADDR = (_ebase_address + 0x180)

.config_BFC02FF0
                0xbfc02ff0        0x4
 *(.config_BFC02FF0)
 .config_BFC02FF0
                0xbfc02ff0        0x4 build/default/production/_ext/1688732426/system_init.o

.config_BFC02FF4
                0xbfc02ff4        0x4
 *(.config_BFC02FF4)
 .config_BFC02FF4
                0xbfc02ff4        0x4 build/default/production/_ext/1688732426/system_init.o

.config_BFC02FF8
                0xbfc02ff8        0x4
 *(.config_BFC02FF8)
 .config_BFC02FF8
                0xbfc02ff8        0x4 build/default/production/_ext/1688732426/system_init.o

.config_BFC02FFC
                0xbfc02ffc        0x4
 *(.config_BFC02FFC)
 .config_BFC02FFC
                0xbfc02ffc        0x4 build/default/production/_ext/1688732426/system_init.o
                0xbfc02000                PROVIDE (_DBG_CODE_ADDR, 0xbfc02000)
                0x00000ff0                PROVIDE (_DBG_CODE_SIZE, 0xff0)

.reset          0xbfc00000      0x1e8
 *(.reset)
 .reset         0xbfc00000      0x1e8 c:/program files (x86)/microchip/xc32/v1.31/bin/../lib/gcc/pic32mx/4.5.2/../../../../pic32mx/lib/./proc/32MX795F512L/crt0_mips32r2.o
                0xbfc00000                _reset
 *(.reset.startup)

.bev_excpt      0xbfc00380       0x10
 *(.bev_handler)
 .bev_handler   0xbfc00380       0x10 c:/program files (x86)/microchip/xc32/v1.31/bin/../lib/gcc/pic32mx/4.5.2/../../../../pic32mx/lib/./proc/32MX795F512L/crt0_mips32r2.o

.dbg_excpt      0xbfc00480        0x0
                0xbfc00480                . = (. + DEFINED (_DEBUGGER)?0x8:0x0)

.dbg_code       0xbfc02000        0x0
                0xbfc02000                . = (. + DEFINED (_DEBUGGER)?_DBG_CODE_SIZE:0x0)

.app_excpt      0x9fc01180       0x10
 *(.gen_handler)
 .gen_handler   0x9fc01180       0x10 c:/program files (x86)/microchip/xc32/v1.31/bin/../lib/gcc/pic32mx/4.5.2/../../../../pic32mx/lib/./proc/32MX795F512L/crt0_mips32r2.o

.vector_0       0x9fc01200        0x8
 *(.vector_0)
 .vector_0      0x9fc01200        0x8 c:/program files (x86)/microchip/xc32/v1.31/bin/../lib/gcc/pic32mx/4.5.2/../../../../pic32mx/lib\libpic32.a(vector0.o)
                0x9fc01200                __vector_dispatch_0
                0x00000001                ASSERT (((_vector_spacing == 0x0) || (SIZEOF (.vector_0) <= (_vector_spacing << 0x5))), function at exception vector 0 too large)

.vector_1       0x9fc01220        0x8
 *(.vector_1)
 .vector_1      0x9fc01220        0x8 build/default/production/_ext/630015897/port.o
                0x9fc01220                __vector_dispatch_1
                0x00000001                ASSERT (((_vector_spacing == 0x0) || (SIZEOF (.vector_1) <= (_vector_spacing << 0x5))), function at exception vector 1 too large)

.vector_2       0x9fc01240        0x8
 *(.vector_2)
 .vector_2      0x9fc01240        0x8 c:/program files (x86)/microchip/xc32/v1.31/bin/../lib/gcc/pic32mx/4.5.2/../../../../pic32mx/lib\libpic32.a(vector2.o)
                0x9fc01240                __vector_dispatch_2
                0x00000001                ASSERT (((_vector_spacing == 0x0) || (SIZEOF (.vector_2) <= (_vector_spacing << 0x5))), function at exception vector 2 too large)

.vector_3       0x9fc01260        0x8
 *(.vector_3)
 .vector_3      0x9fc01260        0x8 c:/program files (x86)/microchip/xc32/v1.31/bin/../lib/gcc/pic32mx/4.5.2/../../../../pic32mx/lib\libpic32.a(vector3.o)
                0x9fc01260                __vector_dispatch_3
                0x00000001                ASSERT (((_vector_spacing == 0x0) || (SIZEOF (.vector_3) <= (_vector_spacing << 0x5))), function at exception vector 3 too large)

.vector_4       0x9fc01280        0x8
 *(.vector_4)
 .vector_4      0x9fc01280        0x8 build/default/production/_ext/630015897/port.o
                0x9fc01280                __vector_dispatch_4
                0x00000001                ASSERT (((_vector_spacing == 0x0) || (SIZEOF (.vector_4) <= (_vector_spacing << 0x5))), function at exception vector 4 too large)

.vector_5       0x9fc012a0        0x8
 *(.vector_5)
 .vector_5      0x9fc012a0        0x8 c:/program files (x86)/microchip/xc32/v1.31/bin/../lib/gcc/pic32mx/4.5.2/../../../../pic32mx/lib\libpic32.a(vector5.o)
                0x9fc012a0                __vector_dispatch_5
                0x00000001                ASSERT (((_vector_spacing == 0x0) || (SIZEOF (.vector_5) <= (_vector_spacing << 0x5))), function at exception vector 5 too large)

.vector_6       0x9fc012c0        0x8
 *(.vector_6)
 .vector_6      0x9fc012c0        0x8 c:/program files (x86)/microchip/xc32/v1.31/bin/../lib/gcc/pic32mx/4.5.2/../../../../pic32mx/lib\libpic32.a(vector6.o)
                0x9fc012c0                __vector_dispatch_6
                0x00000001                ASSERT (((_vector_spacing == 0x0) || (SIZEOF (.vector_6) <= (_vector_spacing << 0x5))), function at exception vector 6 too large)

.vector_7       0x9fc012e0        0x8
 *(.vector_7)
 .vector_7      0x9fc012e0        0x8 c:/program files (x86)/microchip/xc32/v1.31/bin/../lib/gcc/pic32mx/4.5.2/../../../../pic32mx/lib\libpic32.a(vector7.o)
                0x9fc012e0                __vector_dispatch_7
                0x00000001                ASSERT (((_vector_spacing == 0x0) || (SIZEOF (.vector_7) <= (_vector_spacing << 0x5))), function at exception vector 7 too large)

.vector_8       0x9fc01300        0x8
 *(.vector_8)
 .vector_8      0x9fc01300        0x8 c:/program files (x86)/microchip/xc32/v1.31/bin/../lib/gcc/pic32mx/4.5.2/../../../../pic32mx/lib\libpic32.a(vector8.o)
                0x9fc01300                __vector_dispatch_8
                0x00000001                ASSERT (((_vector_spacing == 0x0) || (SIZEOF (.vector_8) <= (_vector_spacing << 0x5))), function at exception vector 8 too large)

.vector_9       0x9fc01320        0x8
 *(.vector_9)
 .vector_9      0x9fc01320        0x8 c:/program files (x86)/microchip/xc32/v1.31/bin/../lib/gcc/pic32mx/4.5.2/../../../../pic32mx/lib\libpic32.a(vector9.o)
                0x9fc01320                __vector_dispatch_9
                0x00000001                ASSERT (((_vector_spacing == 0x0) || (SIZEOF (.vector_9) <= (_vector_spacing << 0x5))), function at exception vector 9 too large)

.vector_10      0x9fc01340        0x8
 *(.vector_10)
 .vector_10     0x9fc01340        0x8 c:/program files (x86)/microchip/xc32/v1.31/bin/../lib/gcc/pic32mx/4.5.2/../../../../pic32mx/lib\libpic32.a(vector10.o)
                0x9fc01340                __vector_dispatch_10
                0x00000001                ASSERT (((_vector_spacing == 0x0) || (SIZEOF (.vector_10) <= (_vector_spacing << 0x5))), function at exception vector 10 too large)

.vector_11      0x9fc01360        0x8
 *(.vector_11)
 .vector_11     0x9fc01360        0x8 c:/program files (x86)/microchip/xc32/v1.31/bin/../lib/gcc/pic32mx/4.5.2/../../../../pic32mx/lib\libpic32.a(vector11.o)
                0x9fc01360                __vector_dispatch_11
                0x00000001                ASSERT (((_vector_spacing == 0x0) || (SIZEOF (.vector_11) <= (_vector_spacing << 0x5))), function at exception vector 11 too large)

.vector_12      0x9fc01380        0x8
 *(.vector_12)
 .vector_12     0x9fc01380        0x8 c:/program files (x86)/microchip/xc32/v1.31/bin/../lib/gcc/pic32mx/4.5.2/../../../../pic32mx/lib\libpic32.a(vector12.o)
                0x9fc01380                __vector_dispatch_12
                0x00000001                ASSERT (((_vector_spacing == 0x0) || (SIZEOF (.vector_12) <= (_vector_spacing << 0x5))), function at exception vector 12 too large)

.vector_13      0x9fc013a0        0x8
 *(.vector_13)
 .vector_13     0x9fc013a0        0x8 c:/program files (x86)/microchip/xc32/v1.31/bin/../lib/gcc/pic32mx/4.5.2/../../../../pic32mx/lib\libpic32.a(vector13.o)
                0x9fc013a0                __vector_dispatch_13
                0x00000001                ASSERT (((_vector_spacing == 0x0) || (SIZEOF (.vector_13) <= (_vector_spacing << 0x5))), function at exception vector 13 too large)

.vector_14      0x9fc013c0        0x8
 *(.vector_14)
 .vector_14     0x9fc013c0        0x8 c:/program files (x86)/microchip/xc32/v1.31/bin/../lib/gcc/pic32mx/4.5.2/../../../../pic32mx/lib\libpic32.a(vector14.o)
                0x9fc013c0                __vector_dispatch_14
                0x00000001                ASSERT (((_vector_spacing == 0x0) || (SIZEOF (.vector_14) <= (_vector_spacing << 0x5))), function at exception vector 14 too large)

.vector_15      0x9fc013e0        0x8
 *(.vector_15)
 .vector_15     0x9fc013e0        0x8 c:/program files (x86)/microchip/xc32/v1.31/bin/../lib/gcc/pic32mx/4.5.2/../../../../pic32mx/lib\libpic32.a(vector15.o)
                0x9fc013e0                __vector_dispatch_15
                0x00000001                ASSERT (((_vector_spacing == 0x0) || (SIZEOF (.vector_15) <= (_vector_spacing << 0x5))), function at exception vector 15 too large)

.vector_16      0x9fc01400        0x8
 *(.vector_16)
 .vector_16     0x9fc01400        0x8 c:/program files (x86)/microchip/xc32/v1.31/bin/../lib/gcc/pic32mx/4.5.2/../../../../pic32mx/lib\libpic32.a(vector16.o)
                0x9fc01400                __vector_dispatch_16
                0x00000001                ASSERT (((_vector_spacing == 0x0) || (SIZEOF (.vector_16) <= (_vector_spacing << 0x5))), function at exception vector 16 too large)

.vector_17      0x9fc01420        0x8
 *(.vector_17)
 .vector_17     0x9fc01420        0x8 c:/program files (x86)/microchip/xc32/v1.31/bin/../lib/gcc/pic32mx/4.5.2/../../../../pic32mx/lib\libpic32.a(vector17.o)
                0x9fc01420                __vector_dispatch_17
                0x00000001                ASSERT (((_vector_spacing == 0x0) || (SIZEOF (.vector_17) <= (_vector_spacing << 0x5))), function at exception vector 17 too large)

.vector_18      0x9fc01440        0x8
 *(.vector_18)
 .vector_18     0x9fc01440        0x8 c:/program files (x86)/microchip/xc32/v1.31/bin/../lib/gcc/pic32mx/4.5.2/../../../../pic32mx/lib\libpic32.a(vector18.o)
                0x9fc01440                __vector_dispatch_18
                0x00000001                ASSERT (((_vector_spacing == 0x0) || (SIZEOF (.vector_18) <= (_vector_spacing << 0x5))), function at exception vector 18 too large)

.vector_19      0x9fc01460        0x8
 *(.vector_19)
 .vector_19     0x9fc01460        0x8 c:/program files (x86)/microchip/xc32/v1.31/bin/../lib/gcc/pic32mx/4.5.2/../../../../pic32mx/lib\libpic32.a(vector19.o)
                0x9fc01460                __vector_dispatch_19
                0x00000001                ASSERT (((_vector_spacing == 0x0) || (SIZEOF (.vector_19) <= (_vector_spacing << 0x5))), function at exception vector 19 too large)

.vector_20      0x9fc01480        0x8
 *(.vector_20)
 .vector_20     0x9fc01480        0x8 c:/program files (x86)/microchip/xc32/v1.31/bin/../lib/gcc/pic32mx/4.5.2/../../../../pic32mx/lib\libpic32.a(vector20.o)
                0x9fc01480                __vector_dispatch_20
                0x00000001                ASSERT (((_vector_spacing == 0x0) || (SIZEOF (.vector_20) <= (_vector_spacing << 0x5))), function at exception vector 20 too large)

.vector_21      0x9fc014a0        0x8
 *(.vector_21)
 .vector_21     0x9fc014a0        0x8 c:/program files (x86)/microchip/xc32/v1.31/bin/../lib/gcc/pic32mx/4.5.2/../../../../pic32mx/lib\libpic32.a(vector21.o)
                0x9fc014a0                __vector_dispatch_21
                0x00000001                ASSERT (((_vector_spacing == 0x0) || (SIZEOF (.vector_21) <= (_vector_spacing << 0x5))), function at exception vector 21 too large)

.vector_22      0x9fc014c0        0x8
 *(.vector_22)
 .vector_22     0x9fc014c0        0x8 c:/program files (x86)/microchip/xc32/v1.31/bin/../lib/gcc/pic32mx/4.5.2/../../../../pic32mx/lib\libpic32.a(vector22.o)
                0x9fc014c0                __vector_dispatch_22
                0x00000001                ASSERT (((_vector_spacing == 0x0) || (SIZEOF (.vector_22) <= (_vector_spacing << 0x5))), function at exception vector 22 too large)

.vector_23      0x9fc014e0        0x8
 *(.vector_23)
 .vector_23     0x9fc014e0        0x8 c:/program files (x86)/microchip/xc32/v1.31/bin/../lib/gcc/pic32mx/4.5.2/../../../../pic32mx/lib\libpic32.a(vector23.o)
                0x9fc014e0                __vector_dispatch_23
                0x00000001                ASSERT (((_vector_spacing == 0x0) || (SIZEOF (.vector_23) <= (_vector_spacing << 0x5))), function at exception vector 23 too large)

.vector_24      0x9fc01500       0x10
 *(.vector_24)
 .vector_24     0x9fc01500       0x10 build/default/production/_ext/1688732426/system_interrupt_a.o
                0x9fc01500                __vector_dispatch_24
                0x00000001                ASSERT (((_vector_spacing == 0x0) || (SIZEOF (.vector_24) <= (_vector_spacing << 0x5))), function at exception vector 24 too large)

.vector_25      0x9fc01520        0x8
 *(.vector_25)
 .vector_25     0x9fc01520        0x8 c:/program files (x86)/microchip/xc32/v1.31/bin/../lib/gcc/pic32mx/4.5.2/../../../../pic32mx/lib\libpic32.a(vector25.o)
                0x9fc01520                __vector_dispatch_25
                0x00000001                ASSERT (((_vector_spacing == 0x0) || (SIZEOF (.vector_25) <= (_vector_spacing << 0x5))), function at exception vector 25 too large)

.vector_26      0x9fc01540        0x8
 *(.vector_26)
 .vector_26     0x9fc01540        0x8 c:/program files (x86)/microchip/xc32/v1.31/bin/../lib/gcc/pic32mx/4.5.2/../../../../pic32mx/lib\libpic32.a(vector26.o)
                0x9fc01540                __vector_dispatch_26
                0x00000001                ASSERT (((_vector_spacing == 0x0) || (SIZEOF (.vector_26) <= (_vector_spacing << 0x5))), function at exception vector 26 too large)

.vector_27      0x9fc01560       0x10
 *(.vector_27)
 .vector_27     0x9fc01560       0x10 build/default/production/_ext/1688732426/system_interrupt_a.o
                0x9fc01560                __vector_dispatch_27
                0x00000001                ASSERT (((_vector_spacing == 0x0) || (SIZEOF (.vector_27) <= (_vector_spacing << 0x5))), function at exception vector 27 too large)

.vector_28      0x9fc01580        0x8
 *(.vector_28)
 .vector_28     0x9fc01580        0x8 c:/program files (x86)/microchip/xc32/v1.31/bin/../lib/gcc/pic32mx/4.5.2/../../../../pic32mx/lib\libpic32.a(vector28.o)
                0x9fc01580                __vector_dispatch_28
                0x00000001                ASSERT (((_vector_spacing == 0x0) || (SIZEOF (.vector_28) <= (_vector_spacing << 0x5))), function at exception vector 28 too large)

.vector_29      0x9fc015a0        0x8
 *(.vector_29)
 .vector_29     0x9fc015a0        0x8 c:/program files (x86)/microchip/xc32/v1.31/bin/../lib/gcc/pic32mx/4.5.2/../../../../pic32mx/lib\libpic32.a(vector29.o)
                0x9fc015a0                __vector_dispatch_29
                0x00000001                ASSERT (((_vector_spacing == 0x0) || (SIZEOF (.vector_29) <= (_vector_spacing << 0x5))), function at exception vector 29 too large)

.vector_30      0x9fc015c0        0x8
 *(.vector_30)
 .vector_30     0x9fc015c0        0x8 c:/program files (x86)/microchip/xc32/v1.31/bin/../lib/gcc/pic32mx/4.5.2/../../../../pic32mx/lib\libpic32.a(vector30.o)
                0x9fc015c0                __vector_dispatch_30
                0x00000001                ASSERT (((_vector_spacing == 0x0) || (SIZEOF (.vector_30) <= (_vector_spacing << 0x5))), function at exception vector 30 too large)

.vector_31      0x9fc015e0        0x8
 *(.vector_31)
 .vector_31     0x9fc015e0        0x8 c:/program files (x86)/microchip/xc32/v1.31/bin/../lib/gcc/pic32mx/4.5.2/../../../../pic32mx/lib\libpic32.a(vector31.o)
                0x9fc015e0                __vector_dispatch_31
                0x00000001                ASSERT (((_vector_spacing == 0x0) || (SIZEOF (.vector_31) <= (_vector_spacing << 0x5))), function at exception vector 31 too large)

.vector_32      0x9fc01600        0x8
 *(.vector_32)
 .vector_32     0x9fc01600        0x8 c:/program files (x86)/microchip/xc32/v1.31/bin/../lib/gcc/pic32mx/4.5.2/../../../../pic32mx/lib\libpic32.a(vector32.o)
                0x9fc01600                __vector_dispatch_32
                0x00000001                ASSERT (((_vector_spacing == 0x0) || (SIZEOF (.vector_32) <= (_vector_spacing << 0x5))), function at exception vector 32 too large)

.vector_33      0x9fc01620        0x8
 *(.vector_33)
 .vector_33     0x9fc01620        0x8 c:/program files (x86)/microchip/xc32/v1.31/bin/../lib/gcc/pic32mx/4.5.2/../../../../pic32mx/lib\libpic32.a(vector33.o)
                0x9fc01620                __vector_dispatch_33
                0x00000001                ASSERT (((_vector_spacing == 0x0) || (SIZEOF (.vector_33) <= (_vector_spacing << 0x5))), function at exception vector 33 too large)

.vector_34      0x9fc01640        0x8
 *(.vector_34)
 .vector_34     0x9fc01640        0x8 c:/program files (x86)/microchip/xc32/v1.31/bin/../lib/gcc/pic32mx/4.5.2/../../../../pic32mx/lib\libpic32.a(vector34.o)
                0x9fc01640                __vector_dispatch_34
                0x00000001                ASSERT (((_vector_spacing == 0x0) || (SIZEOF (.vector_34) <= (_vector_spacing << 0x5))), function at exception vector 34 too large)

.vector_35      0x9fc01660        0x8
 *(.vector_35)
 .vector_35     0x9fc01660        0x8 c:/program files (x86)/microchip/xc32/v1.31/bin/../lib/gcc/pic32mx/4.5.2/../../../../pic32mx/lib\libpic32.a(vector35.o)
                0x9fc01660                __vector_dispatch_35
                0x00000001                ASSERT (((_vector_spacing == 0x0) || (SIZEOF (.vector_35) <= (_vector_spacing << 0x5))), function at exception vector 35 too large)

.vector_36      0x9fc01680        0x8
 *(.vector_36)
 .vector_36     0x9fc01680        0x8 c:/program files (x86)/microchip/xc32/v1.31/bin/../lib/gcc/pic32mx/4.5.2/../../../../pic32mx/lib\libpic32.a(vector36.o)
                0x9fc01680                __vector_dispatch_36
                0x00000001                ASSERT (((_vector_spacing == 0x0) || (SIZEOF (.vector_36) <= (_vector_spacing << 0x5))), function at exception vector 36 too large)

.vector_37      0x9fc016a0        0x8
 *(.vector_37)
 .vector_37     0x9fc016a0        0x8 c:/program files (x86)/microchip/xc32/v1.31/bin/../lib/gcc/pic32mx/4.5.2/../../../../pic32mx/lib\libpic32.a(vector37.o)
                0x9fc016a0                __vector_dispatch_37
                0x00000001                ASSERT (((_vector_spacing == 0x0) || (SIZEOF (.vector_37) <= (_vector_spacing << 0x5))), function at exception vector 37 too large)

.vector_38      0x9fc016c0        0x8
 *(.vector_38)
 .vector_38     0x9fc016c0        0x8 c:/program files (x86)/microchip/xc32/v1.31/bin/../lib/gcc/pic32mx/4.5.2/../../../../pic32mx/lib\libpic32.a(vector38.o)
                0x9fc016c0                __vector_dispatch_38
                0x00000001                ASSERT (((_vector_spacing == 0x0) || (SIZEOF (.vector_38) <= (_vector_spacing << 0x5))), function at exception vector 38 too large)

.vector_39      0x9fc016e0        0x8
 *(.vector_39)
 .vector_39     0x9fc016e0        0x8 c:/program files (x86)/microchip/xc32/v1.31/bin/../lib/gcc/pic32mx/4.5.2/../../../../pic32mx/lib\libpic32.a(vector39.o)
                0x9fc016e0                __vector_dispatch_39
                0x00000001                ASSERT (((_vector_spacing == 0x0) || (SIZEOF (.vector_39) <= (_vector_spacing << 0x5))), function at exception vector 39 too large)

.vector_40      0x9fc01700        0x8
 *(.vector_40)
 .vector_40     0x9fc01700        0x8 c:/program files (x86)/microchip/xc32/v1.31/bin/../lib/gcc/pic32mx/4.5.2/../../../../pic32mx/lib\libpic32.a(vector40.o)
                0x9fc01700                __vector_dispatch_40
                0x00000001                ASSERT (((_vector_spacing == 0x0) || (SIZEOF (.vector_40) <= (_vector_spacing << 0x5))), function at exception vector 40 too large)

.vector_41      0x9fc01720        0x8
 *(.vector_41)
 .vector_41     0x9fc01720        0x8 c:/program files (x86)/microchip/xc32/v1.31/bin/../lib/gcc/pic32mx/4.5.2/../../../../pic32mx/lib\libpic32.a(vector41.o)
                0x9fc01720                __vector_dispatch_41
                0x00000001                ASSERT (((_vector_spacing == 0x0) || (SIZEOF (.vector_41) <= (_vector_spacing << 0x5))), function at exception vector 41 too large)

.vector_42      0x9fc01740        0x8
 *(.vector_42)
 .vector_42     0x9fc01740        0x8 c:/program files (x86)/microchip/xc32/v1.31/bin/../lib/gcc/pic32mx/4.5.2/../../../../pic32mx/lib\libpic32.a(vector42.o)
                0x9fc01740                __vector_dispatch_42
                0x00000001                ASSERT (((_vector_spacing == 0x0) || (SIZEOF (.vector_42) <= (_vector_spacing << 0x5))), function at exception vector 42 too large)

.vector_43      0x9fc01760        0x8
 *(.vector_43)
 .vector_43     0x9fc01760        0x8 c:/program files (x86)/microchip/xc32/v1.31/bin/../lib/gcc/pic32mx/4.5.2/../../../../pic32mx/lib\libpic32.a(vector43.o)
                0x9fc01760                __vector_dispatch_43
                0x00000001                ASSERT (((_vector_spacing == 0x0) || (SIZEOF (.vector_43) <= (_vector_spacing << 0x5))), function at exception vector 43 too large)

.vector_44      0x9fc01780        0x8
 *(.vector_44)
 .vector_44     0x9fc01780        0x8 c:/program files (x86)/microchip/xc32/v1.31/bin/../lib/gcc/pic32mx/4.5.2/../../../../pic32mx/lib\libpic32.a(vector44.o)
                0x9fc01780                __vector_dispatch_44
                0x00000001                ASSERT (((_vector_spacing == 0x0) || (SIZEOF (.vector_44) <= (_vector_spacing << 0x5))), function at exception vector 44 too large)

.vector_45      0x9fc017a0        0x8
 *(.vector_45)
 .vector_45     0x9fc017a0        0x8 c:/program files (x86)/microchip/xc32/v1.31/bin/../lib/gcc/pic32mx/4.5.2/../../../../pic32mx/lib\libpic32.a(vector45.o)
                0x9fc017a0                __vector_dispatch_45
                0x00000001                ASSERT (((_vector_spacing == 0x0) || (SIZEOF (.vector_45) <= (_vector_spacing << 0x5))), function at exception vector 45 too large)

.vector_46      0x9fc017c0        0x8
 *(.vector_46)
 .vector_46     0x9fc017c0        0x8 c:/program files (x86)/microchip/xc32/v1.31/bin/../lib/gcc/pic32mx/4.5.2/../../../../pic32mx/lib\libpic32.a(vector46.o)
                0x9fc017c0                __vector_dispatch_46
                0x00000001                ASSERT (((_vector_spacing == 0x0) || (SIZEOF (.vector_46) <= (_vector_spacing << 0x5))), function at exception vector 46 too large)

.vector_47      0x9fc017e0        0x8
 *(.vector_47)
 .vector_47     0x9fc017e0        0x8 c:/program files (x86)/microchip/xc32/v1.31/bin/../lib/gcc/pic32mx/4.5.2/../../../../pic32mx/lib\libpic32.a(vector47.o)
                0x9fc017e0                __vector_dispatch_47
                0x00000001                ASSERT (((_vector_spacing == 0x0) || (SIZEOF (.vector_47) <= (_vector_spacing << 0x5))), function at exception vector 47 too large)

.vector_48      0x9fc01800        0x8
 *(.vector_48)
 .vector_48     0x9fc01800        0x8 c:/program files (x86)/microchip/xc32/v1.31/bin/../lib/gcc/pic32mx/4.5.2/../../../../pic32mx/lib\libpic32.a(vector48.o)
                0x9fc01800                __vector_dispatch_48
                0x00000001                ASSERT (((_vector_spacing == 0x0) || (SIZEOF (.vector_48) <= (_vector_spacing << 0x5))), function at exception vector 48 too large)

.vector_49      0x9fc01820        0x8
 *(.vector_49)
 .vector_49     0x9fc01820        0x8 c:/program files (x86)/microchip/xc32/v1.31/bin/../lib/gcc/pic32mx/4.5.2/../../../../pic32mx/lib\libpic32.a(vector49.o)
                0x9fc01820                __vector_dispatch_49
                0x00000001                ASSERT (((_vector_spacing == 0x0) || (SIZEOF (.vector_49) <= (_vector_spacing << 0x5))), function at exception vector 49 too large)

.vector_50      0x9fc01840        0x8
 *(.vector_50)
 .vector_50     0x9fc01840        0x8 c:/program files (x86)/microchip/xc32/v1.31/bin/../lib/gcc/pic32mx/4.5.2/../../../../pic32mx/lib\libpic32.a(vector50.o)
                0x9fc01840                __vector_dispatch_50
                0x00000001                ASSERT (((_vector_spacing == 0x0) || (SIZEOF (.vector_50) <= (_vector_spacing << 0x5))), function at exception vector 50 too large)

.vector_51      0x9fc01860        0x8
 *(.vector_51)
 .vector_51     0x9fc01860        0x8 c:/program files (x86)/microchip/xc32/v1.31/bin/../lib/gcc/pic32mx/4.5.2/../../../../pic32mx/lib\libpic32.a(vector51.o)
                0x9fc01860                __vector_dispatch_51
                0x00000001                ASSERT (((_vector_spacing == 0x0) || (SIZEOF (.vector_51) <= (_vector_spacing << 0x5))), function at exception vector 51 too large)

.vector_52      0x9fc01880        0x8
 *(.vector_52)
 .vector_52     0x9fc01880        0x8 c:/program files (x86)/microchip/xc32/v1.31/bin/../lib/gcc/pic32mx/4.5.2/../../../../pic32mx/lib\libpic32.a(vector52.o)
                0x9fc01880                __vector_dispatch_52
                0x00000001                ASSERT (((_vector_spacing == 0x0) || (SIZEOF (.vector_52) <= (_vector_spacing << 0x5))), function at exception vector 52 too large)

.vector_53      0x9fc018a0        0x8
 *(.vector_53)
 .vector_53     0x9fc018a0        0x8 c:/program files (x86)/microchip/xc32/v1.31/bin/../lib/gcc/pic32mx/4.5.2/../../../../pic32mx/lib\libpic32.a(vector53.o)
                0x9fc018a0                __vector_dispatch_53
                0x00000001                ASSERT (((_vector_spacing == 0x0) || (SIZEOF (.vector_53) <= (_vector_spacing << 0x5))), function at exception vector 53 too large)

.vector_54      0x9fc018c0        0x8
 *(.vector_54)
 .vector_54     0x9fc018c0        0x8 c:/program files (x86)/microchip/xc32/v1.31/bin/../lib/gcc/pic32mx/4.5.2/../../../../pic32mx/lib\libpic32.a(vector54.o)
                0x9fc018c0                __vector_dispatch_54
                0x00000001                ASSERT (((_vector_spacing == 0x0) || (SIZEOF (.vector_54) <= (_vector_spacing << 0x5))), function at exception vector 54 too large)

.vector_55      0x9fc018e0        0x8
 *(.vector_55)
 .vector_55     0x9fc018e0        0x8 c:/program files (x86)/microchip/xc32/v1.31/bin/../lib/gcc/pic32mx/4.5.2/../../../../pic32mx/lib\libpic32.a(vector55.o)
                0x9fc018e0                __vector_dispatch_55
                0x00000001                ASSERT (((_vector_spacing == 0x0) || (SIZEOF (.vector_55) <= (_vector_spacing << 0x5))), function at exception vector 55 too large)

.vector_56      0x9fc01900        0x8
 *(.vector_56)
 .vector_56     0x9fc01900        0x8 c:/program files (x86)/microchip/xc32/v1.31/bin/../lib/gcc/pic32mx/4.5.2/../../../../pic32mx/lib\libpic32.a(vector56.o)
                0x9fc01900                __vector_dispatch_56
                0x00000001                ASSERT (((_vector_spacing == 0x0) || (SIZEOF (.vector_56) <= (_vector_spacing << 0x5))), function at exception vector 56 too large)

.vector_57      0x9fc01920        0x8
 *(.vector_57)
 .vector_57     0x9fc01920        0x8 c:/program files (x86)/microchip/xc32/v1.31/bin/../lib/gcc/pic32mx/4.5.2/../../../../pic32mx/lib\libpic32.a(vector57.o)
                0x9fc01920                __vector_dispatch_57
                0x00000001                ASSERT (((_vector_spacing == 0x0) || (SIZEOF (.vector_57) <= (_vector_spacing << 0x5))), function at exception vector 57 too large)

.vector_58      0x9fc01940        0x8
 *(.vector_58)
 .vector_58     0x9fc01940        0x8 c:/program files (x86)/microchip/xc32/v1.31/bin/../lib/gcc/pic32mx/4.5.2/../../../../pic32mx/lib\libpic32.a(vector58.o)
                0x9fc01940                __vector_dispatch_58
                0x00000001                ASSERT (((_vector_spacing == 0x0) || (SIZEOF (.vector_58) <= (_vector_spacing << 0x5))), function at exception vector 58 too large)

.vector_59      0x9fc01960        0x8
 *(.vector_59)
 .vector_59     0x9fc01960        0x8 c:/program files (x86)/microchip/xc32/v1.31/bin/../lib/gcc/pic32mx/4.5.2/../../../../pic32mx/lib\libpic32.a(vector59.o)
                0x9fc01960                __vector_dispatch_59
                0x00000001                ASSERT (((_vector_spacing == 0x0) || (SIZEOF (.vector_59) <= (_vector_spacing << 0x5))), function at exception vector 59 too large)

.vector_60      0x9fc01980        0x8
 *(.vector_60)
 .vector_60     0x9fc01980        0x8 c:/program files (x86)/microchip/xc32/v1.31/bin/../lib/gcc/pic32mx/4.5.2/../../../../pic32mx/lib\libpic32.a(vector60.o)
                0x9fc01980                __vector_dispatch_60
                0x00000001                ASSERT (((_vector_spacing == 0x0) || (SIZEOF (.vector_60) <= (_vector_spacing << 0x5))), function at exception vector 60 too large)

.vector_61      0x9fc019a0        0x8
 *(.vector_61)
 .vector_61     0x9fc019a0        0x8 c:/program files (x86)/microchip/xc32/v1.31/bin/../lib/gcc/pic32mx/4.5.2/../../../../pic32mx/lib\libpic32.a(vector61.o)
                0x9fc019a0                __vector_dispatch_61
                0x00000001                ASSERT (((_vector_spacing == 0x0) || (SIZEOF (.vector_61) <= (_vector_spacing << 0x5))), function at exception vector 61 too large)

.vector_62      0x9fc019c0        0x8
 *(.vector_62)
 .vector_62     0x9fc019c0        0x8 c:/program files (x86)/microchip/xc32/v1.31/bin/../lib/gcc/pic32mx/4.5.2/../../../../pic32mx/lib\libpic32.a(vector62.o)
                0x9fc019c0                __vector_dispatch_62
                0x00000001                ASSERT (((_vector_spacing == 0x0) || (SIZEOF (.vector_62) <= (_vector_spacing << 0x5))), function at exception vector 62 too large)

.vector_63      0x9fc019e0        0x8
 *(.vector_63)
 .vector_63     0x9fc019e0        0x8 c:/program files (x86)/microchip/xc32/v1.31/bin/../lib/gcc/pic32mx/4.5.2/../../../../pic32mx/lib\libpic32.a(vector63.o)
                0x9fc019e0                __vector_dispatch_63
                0x00000001                ASSERT (((_vector_spacing == 0x0) || (SIZEOF (.vector_63) <= (_vector_spacing << 0x5))), function at exception vector 63 too large)

.startup
 *(.startup)

.text           0x9d000000        0x0
 *(.stub .gnu.linkonce.t.*)
 *(.text.*personality*)
 *(.mips16.fn.*)
 *(.mips16.call.*)
 *(.gnu.warning)
                0x9d000000                . = ALIGN (0x4)

.init           0x9d000000        0x0
 *crti.o(.init)
 *crtbegin.o(.init)
 *(EXCLUDE_FILE(*crtn.o *crtend?.o *crtend.o) .init)
 *crtend.o(.init)
 *crtn.o(.init)
                0x9d000000                . = ALIGN (0x4)

.fini           0x9d000000        0x0
 *(.fini)
                0x9d000000                . = ALIGN (0x4)

.preinit_array  0x9d000000        0x0
                0x9d000000                PROVIDE (__preinit_array_start, .)
 *(.preinit_array)
                0x9d000000                PROVIDE (__preinit_array_end, .)
                0x9d000000                . = ALIGN (0x4)

.init_array     0x9d000000        0x0
                0x9d000000                PROVIDE (__init_array_start, .)
 *(SORT(.init_array.*))
 *(.init_array)
                0x9d000000                PROVIDE (__init_array_end, .)
                0x9d000000                . = ALIGN (0x4)

.fini_array     0x9d000000        0x0
                0x9d000000                PROVIDE (__fini_array_start, .)
 *(SORT(.fini_array.*))
 *(.fini_array)
                0x9d000000                PROVIDE (__fini_array_end, .)
                0x9d000000                . = ALIGN (0x4)

.ctors          0x9d000000        0x0
 *crtbegin.o(.ctors)
 *crtbegin?.o(.ctors)
 *(EXCLUDE_FILE(*crtend?.o *crtend.o) .ctors)
 *(SORT(.ctors.*))
 *(.ctors)
                0x9d000000                . = ALIGN (0x4)

.dtors          0x9d000000        0x0
 *crtbegin.o(.dtors)
 *crtbegin?.o(.dtors)
 *(EXCLUDE_FILE(*crtend?.o *crtend.o) .dtors)
 *(SORT(.dtors.*))
 *(.dtors)
                0x9d000000                . = ALIGN (0x4)

.rodata         0x9d000000        0x0
 *(.gnu.linkonce.r.*)
 *(.rodata1)
                0x9d000000                . = ALIGN (0x4)

.sdata2         0x9fc00490        0x0
 *(.sdata2 .sdata2.* .gnu.linkonce.s2.*)
                0x9fc00490                . = ALIGN (0x4)

.sbss2          0x9fc00490        0x0
 *(.sbss2 .sbss2.* .gnu.linkonce.sb2.*)
                0x9fc00490                . = ALIGN (0x4)

.eh_frame_hdr
 *(.eh_frame_hdr)
                0x9fc00490                . = ALIGN (0x4)

.eh_frame
 *(.eh_frame)
                0x9fc00490                . = ALIGN (0x4)

.gcc_except_table
 *(.gcc_except_table .gcc_except_table.*)
                0x9fc00490                . = ALIGN (0x4)

.dbg_data       0xa0000000        0x0
                0xa0000000                . = (. + DEFINED (_DEBUGGER)?0x200:0x0)

.jcr            0xa0000000        0x0
 *(.jcr)
                0xa0000000                . = ALIGN (0x4)

.eh_frame
 *(.eh_frame)
                0xa0000000                . = ALIGN (0x4)

.gcc_except_table
 *(.gcc_except_table .gcc_except_table.*)
                0xa0000000                . = ALIGN (0x4)

.persist        0xa0000000        0x0
                0xa0000000                _persist_begin = .
 *(.persist .persist.*)
 *(.pbss .pbss.*)
                0xa0000000                . = ALIGN (0x4)
                0xa0000000                _persist_end = .

.data           0xa0000000        0x0
 *(.gnu.linkonce.d.*)
 *(.data1)
                0xa0000000                . = ALIGN (0x4)
                0xa0000000                . = .
                0xa0007ff0                _gp = (ALIGN (0x10) + 0x7ff0)

.got            0xa0000000        0x0
 *(.got.plt)
 *(.got)
                0xa0000000                . = ALIGN (0x4)

.sdata          0xa0000000        0x8
                0xa0000000                _sdata_begin = .
 *(.sdata .sdata.* .gnu.linkonce.s.*)
 .sdata         0xa0000000        0x4 build/default/production/_ext/630015897/port.o
                0xa0000000                uxInterruptNesting
 .sdata         0xa0000004        0x4 build/default/production/_ext/8958737/tasks.o
                0xa0000008                . = ALIGN (0x4)
                0xa0000008                _sdata_end = .

.lit8
 *(.lit8)

.lit4
 *(.lit4)
                0xa0000008                . = ALIGN (0x4)
                0xa0000008                _data_end = .
                0xa0000008                _bss_begin = .

.sbss           0xa0000008       0xa8
                0xa0000008                _sbss_begin = .
 *(.dynsbss)
 *(.sbss .sbss.* .gnu.linkonce.sb.*)
 .sbss          0xa0000008        0x2 build/default/production/_ext/1688732426/system_interrupt.o
                0xa0000008                bytesRecvd
 *fill*         0xa000000a        0x2 
 .sbss          0xa000000c        0xc build/default/production/_ext/1688732426/system_exceptions.o
 .sbss          0xa0000018        0x2 build/default/production/_ext/1360937237/control.o
                0xa0000018                counter
 .sbss          0xa000001a        0x2 build/default/production/_ext/1360937237/timer1Callback.o
                0xa000001a                change
 .sbss          0xa000001c        0x8 build/default/production/_ext/1920397356/heap_1.o
 .sbss          0xa0000024        0x4 build/default/production/_ext/630015897/port.o
                0xa0000024                uxSavedTaskStackPointer
 .sbss          0xa0000028       0x34 build/default/production/_ext/8958737/tasks.o
                0xa0000028                pxCurrentTCB
 .sbss          0xa000005c       0x10 build/default/production/_ext/8958737/timers.o
 *(.scommon)
 .scommon       0xa000006c       0x14 build/default/production/_ext/1345626252/drv_usart_static.o
                0xa000006c                xTimer1
                0xa0000070                xQueueADC
                0xa0000074                transmitQueue
                0xa0000078                controlQueue
                0xa000007c                motorQueue
 .scommon       0xa0000080        0x0 build/default/production/_ext/639803181/sys_clk_static.o
 .scommon       0xa0000080        0x4 build/default/production/_ext/1688732426/system_init.o
                0xa0000080                sysObj
 .scommon       0xa0000084        0x9 build/default/production/_ext/1688732426/system_interrupt.o
                0xa0000084                received
                0xa0000088                sending
                0xa000008c                recvByte
 .scommon       0xa000008d        0x0 build/default/production/_ext/1688732426/system_exceptions.o
 .scommon       0xa000008d        0x0 build/default/production/_ext/1688732426/system_tasks.o
 *fill*         0xa000008d        0x3 
 .scommon       0xa0000090        0xc build/default/production/_ext/1360937237/control.o
                0xa0000090                controlData
                0xa0000094                ctrlMsgRecv
                0xa0000098                ctrlMsgSend
 .scommon       0xa000009c        0x4 build/default/production/_ext/1360937237/motor.o
                0xa000009c                motorData
 .scommon       0xa00000a0        0x8 build/default/production/_ext/1360937237/sensor.o
                0xa00000a0                sensorData
                0xa00000a4                sensorMsg
 .scommon       0xa00000a8        0x0 build/default/production/_ext/1360937237/timer1Callback.o
 .scommon       0xa00000a8        0x8 build/default/production/_ext/394875440/sys_devcon.o
                0xa00000a8                sysDevconObj
 .scommon       0xa00000b0        0x0 build/default/production/_ext/1360937237/usart.o
 .scommon       0xa00000b0        0x0 build/default/production/_ext/1360937237/debug.o
                0xa00000b0                _sbss_end = .
                0xa00000b0                . = ALIGN (0x4)

.bss            0xa00000b0        0x0
 *(.dynbss)
 *(COMMON)
                0xa00000b0                . = ALIGN ((. != 0x0)?0x4:0x1)
                0xa00000b0                . = ALIGN (0x4)
                0xa00000b0                _end = .
                0xa00000b0                _bss_end = .
                0x00020000                _bmxdudba_address = 0x20000
                0x00020000                _bmxdupba_address = 0x20000

/DISCARD/
 *(.pdr)
 *(.rel.dyn)
 *(.note.GNU-stack)
 *(.note.GNU-stack)
 *(.gnu_debuglink)
 *(.gnu.lto_*)
 *(.discard)

.gptab.sdata
 *(.gptab.data)
 *(.gptab.sdata)

.gptab.sbss
 *(.gptab.bss)
 *(.gptab.sbss)

.mdebug.abi32   0xa00000b0        0x0
 *(.mdebug.abi32)
 .mdebug.abi32  0xa00000b0        0x0 build/default/production/_ext/1361460060/drv_adc_static.o
 .mdebug.abi32  0xa00000b0        0x0 build/default/production/_ext/1345626252/drv_usart_static.o
 .mdebug.abi32  0xa00000b0        0x0 build/default/production/_ext/639803181/sys_clk_static.o
 .mdebug.abi32  0xa00000b0        0x0 build/default/production/_ext/822048611/sys_ports_static.o
 .mdebug.abi32  0xa00000b0        0x0 build/default/production/_ext/1688732426/system_init.o
 .mdebug.abi32  0xa00000b0        0x0 build/default/production/_ext/1688732426/system_interrupt.o
 .mdebug.abi32  0xa00000b0        0x0 build/default/production/_ext/1688732426/system_exceptions.o
 .mdebug.abi32  0xa00000b0        0x0 build/default/production/_ext/1688732426/system_tasks.o
 .mdebug.abi32  0xa00000b0        0x0 build/default/production/_ext/1688732426/rtos_hooks.o
 .mdebug.abi32  0xa00000b0        0x0 build/default/production/_ext/1360937237/control.o
 .mdebug.abi32  0xa00000b0        0x0 build/default/production/_ext/1360937237/motor.o
 .mdebug.abi32  0xa00000b0        0x0 build/default/production/_ext/1360937237/sensor.o
 .mdebug.abi32  0xa00000b0        0x0 build/default/production/_ext/1360937237/main.o
 .mdebug.abi32  0xa00000b0        0x0 build/default/production/_ext/1360937237/timer1Callback.o
 .mdebug.abi32  0xa00000b0        0x0 build/default/production/_ext/1737654518/osal_freertos.o
 .mdebug.abi32  0xa00000b0        0x0 build/default/production/_ext/394875440/sys_devcon.o
 .mdebug.abi32  0xa00000b0        0x0 build/default/production/_ext/394875440/sys_devcon_pic32mx.o
 .mdebug.abi32  0xa00000b0        0x0 build/default/production/_ext/312783478/sys_int_pic32.o
 .mdebug.abi32  0xa00000b0        0x0 build/default/production/_ext/2111169689/sys_ports.o
 .mdebug.abi32  0xa00000b0        0x0 build/default/production/_ext/1920397356/heap_1.o
 .mdebug.abi32  0xa00000b0        0x0 build/default/production/_ext/630015897/port.o
 .mdebug.abi32  0xa00000b0        0x0 build/default/production/_ext/8958737/croutine.o
 .mdebug.abi32  0xa00000b0        0x0 build/default/production/_ext/8958737/list.o
 .mdebug.abi32  0xa00000b0        0x0 build/default/production/_ext/8958737/queue.o
 .mdebug.abi32  0xa00000b0        0x0 build/default/production/_ext/8958737/tasks.o
 .mdebug.abi32  0xa00000b0        0x0 build/default/production/_ext/8958737/timers.o
 .mdebug.abi32  0xa00000b0        0x0 build/default/production/_ext/8958737/event_groups.o
 .mdebug.abi32  0xa00000b0        0x0 build/default/production/_ext/1360937237/usart.o
 .mdebug.abi32  0xa00000b0        0x0 build/default/production/_ext/1360937237/debug.o
 .mdebug.abi32  0xa00000b0        0x0 c:/program files (x86)/microchip/xc32/v1.31/bin/../lib/gcc/pic32mx/4.5.2/../../../../pic32mx/lib\libpic32.a(default-bootstrap-exception-handler.o)
 .mdebug.abi32  0xa00000b0        0x0 c:/program files (x86)/microchip/xc32/v1.31/bin/../lib/gcc/pic32mx/4.5.2/../../../../pic32mx/lib\libpic32.a(default-on-reset.o)
 .mdebug.abi32  0xa00000b0        0x0 c:/program files (x86)/microchip/xc32/v1.31/bin/../lib/gcc/pic32mx/4.5.2/../../../../pic32mx/lib\libpic32.a(default-on-bootstrap.o)
 .mdebug.abi32  0xa00000b0        0x0 c:/program files (x86)/microchip/xc32/v1.31/bin/../lib/gcc/pic32mx/4.5.2/../../../../pic32mx/lib\libpic32.a(defaultinterrupt.o)

.mdebug.abiN32
 *(.mdebug.abiN32)

.mdebug.abi64
 *(.mdebug.abi64)

.mdebug.abiO64
 *(.mdebug.abiO64)

.mdebug.eabi32
 *(.mdebug.eabi32)

.mdebug.eabi64
 *(.mdebug.eabi64)

.gcc_compiled_long32
 *(.gcc_compiled_long32)

.gcc_compiled_long64
 *(.gcc_compiled_long64)

.stab
 *(.stab)

.stabstr
 *(.stabstr)

.stab.excl
 *(.stab.excl)

.stab.exclstr
 *(.stab.exclstr)

.stab.index
 *(.stab.index)

.stab.indexstr
 *(.stab.indexstr)

.comment        0x00000000       0xa8
 *(.comment)
 .comment       0x00000000       0x3c build/default/production/_ext/1361460060/drv_adc_static.o
                                 0x3d (size before relaxing)
 .comment       0x00000000       0x3d build/default/production/_ext/1345626252/drv_usart_static.o
 .comment       0x00000000       0x3d build/default/production/_ext/639803181/sys_clk_static.o
 .comment       0x00000000       0x3d build/default/production/_ext/822048611/sys_ports_static.o
 .comment       0x00000000       0x3d build/default/production/_ext/1688732426/system_init.o
 .comment       0x00000000       0x3d build/default/production/_ext/1688732426/system_interrupt.o
 .comment       0x00000000       0x3d build/default/production/_ext/1688732426/system_exceptions.o
 .comment       0x00000000       0x3d build/default/production/_ext/1688732426/system_tasks.o
 .comment       0x00000000       0x3d build/default/production/_ext/1688732426/rtos_hooks.o
 .comment       0x00000000       0x3d build/default/production/_ext/1360937237/control.o
 .comment       0x00000000       0x3d build/default/production/_ext/1360937237/motor.o
 .comment       0x00000000       0x3d build/default/production/_ext/1360937237/sensor.o
 .comment       0x00000000       0x3d build/default/production/_ext/1360937237/main.o
 .comment       0x00000000       0x3d build/default/production/_ext/1360937237/timer1Callback.o
 .comment       0x00000000       0x3d build/default/production/_ext/1737654518/osal_freertos.o
 .comment       0x00000000       0x3d build/default/production/_ext/394875440/sys_devcon.o
 .comment       0x00000000       0x3d build/default/production/_ext/394875440/sys_devcon_pic32mx.o
 .comment       0x00000000       0x3d build/default/production/_ext/312783478/sys_int_pic32.o
 .comment       0x00000000       0x3d build/default/production/_ext/2111169689/sys_ports.o
 .comment       0x00000000       0x3d build/default/production/_ext/1920397356/heap_1.o
 .comment       0x00000000       0x3d build/default/production/_ext/630015897/port.o
 .comment       0x00000000       0x3d build/default/production/_ext/8958737/croutine.o
 .comment       0x00000000       0x3d build/default/production/_ext/8958737/list.o
 .comment       0x00000000       0x3d build/default/production/_ext/8958737/queue.o
 .comment       0x00000000       0x3d build/default/production/_ext/8958737/tasks.o
 .comment       0x00000000       0x3d build/default/production/_ext/8958737/timers.o
 .comment       0x00000000       0x3d build/default/production/_ext/8958737/event_groups.o
 .comment       0x00000000       0x3d build/default/production/_ext/1360937237/usart.o
 .comment       0x00000000       0x3d build/default/production/_ext/1360937237/debug.o
 .comment       0x0000003c       0x18 c:/program files (x86)/microchip/xc32/v1.31/bin/../lib/gcc/pic32mx/4.5.2/../../../../pic32mx/lib\libpic32.a(memcmp.o)
                                 0x19 (size before relaxing)
 .comment       0x00000054       0x18 c:/program files (x86)/microchip/xc32/v1.31/bin/../lib/gcc/pic32mx/4.5.2/../../../../pic32mx/lib\libpic32.a(memset.o)
                                 0x19 (size before relaxing)
 .comment       0x0000006c       0x3c c:/program files (x86)/microchip/xc32/v1.31/bin/../lib/gcc/pic32mx/4.5.2/../../../../pic32mx/lib\libpic32.a(default-bootstrap-exception-handler.o)
                                 0x3d (size before relaxing)
 .comment       0x00000000       0x3d c:/program files (x86)/microchip/xc32/v1.31/bin/../lib/gcc/pic32mx/4.5.2/../../../../pic32mx/lib\libpic32.a(default-on-reset.o)
 .comment       0x00000000       0x3d c:/program files (x86)/microchip/xc32/v1.31/bin/../lib/gcc/pic32mx/4.5.2/../../../../pic32mx/lib\libpic32.a(default-on-bootstrap.o)
 .comment       0x00000000       0x3d c:/program files (x86)/microchip/xc32/v1.31/bin/../lib/gcc/pic32mx/4.5.2/../../../../pic32mx/lib\libpic32.a(defaultinterrupt.o)

.debug
 *(.debug)

.line
 *(.line)

.debug_srcinfo
 *(.debug_srcinfo)

.debug_sfnames
 *(.debug_sfnames)

.debug_aranges  0x00000000      0x9e8
 *(.debug_aranges)
 .debug_aranges
                0x00000000       0x78 build/default/production/_ext/1361460060/drv_adc_static.o
 .debug_aranges
                0x00000078       0x38 build/default/production/_ext/1345626252/drv_usart_static.o
 .debug_aranges
                0x000000b0       0x38 build/default/production/_ext/639803181/sys_clk_static.o
 .debug_aranges
                0x000000e8       0x20 build/default/production/_ext/822048611/sys_ports_static.o
 .debug_aranges
                0x00000108       0x20 build/default/production/_ext/1688732426/system_init.o
 .debug_aranges
                0x00000128       0x28 build/default/production/_ext/1688732426/system_interrupt.o
 .debug_aranges
                0x00000150       0x20 build/default/production/_ext/1688732426/system_exceptions.o
 .debug_aranges
                0x00000170       0x40 build/default/production/_ext/1688732426/system_tasks.o
 .debug_aranges
                0x000001b0       0x38 build/default/production/_ext/1688732426/system_interrupt_a.o
 .debug_aranges
                0x000001e8       0x28 build/default/production/_ext/1688732426/rtos_hooks.o
 .debug_aranges
                0x00000210       0x28 build/default/production/_ext/1360937237/control.o
 .debug_aranges
                0x00000238       0x28 build/default/production/_ext/1360937237/motor.o
 .debug_aranges
                0x00000260       0x28 build/default/production/_ext/1360937237/sensor.o
 .debug_aranges
                0x00000288       0x20 build/default/production/_ext/1360937237/main.o
 .debug_aranges
                0x000002a8       0x20 build/default/production/_ext/1360937237/timer1Callback.o
 .debug_aranges
                0x000002c8       0x88 build/default/production/_ext/1737654518/osal_freertos.o
 .debug_aranges
                0x00000350       0x78 build/default/production/_ext/394875440/sys_devcon.o
 .debug_aranges
                0x000003c8       0x20 build/default/production/_ext/394875440/sys_devcon_pic32mx.o
 .debug_aranges
                0x000003e8       0x48 build/default/production/_ext/312783478/sys_int_pic32.o
 .debug_aranges
                0x00000430       0xf8 build/default/production/_ext/2111169689/sys_ports.o
 .debug_aranges
                0x00000528       0x38 build/default/production/_ext/1920397356/heap_1.o
 .debug_aranges
                0x00000560       0x58 build/default/production/_ext/630015897/port.o
 .debug_aranges
                0x000005b8       0x20 build/default/production/_ext/630015897/port_asm.o
 .debug_aranges
                0x000005d8       0x40 build/default/production/_ext/8958737/list.o
 .debug_aranges
                0x00000618       0xb8 build/default/production/_ext/8958737/queue.o
 .debug_aranges
                0x000006d0      0x178 build/default/production/_ext/8958737/tasks.o
 .debug_aranges
                0x00000848       0x70 build/default/production/_ext/8958737/timers.o
 .debug_aranges
                0x000008b8       0x68 build/default/production/_ext/8958737/event_groups.o
 .debug_aranges
                0x00000920       0x28 build/default/production/_ext/1360937237/usart.o
 .debug_aranges
                0x00000948       0x20 build/default/production/_ext/1360937237/debug.o
 .debug_aranges
                0x00000968       0x20 c:/program files (x86)/microchip/xc32/v1.31/bin/../lib/gcc/pic32mx/4.5.2/../../../../pic32mx/lib\libpic32.a(default-bootstrap-exception-handler.o)
 .debug_aranges
                0x00000988       0x20 c:/program files (x86)/microchip/xc32/v1.31/bin/../lib/gcc/pic32mx/4.5.2/../../../../pic32mx/lib\libpic32.a(default-on-reset.o)
 .debug_aranges
                0x000009a8       0x20 c:/program files (x86)/microchip/xc32/v1.31/bin/../lib/gcc/pic32mx/4.5.2/../../../../pic32mx/lib\libpic32.a(default-on-bootstrap.o)
 .debug_aranges
                0x000009c8       0x20 c:/program files (x86)/microchip/xc32/v1.31/bin/../lib/gcc/pic32mx/4.5.2/../../../../pic32mx/lib\libpic32.a(defaultinterrupt.o)

.debug_pubnames
                0x00000000     0x1a24
 *(.debug_pubnames)
 .debug_pubnames
                0x00000000      0x142 build/default/production/_ext/1361460060/drv_adc_static.o
 .debug_pubnames
                0x00000142       0xce build/default/production/_ext/1345626252/drv_usart_static.o
 .debug_pubnames
                0x00000210       0xde build/default/production/_ext/639803181/sys_clk_static.o
 .debug_pubnames
                0x000002ee       0x2b build/default/production/_ext/822048611/sys_ports_static.o
 .debug_pubnames
                0x00000319       0x8e build/default/production/_ext/1688732426/system_init.o
 .debug_pubnames
                0x000003a7       0xc8 build/default/production/_ext/1688732426/system_interrupt.o
 .debug_pubnames
                0x0000046f       0x7d build/default/production/_ext/1688732426/system_exceptions.o
 .debug_pubnames
                0x000004ec       0x6c build/default/production/_ext/1688732426/system_tasks.o
 .debug_pubnames
                0x00000558       0x55 build/default/production/_ext/1688732426/rtos_hooks.o
 .debug_pubnames
                0x000005ad       0xc3 build/default/production/_ext/1360937237/control.o
 .debug_pubnames
                0x00000670       0x91 build/default/production/_ext/1360937237/motor.o
 .debug_pubnames
                0x00000701       0xa2 build/default/production/_ext/1360937237/sensor.o
 .debug_pubnames
                0x000007a3       0x1b build/default/production/_ext/1360937237/main.o
 .debug_pubnames
                0x000007be       0x7c build/default/production/_ext/1360937237/timer1Callback.o
 .debug_pubnames
                0x0000083a      0x129 build/default/production/_ext/1737654518/osal_freertos.o
 .debug_pubnames
                0x00000963      0x160 build/default/production/_ext/394875440/sys_devcon.o
 .debug_pubnames
                0x00000ac3       0x33 build/default/production/_ext/394875440/sys_devcon_pic32mx.o
 .debug_pubnames
                0x00000af6       0xb9 build/default/production/_ext/312783478/sys_int_pic32.o
 .debug_pubnames
                0x00000baf      0x376 build/default/production/_ext/2111169689/sys_ports.o
 .debug_pubnames
                0x00000f25       0x64 build/default/production/_ext/1920397356/heap_1.o
 .debug_pubnames
                0x00000f89      0x130 build/default/production/_ext/630015897/port.o
 .debug_pubnames
                0x000010b9       0x72 build/default/production/_ext/8958737/list.o
 .debug_pubnames
                0x0000112b      0x1d1 build/default/production/_ext/8958737/queue.o
 .debug_pubnames
                0x000012fc      0x3f6 build/default/production/_ext/8958737/tasks.o
 .debug_pubnames
                0x000016f2       0xb1 build/default/production/_ext/8958737/timers.o
 .debug_pubnames
                0x000017a3       0xf8 build/default/production/_ext/8958737/event_groups.o
 .debug_pubnames
                0x0000189b       0x7c build/default/production/_ext/1360937237/usart.o
 .debug_pubnames
                0x00001917       0x6e build/default/production/_ext/1360937237/debug.o
 .debug_pubnames
                0x00001985       0x33 c:/program files (x86)/microchip/xc32/v1.31/bin/../lib/gcc/pic32mx/4.5.2/../../../../pic32mx/lib\libpic32.a(default-bootstrap-exception-handler.o)
 .debug_pubnames
                0x000019b8       0x20 c:/program files (x86)/microchip/xc32/v1.31/bin/../lib/gcc/pic32mx/4.5.2/../../../../pic32mx/lib\libpic32.a(default-on-reset.o)
 .debug_pubnames
                0x000019d8       0x24 c:/program files (x86)/microchip/xc32/v1.31/bin/../lib/gcc/pic32mx/4.5.2/../../../../pic32mx/lib\libpic32.a(default-on-bootstrap.o)
 .debug_pubnames
                0x000019fc       0x28 c:/program files (x86)/microchip/xc32/v1.31/bin/../lib/gcc/pic32mx/4.5.2/../../../../pic32mx/lib\libpic32.a(defaultinterrupt.o)

.debug_info     0x00000000    0x286f5
 *(.debug_info .gnu.linkonce.wi.*)
 .debug_info    0x00000000     0x41bd build/default/production/_ext/1361460060/drv_adc_static.o
 .debug_info    0x000041bd     0x414c build/default/production/_ext/1345626252/drv_usart_static.o
 .debug_info    0x00008309     0x1e9c build/default/production/_ext/639803181/sys_clk_static.o
 .debug_info    0x0000a1a5      0xf14 build/default/production/_ext/822048611/sys_ports_static.o
 .debug_info    0x0000b0b9     0x17e6 build/default/production/_ext/1688732426/system_init.o
 .debug_info    0x0000c89f     0x264c build/default/production/_ext/1688732426/system_interrupt.o
 .debug_info    0x0000eeeb     0x1608 build/default/production/_ext/1688732426/system_exceptions.o
 .debug_info    0x000104f3     0x16d2 build/default/production/_ext/1688732426/system_tasks.o
 .debug_info    0x00011bc5       0x88 build/default/production/_ext/1688732426/system_interrupt_a.o
 .debug_info    0x00011c4d      0x224 build/default/production/_ext/1688732426/rtos_hooks.o
 .debug_info    0x00011e71     0x183e build/default/production/_ext/1360937237/control.o
 .debug_info    0x000136af     0x16ec build/default/production/_ext/1360937237/motor.o
 .debug_info    0x00014d9b     0x170b build/default/production/_ext/1360937237/sensor.o
 .debug_info    0x000164a6      0x13d build/default/production/_ext/1360937237/main.o
 .debug_info    0x000165e3     0x1615 build/default/production/_ext/1360937237/timer1Callback.o
 .debug_info    0x00017bf8      0x729 build/default/production/_ext/1737654518/osal_freertos.o
 .debug_info    0x00018321     0x10f1 build/default/production/_ext/394875440/sys_devcon.o
 .debug_info    0x00019412      0xef3 build/default/production/_ext/394875440/sys_devcon_pic32mx.o
 .debug_info    0x0001a305     0x160a build/default/production/_ext/312783478/sys_int_pic32.o
 .debug_info    0x0001b90f     0x332c build/default/production/_ext/2111169689/sys_ports.o
 .debug_info    0x0001ec3b      0x30d build/default/production/_ext/1920397356/heap_1.o
 .debug_info    0x0001ef48     0x11cb build/default/production/_ext/630015897/port.o
 .debug_info    0x00020113       0xc7 build/default/production/_ext/630015897/port_asm.o
 .debug_info    0x000201da      0x175 build/default/production/_ext/8958737/croutine.o
 .debug_info    0x0002034f      0x469 build/default/production/_ext/8958737/list.o
 .debug_info    0x000207b8      0xf7a build/default/production/_ext/8958737/queue.o
 .debug_info    0x00021732     0x1e56 build/default/production/_ext/8958737/tasks.o
 .debug_info    0x00023588      0xd6f build/default/production/_ext/8958737/timers.o
 .debug_info    0x000242f7      0x962 build/default/production/_ext/8958737/event_groups.o
 .debug_info    0x00024c59     0x211f build/default/production/_ext/1360937237/usart.o
 .debug_info    0x00026d78     0x1655 build/default/production/_ext/1360937237/debug.o
 .debug_info    0x000283cd       0xde c:/program files (x86)/microchip/xc32/v1.31/bin/../lib/gcc/pic32mx/4.5.2/../../../../pic32mx/lib\libpic32.a(default-bootstrap-exception-handler.o)
 .debug_info    0x000284ab       0xb8 c:/program files (x86)/microchip/xc32/v1.31/bin/../lib/gcc/pic32mx/4.5.2/../../../../pic32mx/lib\libpic32.a(default-on-reset.o)
 .debug_info    0x00028563       0xc0 c:/program files (x86)/microchip/xc32/v1.31/bin/../lib/gcc/pic32mx/4.5.2/../../../../pic32mx/lib\libpic32.a(default-on-bootstrap.o)
 .debug_info    0x00028623       0xd2 c:/program files (x86)/microchip/xc32/v1.31/bin/../lib/gcc/pic32mx/4.5.2/../../../../pic32mx/lib\libpic32.a(defaultinterrupt.o)

.debug_abbrev   0x00000000     0x28bf
 *(.debug_abbrev)
 .debug_abbrev  0x00000000      0x1d6 build/default/production/_ext/1361460060/drv_adc_static.o
 .debug_abbrev  0x000001d6      0x1cc build/default/production/_ext/1345626252/drv_usart_static.o
 .debug_abbrev  0x000003a2      0x1f9 build/default/production/_ext/639803181/sys_clk_static.o
 .debug_abbrev  0x0000059b      0x113 build/default/production/_ext/822048611/sys_ports_static.o
 .debug_abbrev  0x000006ae      0x148 build/default/production/_ext/1688732426/system_init.o
 .debug_abbrev  0x000007f6      0x1ca build/default/production/_ext/1688732426/system_interrupt.o
 .debug_abbrev  0x000009c0       0xc9 build/default/production/_ext/1688732426/system_exceptions.o
 .debug_abbrev  0x00000a89       0xf1 build/default/production/_ext/1688732426/system_tasks.o
 .debug_abbrev  0x00000b7a       0x12 build/default/production/_ext/1688732426/system_interrupt_a.o
 .debug_abbrev  0x00000b8c       0x8d build/default/production/_ext/1688732426/rtos_hooks.o
 .debug_abbrev  0x00000c19      0x131 build/default/production/_ext/1360937237/control.o
 .debug_abbrev  0x00000d4a      0x11b build/default/production/_ext/1360937237/motor.o
 .debug_abbrev  0x00000e65      0x105 build/default/production/_ext/1360937237/sensor.o
 .debug_abbrev  0x00000f6a       0x36 build/default/production/_ext/1360937237/main.o
 .debug_abbrev  0x00000fa0       0xe3 build/default/production/_ext/1360937237/timer1Callback.o
 .debug_abbrev  0x00001083      0x14d build/default/production/_ext/1737654518/osal_freertos.o
 .debug_abbrev  0x000011d0      0x243 build/default/production/_ext/394875440/sys_devcon.o
 .debug_abbrev  0x00001413      0x176 build/default/production/_ext/394875440/sys_devcon_pic32mx.o
 .debug_abbrev  0x00001589      0x19a build/default/production/_ext/312783478/sys_int_pic32.o
 .debug_abbrev  0x00001723      0x1ea build/default/production/_ext/2111169689/sys_ports.o
 .debug_abbrev  0x0000190d      0x100 build/default/production/_ext/1920397356/heap_1.o
 .debug_abbrev  0x00001a0d      0x277 build/default/production/_ext/630015897/port.o
 .debug_abbrev  0x00001c84       0x14 build/default/production/_ext/630015897/port_asm.o
 .debug_abbrev  0x00001c98       0x1f build/default/production/_ext/8958737/croutine.o
 .debug_abbrev  0x00001cb7       0xe9 build/default/production/_ext/8958737/list.o
 .debug_abbrev  0x00001da0      0x1ce build/default/production/_ext/8958737/queue.o
 .debug_abbrev  0x00001f6e      0x2a1 build/default/production/_ext/8958737/tasks.o
 .debug_abbrev  0x0000220f      0x268 build/default/production/_ext/8958737/timers.o
 .debug_abbrev  0x00002477      0x19a build/default/production/_ext/8958737/event_groups.o
 .debug_abbrev  0x00002611      0x16c build/default/production/_ext/1360937237/usart.o
 .debug_abbrev  0x0000277d       0xb6 build/default/production/_ext/1360937237/debug.o
 .debug_abbrev  0x00002833       0x23 c:/program files (x86)/microchip/xc32/v1.31/bin/../lib/gcc/pic32mx/4.5.2/../../../../pic32mx/lib\libpic32.a(default-bootstrap-exception-handler.o)
 .debug_abbrev  0x00002856       0x23 c:/program files (x86)/microchip/xc32/v1.31/bin/../lib/gcc/pic32mx/4.5.2/../../../../pic32mx/lib\libpic32.a(default-on-reset.o)
 .debug_abbrev  0x00002879       0x23 c:/program files (x86)/microchip/xc32/v1.31/bin/../lib/gcc/pic32mx/4.5.2/../../../../pic32mx/lib\libpic32.a(default-on-bootstrap.o)
 .debug_abbrev  0x0000289c       0x23 c:/program files (x86)/microchip/xc32/v1.31/bin/../lib/gcc/pic32mx/4.5.2/../../../../pic32mx/lib\libpic32.a(defaultinterrupt.o)

.debug_line     0x00000000     0x69b8
 *(.debug_line)
 .debug_line    0x00000000      0x7ba build/default/production/_ext/1361460060/drv_adc_static.o
 .debug_line    0x000007ba      0x73b build/default/production/_ext/1345626252/drv_usart_static.o
 .debug_line    0x00000ef5      0x422 build/default/production/_ext/639803181/sys_clk_static.o
 .debug_line    0x00001317      0x2d1 build/default/production/_ext/822048611/sys_ports_static.o
 .debug_line    0x000015e8      0x36d build/default/production/_ext/1688732426/system_init.o
 .debug_line    0x00001955      0x4f4 build/default/production/_ext/1688732426/system_interrupt.o
 .debug_line    0x00001e49      0x1cb build/default/production/_ext/1688732426/system_exceptions.o
 .debug_line    0x00002014      0x341 build/default/production/_ext/1688732426/system_tasks.o
 .debug_line    0x00002355       0xa5 build/default/production/_ext/1688732426/system_interrupt_a.o
 .debug_line    0x000023fa      0x134 build/default/production/_ext/1688732426/rtos_hooks.o
 .debug_line    0x0000252e      0x2f7 build/default/production/_ext/1360937237/control.o
 .debug_line    0x00002825      0x26b build/default/production/_ext/1360937237/motor.o
 .debug_line    0x00002a90      0x26f build/default/production/_ext/1360937237/sensor.o
 .debug_line    0x00002cff       0x60 build/default/production/_ext/1360937237/main.o
 .debug_line    0x00002d5f      0x1d7 build/default/production/_ext/1360937237/timer1Callback.o
 .debug_line    0x00002f36      0x2b2 build/default/production/_ext/1737654518/osal_freertos.o
 .debug_line    0x000031e8      0x5f6 build/default/production/_ext/394875440/sys_devcon.o
 .debug_line    0x000037de      0x48a build/default/production/_ext/394875440/sys_devcon_pic32mx.o
 .debug_line    0x00003c68      0x3a3 build/default/production/_ext/312783478/sys_int_pic32.o
 .debug_line    0x0000400b      0x880 build/default/production/_ext/2111169689/sys_ports.o
 .debug_line    0x0000488b      0x168 build/default/production/_ext/1920397356/heap_1.o
 .debug_line    0x000049f3      0x234 build/default/production/_ext/630015897/port.o
 .debug_line    0x00004c27      0x120 build/default/production/_ext/630015897/port_asm.o
 .debug_line    0x00004d47       0x1d build/default/production/_ext/8958737/croutine.o
 .debug_line    0x00004d64      0x1e7 build/default/production/_ext/8958737/list.o
 .debug_line    0x00004f4b      0x4a8 build/default/production/_ext/8958737/queue.o
 .debug_line    0x000053f3      0x817 build/default/production/_ext/8958737/tasks.o
 .debug_line    0x00005c0a      0x329 build/default/production/_ext/8958737/timers.o
 .debug_line    0x00005f33      0x2c2 build/default/production/_ext/8958737/event_groups.o
 .debug_line    0x000061f5      0x35f build/default/production/_ext/1360937237/usart.o
 .debug_line    0x00006554      0x22b build/default/production/_ext/1360937237/debug.o
 .debug_line    0x0000677f       0x97 c:/program files (x86)/microchip/xc32/v1.31/bin/../lib/gcc/pic32mx/4.5.2/../../../../pic32mx/lib\libpic32.a(default-bootstrap-exception-handler.o)
 .debug_line    0x00006816       0x84 c:/program files (x86)/microchip/xc32/v1.31/bin/../lib/gcc/pic32mx/4.5.2/../../../../pic32mx/lib\libpic32.a(default-on-reset.o)
 .debug_line    0x0000689a       0x88 c:/program files (x86)/microchip/xc32/v1.31/bin/../lib/gcc/pic32mx/4.5.2/../../../../pic32mx/lib\libpic32.a(default-on-bootstrap.o)
 .debug_line    0x00006922       0x96 c:/program files (x86)/microchip/xc32/v1.31/bin/../lib/gcc/pic32mx/4.5.2/../../../../pic32mx/lib\libpic32.a(defaultinterrupt.o)

.debug_frame    0x00000000     0x138c
 *(.debug_frame)
 .debug_frame   0x00000000       0xd0 build/default/production/_ext/1361460060/drv_adc_static.o
 .debug_frame   0x000000d0       0x58 build/default/production/_ext/1345626252/drv_usart_static.o
 .debug_frame   0x00000128       0x58 build/default/production/_ext/639803181/sys_clk_static.o
 .debug_frame   0x00000180       0x20 build/default/production/_ext/822048611/sys_ports_static.o
 .debug_frame   0x000001a0       0x28 build/default/production/_ext/1688732426/system_init.o
 .debug_frame   0x000001c8       0x40 build/default/production/_ext/1688732426/system_interrupt.o
 .debug_frame   0x00000208       0x20 build/default/production/_ext/1688732426/system_exceptions.o
 .debug_frame   0x00000228       0x88 build/default/production/_ext/1688732426/system_tasks.o
 .debug_frame   0x000002b0       0x30 build/default/production/_ext/1688732426/rtos_hooks.o
 .debug_frame   0x000002e0       0x40 build/default/production/_ext/1360937237/control.o
 .debug_frame   0x00000320       0x40 build/default/production/_ext/1360937237/motor.o
 .debug_frame   0x00000360       0x40 build/default/production/_ext/1360937237/sensor.o
 .debug_frame   0x000003a0       0x28 build/default/production/_ext/1360937237/main.o
 .debug_frame   0x000003c8       0x20 build/default/production/_ext/1360937237/timer1Callback.o
 .debug_frame   0x000003e8      0x150 build/default/production/_ext/1737654518/osal_freertos.o
 .debug_frame   0x00000538       0xd8 build/default/production/_ext/394875440/sys_devcon.o
 .debug_frame   0x00000610       0x20 build/default/production/_ext/394875440/sys_devcon_pic32mx.o
 .debug_frame   0x00000630       0x70 build/default/production/_ext/312783478/sys_int_pic32.o
 .debug_frame   0x000006a0      0x1d0 build/default/production/_ext/2111169689/sys_ports.o
 .debug_frame   0x00000870       0x5c build/default/production/_ext/1920397356/heap_1.o
 .debug_frame   0x000008cc       0xa0 build/default/production/_ext/630015897/port.o
 .debug_frame   0x0000096c       0x60 build/default/production/_ext/8958737/list.o
 .debug_frame   0x000009cc      0x234 build/default/production/_ext/8958737/queue.o
 .debug_frame   0x00000c00      0x440 build/default/production/_ext/8958737/tasks.o
 .debug_frame   0x00001040      0x138 build/default/production/_ext/8958737/timers.o
 .debug_frame   0x00001178      0x124 build/default/production/_ext/8958737/event_groups.o
 .debug_frame   0x0000129c       0x40 build/default/production/_ext/1360937237/usart.o
 .debug_frame   0x000012dc       0x28 build/default/production/_ext/1360937237/debug.o
 .debug_frame   0x00001304       0x28 c:/program files (x86)/microchip/xc32/v1.31/bin/../lib/gcc/pic32mx/4.5.2/../../../../pic32mx/lib\libpic32.a(default-bootstrap-exception-handler.o)
 .debug_frame   0x0000132c       0x20 c:/program files (x86)/microchip/xc32/v1.31/bin/../lib/gcc/pic32mx/4.5.2/../../../../pic32mx/lib\libpic32.a(default-on-reset.o)
 .debug_frame   0x0000134c       0x20 c:/program files (x86)/microchip/xc32/v1.31/bin/../lib/gcc/pic32mx/4.5.2/../../../../pic32mx/lib\libpic32.a(default-on-bootstrap.o)
 .debug_frame   0x0000136c       0x20 c:/program files (x86)/microchip/xc32/v1.31/bin/../lib/gcc/pic32mx/4.5.2/../../../../pic32mx/lib\libpic32.a(defaultinterrupt.o)

.debug_str      0x00000000      0xfd7
 *(.debug_str)
 .debug_str     0x00000000      0x11e build/default/production/_ext/1361460060/drv_adc_static.o
 .debug_str     0x0000011e      0x118 build/default/production/_ext/1345626252/drv_usart_static.o
 .debug_str     0x00000236       0xc9 build/default/production/_ext/639803181/sys_clk_static.o
 .debug_str     0x000002ff        0xd build/default/production/_ext/822048611/sys_ports_static.o
 .debug_str     0x0000030c       0x9e build/default/production/_ext/1688732426/system_init.o
 .debug_str     0x000003aa       0xeb build/default/production/_ext/1688732426/system_interrupt.o
 .debug_str     0x00000495       0x90 build/default/production/_ext/1688732426/system_exceptions.o
 .debug_str     0x00000525       0x90 build/default/production/_ext/1688732426/system_tasks.o
 .debug_str     0x000005b5        0x9 build/default/production/_ext/1688732426/rtos_hooks.o
 .debug_str     0x000005be       0xd7 build/default/production/_ext/1360937237/control.o
 .debug_str     0x00000695       0xa5 build/default/production/_ext/1360937237/motor.o
 .debug_str     0x0000073a       0xbc build/default/production/_ext/1360937237/sensor.o
 .debug_str     0x000007f6        0x0 build/default/production/_ext/1360937237/main.o
 .debug_str     0x000007f6       0x90 build/default/production/_ext/1360937237/timer1Callback.o
 .debug_str     0x00000886       0x40 build/default/production/_ext/1737654518/osal_freertos.o
 .debug_str     0x000008c6       0x23 build/default/production/_ext/394875440/sys_devcon.o
 .debug_str     0x000008e9       0x4f build/default/production/_ext/394875440/sys_devcon_pic32mx.o
 .debug_str     0x00000938       0x2d build/default/production/_ext/312783478/sys_int_pic32.o
 .debug_str     0x00000965       0x98 build/default/production/_ext/2111169689/sys_ports.o
 .debug_str     0x000009fd        0x0 build/default/production/_ext/1920397356/heap_1.o
 .debug_str     0x000009fd       0x6a build/default/production/_ext/630015897/port.o
 .debug_str     0x00000a67        0x0 build/default/production/_ext/8958737/croutine.o
 .debug_str     0x00000a67       0x2b build/default/production/_ext/8958737/list.o
 .debug_str     0x00000a92       0xf1 build/default/production/_ext/8958737/queue.o
 .debug_str     0x00000b83      0x181 build/default/production/_ext/8958737/tasks.o
 .debug_str     0x00000d04       0xbf build/default/production/_ext/8958737/timers.o
 .debug_str     0x00000dc3       0xe6 build/default/production/_ext/8958737/event_groups.o
 .debug_str     0x00000ea9       0x9e build/default/production/_ext/1360937237/usart.o
 .debug_str     0x00000f47       0x90 build/default/production/_ext/1360937237/debug.o
 .debug_str     0x00000fd7        0x0 c:/program files (x86)/microchip/xc32/v1.31/bin/../lib/gcc/pic32mx/4.5.2/../../../../pic32mx/lib\libpic32.a(default-bootstrap-exception-handler.o)
 .debug_str     0x00000fd7        0x0 c:/program files (x86)/microchip/xc32/v1.31/bin/../lib/gcc/pic32mx/4.5.2/../../../../pic32mx/lib\libpic32.a(default-on-reset.o)
 .debug_str     0x00000fd7        0x0 c:/program files (x86)/microchip/xc32/v1.31/bin/../lib/gcc/pic32mx/4.5.2/../../../../pic32mx/lib\libpic32.a(default-on-bootstrap.o)
 .debug_str     0x00000fd7        0x0 c:/program files (x86)/microchip/xc32/v1.31/bin/../lib/gcc/pic32mx/4.5.2/../../../../pic32mx/lib\libpic32.a(defaultinterrupt.o)

.debug_loc      0x00000000     0x321d
 *(.debug_loc)
 .debug_loc     0x00000000      0x180 build/default/production/_ext/1361460060/drv_adc_static.o
 .debug_loc     0x00000180       0x72 build/default/production/_ext/1345626252/drv_usart_static.o
 .debug_loc     0x000001f2       0x13 build/default/production/_ext/639803181/sys_clk_static.o
 .debug_loc     0x00000205       0x13 build/default/production/_ext/1688732426/system_init.o
 .debug_loc     0x00000218      0x213 build/default/production/_ext/1737654518/osal_freertos.o
 .debug_loc     0x0000042b       0x4c build/default/production/_ext/394875440/sys_devcon.o
 .debug_loc     0x00000477       0x5f build/default/production/_ext/394875440/sys_devcon_pic32mx.o
 .debug_loc     0x000004d6       0x6c build/default/production/_ext/312783478/sys_int_pic32.o
 .debug_loc     0x00000542      0xb96 build/default/production/_ext/2111169689/sys_ports.o
 .debug_loc     0x000010d8       0x31 build/default/production/_ext/1920397356/heap_1.o
 .debug_loc     0x00001109       0x26 build/default/production/_ext/630015897/port.o
 .debug_loc     0x0000112f       0x1f build/default/production/_ext/8958737/list.o
 .debug_loc     0x0000114e      0x871 build/default/production/_ext/8958737/queue.o
 .debug_loc     0x000019bf      0xd52 build/default/production/_ext/8958737/tasks.o
 .debug_loc     0x00002711      0x503 build/default/production/_ext/8958737/timers.o
 .debug_loc     0x00002c14      0x5eb build/default/production/_ext/8958737/event_groups.o
 .debug_loc     0x000031ff       0x1e build/default/production/_ext/1360937237/debug.o

.debug_macinfo
 *(.debug_macinfo)

.debug_weaknames
 *(.debug_weaknames)

.debug_funcnames
 *(.debug_funcnames)

.debug_typenames
 *(.debug_typenames)

.debug_varnames
 *(.debug_varnames)

.debug_pubtypes
                0x00000000     0x182e
 *(.debug_pubtypes)
 .debug_pubtypes
                0x00000000      0x25c build/default/production/_ext/1361460060/drv_adc_static.o
 .debug_pubtypes
                0x0000025c      0x175 build/default/production/_ext/1345626252/drv_usart_static.o
 .debug_pubtypes
                0x000003d1      0x12d build/default/production/_ext/639803181/sys_clk_static.o
 .debug_pubtypes
                0x000004fe       0x84 build/default/production/_ext/822048611/sys_ports_static.o
 .debug_pubtypes
                0x00000582       0xa2 build/default/production/_ext/1688732426/system_init.o
 .debug_pubtypes
                0x00000624       0xcc build/default/production/_ext/1688732426/system_interrupt.o
 .debug_pubtypes
                0x000006f0       0x36 build/default/production/_ext/1688732426/system_exceptions.o
 .debug_pubtypes
                0x00000726       0xac build/default/production/_ext/1688732426/system_tasks.o
 .debug_pubtypes
                0x000007d2       0x32 build/default/production/_ext/1688732426/rtos_hooks.o
 .debug_pubtypes
                0x00000804       0xa1 build/default/production/_ext/1360937237/control.o
 .debug_pubtypes
                0x000008a5       0x9d build/default/production/_ext/1360937237/motor.o
 .debug_pubtypes
                0x00000942       0xae build/default/production/_ext/1360937237/sensor.o
 .debug_pubtypes
                0x000009f0       0x12 build/default/production/_ext/1360937237/main.o
 .debug_pubtypes
                0x00000a02       0x50 build/default/production/_ext/1360937237/timer1Callback.o
 .debug_pubtypes
                0x00000a52      0x14e build/default/production/_ext/1737654518/osal_freertos.o
 .debug_pubtypes
                0x00000ba0      0x14b build/default/production/_ext/394875440/sys_devcon.o
 .debug_pubtypes
                0x00000ceb       0xcb build/default/production/_ext/394875440/sys_devcon_pic32mx.o
 .debug_pubtypes
                0x00000db6       0xc5 build/default/production/_ext/312783478/sys_int_pic32.o
 .debug_pubtypes
                0x00000e7b      0x1d0 build/default/production/_ext/2111169689/sys_ports.o
 .debug_pubtypes
                0x0000104b       0x3a build/default/production/_ext/1920397356/heap_1.o
 .debug_pubtypes
                0x00001085       0xb7 build/default/production/_ext/630015897/port.o
 .debug_pubtypes
                0x0000113c       0x12 build/default/production/_ext/8958737/croutine.o
 .debug_pubtypes
                0x0000114e       0x9a build/default/production/_ext/8958737/list.o
 .debug_pubtypes
                0x000011e8      0x128 build/default/production/_ext/8958737/queue.o
 .debug_pubtypes
                0x00001310      0x197 build/default/production/_ext/8958737/tasks.o
 .debug_pubtypes
                0x000014a7      0x18e build/default/production/_ext/8958737/timers.o
 .debug_pubtypes
                0x00001635       0xfb build/default/production/_ext/8958737/event_groups.o
 .debug_pubtypes
                0x00001730       0xab build/default/production/_ext/1360937237/usart.o
 .debug_pubtypes
                0x000017db       0x53 build/default/production/_ext/1360937237/debug.o

.debug_ranges   0x00000000       0x30
 *(.debug_ranges)
 .debug_ranges  0x00000000       0x30 build/default/production/_ext/1688732426/system_interrupt_a.o

.gnu.attributes
                0x00000000       0x10
 *(.gnu.attributes)
 .gnu.attributes
                0x00000000       0x10 build/default/production/_ext/1361460060/drv_adc_static.o
 .gnu.attributes
                0x00000010       0x10 build/default/production/_ext/1345626252/drv_usart_static.o
 .gnu.attributes
                0x00000020       0x10 build/default/production/_ext/639803181/sys_clk_static.o
 .gnu.attributes
                0x00000030       0x10 build/default/production/_ext/822048611/sys_ports_static.o
 .gnu.attributes
                0x00000040       0x10 build/default/production/_ext/1688732426/system_init.o
 .gnu.attributes
                0x00000050       0x10 build/default/production/_ext/1688732426/system_interrupt.o
 .gnu.attributes
                0x00000060       0x10 build/default/production/_ext/1688732426/system_exceptions.o
 .gnu.attributes
                0x00000070       0x10 build/default/production/_ext/1688732426/system_tasks.o
 .gnu.attributes
                0x00000080       0x10 build/default/production/_ext/1688732426/rtos_hooks.o
 .gnu.attributes
                0x00000090       0x10 build/default/production/_ext/1360937237/control.o
 .gnu.attributes
                0x000000a0       0x10 build/default/production/_ext/1360937237/motor.o
 .gnu.attributes
                0x000000b0       0x10 build/default/production/_ext/1360937237/sensor.o
 .gnu.attributes
                0x000000c0       0x10 build/default/production/_ext/1360937237/main.o
 .gnu.attributes
                0x000000d0       0x10 build/default/production/_ext/1360937237/timer1Callback.o
 .gnu.attributes
                0x000000e0       0x10 build/default/production/_ext/1737654518/osal_freertos.o
 .gnu.attributes
                0x000000f0       0x10 build/default/production/_ext/394875440/sys_devcon.o
 .gnu.attributes
                0x00000100       0x10 build/default/production/_ext/394875440/sys_devcon_pic32mx.o
 .gnu.attributes
                0x00000110       0x10 build/default/production/_ext/312783478/sys_int_pic32.o
 .gnu.attributes
                0x00000120       0x10 build/default/production/_ext/2111169689/sys_ports.o
 .gnu.attributes
                0x00000130       0x10 build/default/production/_ext/1920397356/heap_1.o
 .gnu.attributes
                0x00000140       0x10 build/default/production/_ext/630015897/port.o
 .gnu.attributes
                0x00000150       0x10 build/default/production/_ext/8958737/croutine.o
 .gnu.attributes
                0x00000160       0x10 build/default/production/_ext/8958737/list.o
 .gnu.attributes
                0x00000170       0x10 build/default/production/_ext/8958737/queue.o
 .gnu.attributes
                0x00000180       0x10 build/default/production/_ext/8958737/tasks.o
 .gnu.attributes
                0x00000190       0x10 build/default/production/_ext/8958737/timers.o
 .gnu.attributes
                0x000001a0       0x10 build/default/production/_ext/8958737/event_groups.o
 .gnu.attributes
                0x000001b0       0x10 build/default/production/_ext/1360937237/usart.o
 .gnu.attributes
                0x000001c0       0x10 build/default/production/_ext/1360937237/debug.o
 .gnu.attributes
                0x000001d0       0x10 c:/program files (x86)/microchip/xc32/v1.31/bin/../lib/gcc/pic32mx/4.5.2/../../../../pic32mx/lib\libpic32.a(default-bootstrap-exception-handler.o)
 .gnu.attributes
                0x000001e0       0x10 c:/program files (x86)/microchip/xc32/v1.31/bin/../lib/gcc/pic32mx/4.5.2/../../../../pic32mx/lib\libpic32.a(default-on-reset.o)
 .gnu.attributes
                0x000001f0       0x10 c:/program files (x86)/microchip/xc32/v1.31/bin/../lib/gcc/pic32mx/4.5.2/../../../../pic32mx/lib\libpic32.a(default-on-bootstrap.o)
 .gnu.attributes
                0x00000200       0x10 c:/program files (x86)/microchip/xc32/v1.31/bin/../lib/gcc/pic32mx/4.5.2/../../../../pic32mx/lib\libpic32.a(defaultinterrupt.o)
LOAD c:/program files (x86)/microchip/xc32/v1.31/bin/../lib/gcc/pic32mx/4.5.2\libgcc.a
START GROUP
LOAD c:/program files (x86)/microchip/xc32/v1.31/bin/../lib/gcc/pic32mx/4.5.2/../../../../pic32mx/lib\libpic32.a
LOAD c:/program files (x86)/microchip/xc32/v1.31/bin/../lib/gcc/pic32mx/4.5.2/../../../../pic32mx/lib\libdebug.a
LOAD c:/program files (x86)/microchip/xc32/v1.31/bin/../lib/gcc/pic32mx/4.5.2/../../../../pic32mx/lib\libm.a
LOAD c:/program files (x86)/microchip/xc32/v1.31/bin/../lib/gcc/pic32mx/4.5.2/../../../../pic32mx/lib\libe.a
LOAD c:/program files (x86)/microchip/xc32/v1.31/bin/../lib/gcc/pic32mx/4.5.2/../../../../pic32mx/lib\libdsp.a
LOAD c:/program files (x86)/microchip/xc32/v1.31/bin/../lib/gcc/pic32mx/4.5.2\libgcc.a
LOAD c:/program files (x86)/microchip/xc32/v1.31/bin/../lib/gcc/pic32mx/4.5.2/../../../../pic32mx/lib\libpic32.a
LOAD c:/program files (x86)/microchip/xc32/v1.31/bin/../lib/gcc/pic32mx/4.5.2/../../../../pic32mx/lib\libc.a
LOAD c:/program files (x86)/microchip/xc32/v1.31/bin/../lib/gcc/pic32mx/4.5.2/../../../../pic32mx/lib\libpic32.a
END GROUP
LOAD c:/program files (x86)/microchip/xc32/v1.31/bin/../lib/gcc/pic32mx/4.5.2\libgcc.a
LOAD c:/program files (x86)/microchip/xc32/v1.31/bin/../lib/gcc/pic32mx/4.5.2/../../../../pic32mx/lib\debug-exception-return.o
OUTPUT(dist/default/production/Embedded.X.production.elf elf32-tradlittlemips)
LOAD stack
LOAD data_init

.reginfo        0x00000000       0x18
 .reginfo       0x00000000       0x18 c:/program files (x86)/microchip/xc32/v1.31/bin/../lib/gcc/pic32mx/4.5.2/../../../../pic32mx/lib/./proc/32MX795F512L/crt0_mips32r2.o

.stack          0xa00090b8      0x400
 .stack         0xa00090b8      0x400 stack

.bss            0xa00000b0     0x8fe8
 .bss           0xa00000b0     0x88b8 build/default/production/_ext/1920397356/heap_1.o
 .bss           0xa0008968      0x640 build/default/production/_ext/630015897/port.o
                0xa0008968                xISRStack
 .bss           0xa0008fa8       0xc8 build/default/production/_ext/8958737/tasks.o
 .bss           0xa0009070       0x28 build/default/production/_ext/8958737/timers.o

._debug_exception
                0xbfc00480       0x24
 ._debug_exception
                0xbfc00480       0x24 c:/program files (x86)/microchip/xc32/v1.31/bin/../lib/gcc/pic32mx/4.5.2/../../../../pic32mx/lib\debug-exception-return.o
                0xbfc00480                __DbgExecReturn

.text           0x9d000000      0x454
 .text          0x9d000000      0x454 build/default/production/_ext/630015897/port_asm.o
                0x9d000000                vPortTickInterruptHandler
                0x9d0001ac                vPortStartFirstTask
                0x9d000274                vPortYieldISR

.text.xTaskGenericCreate
                0x9d000454      0x2e0
 .text.xTaskGenericCreate
                0x9d000454      0x2e0 build/default/production/_ext/8958737/tasks.o
                0x9d000454                xTaskGenericCreate

.text.IntHandlerDrvUsartInstance0
                0x9d000734      0x264
 .text.IntHandlerDrvUsartInstance0
                0x9d000734      0x264 build/default/production/_ext/1688732426/system_interrupt.o
                0x9d000734                IntHandlerDrvUsartInstance0

.text.xQueueGenericReceive
                0x9d000998      0x258
 .text.xQueueGenericReceive
                0x9d000998      0x258 build/default/production/_ext/8958737/queue.o
                0x9d000998                xQueueGenericReceive

.text.prvTimerTask
                0x9d000bf0      0x248
 .text.prvTimerTask
                0x9d000bf0      0x248 build/default/production/_ext/8958737/timers.o

.text.xQueueGenericSend
                0x9d000e38      0x20c
 .text.xQueueGenericSend
                0x9d000e38      0x20c build/default/production/_ext/8958737/queue.o
                0x9d000e38                xQueueGenericSend

.DrvAdc_vector_text
                0x9d001044      0x1b4
 .DrvAdc_vector_text
                0x9d001044      0x1b4 build/default/production/_ext/1688732426/system_interrupt_a.o

.DrvUsartInstance0_vector_text
                0x9d0011f8      0x1b4
 .DrvUsartInstance0_vector_text
                0x9d0011f8      0x1b4 build/default/production/_ext/1688732426/system_interrupt_a.o

.text.CONTROL_Tasks
                0x9d0013ac      0x198
 .text.CONTROL_Tasks
                0x9d0013ac      0x198 build/default/production/_ext/1360937237/control.o
                0x9d0013ac                CONTROL_Tasks

.text.xTaskIncrementTick
                0x9d001544      0x168
 .text.xTaskIncrementTick
                0x9d001544      0x168 build/default/production/_ext/8958737/tasks.o
                0x9d001544                xTaskIncrementTick

.text           0x9d0016ac      0x168
 .text          0x9d0016ac      0x168 c:/program files (x86)/microchip/xc32/v1.31/bin/../lib/gcc/pic32mx/4.5.2/../../../../pic32mx/lib\libpic32.a(memcpy.o)
                0x9d0016ac                memcpy

.text.xTaskResumeAll
                0x9d001814      0x15c
 .text.xTaskResumeAll
                0x9d001814      0x15c build/default/production/_ext/8958737/tasks.o
                0x9d001814                xTaskResumeAll

.text.SYS_Tasks
                0x9d001970      0x14c
 .text.SYS_Tasks
                0x9d001970      0x14c build/default/production/_ext/1688732426/system_tasks.o
                0x9d001970                SYS_Tasks

.text.vTaskPriorityInherit
                0x9d001abc      0x12c
 .text.vTaskPriorityInherit
                0x9d001abc      0x12c build/default/production/_ext/8958737/tasks.o
                0x9d001abc                vTaskPriorityInherit

.rodata         0x9d001be8      0x128
 .rodata        0x9d001be8      0x128 build/default/production/_ext/1688732426/system_exceptions.o

.text.DRV_ADC_Initialize
                0x9d001d10      0x124
 .text.DRV_ADC_Initialize
                0x9d001d10      0x124 build/default/production/_ext/1361460060/drv_adc_static.o
                0x9d001d10                DRV_ADC_Initialize

.text.prvSampleTimeNow
                0x9d001e34      0x10c
 .text.prvSampleTimeNow
                0x9d001e34      0x10c build/default/production/_ext/8958737/timers.o

.text.DRV_USART0_Initialize
                0x9d001f40      0x108
 .text.DRV_USART0_Initialize
                0x9d001f40      0x108 build/default/production/_ext/1345626252/drv_usart_static.o
                0x9d001f40                DRV_USART0_Initialize

.text.prvUnlockQueue
                0x9d002048      0x104
 .text.prvUnlockQueue
                0x9d002048      0x104 build/default/production/_ext/8958737/queue.o

.text.prvCopyDataToQueue
                0x9d00214c       0xfc
 .text.prvCopyDataToQueue
                0x9d00214c       0xfc build/default/production/_ext/8958737/queue.o

.text.vTaskSwitchContext
                0x9d002248       0xf8
 .text.vTaskSwitchContext
                0x9d002248       0xf8 build/default/production/_ext/8958737/tasks.o
                0x9d002248                vTaskSwitchContext

.text.xTaskPriorityDisinherit
                0x9d002340       0xf4
 .text.xTaskPriorityDisinherit
                0x9d002340       0xf4 build/default/production/_ext/8958737/tasks.o
                0x9d002340                xTaskPriorityDisinherit

.text.xQueueGenericSendFromISR
                0x9d002434       0xe0
 .text.xQueueGenericSendFromISR
                0x9d002434       0xe0 build/default/production/_ext/8958737/queue.o
                0x9d002434                xQueueGenericSendFromISR

.text.general_exception
                0x9d002514       0xdc
 .text.general_exception
                0x9d002514       0xdc c:/program files (x86)/microchip/xc32/v1.31/bin/../lib/gcc/pic32mx/4.5.2/../../../../pic32mx/lib\libpic32.a(general-exception.o)
                0x9d002514                _general_exception_context

.text.SYS_Initialize
                0x9d0025f0       0xd0
 .text.SYS_Initialize
                0x9d0025f0       0xd0 build/default/production/_ext/1688732426/system_init.o
                0x9d0025f0                SYS_Initialize

.text.SYS_DEVCON_PerformanceConfig
                0x9d0026c0       0xd0
 .text.SYS_DEVCON_PerformanceConfig
                0x9d0026c0       0xd0 build/default/production/_ext/394875440/sys_devcon_pic32mx.o
                0x9d0026c0                SYS_DEVCON_PerformanceConfig

.text.xQueueReceiveFromISR
                0x9d002790       0xcc
 .text.xQueueReceiveFromISR
                0x9d002790       0xcc build/default/production/_ext/8958737/queue.o
                0x9d002790                xQueueReceiveFromISR

.text.xQueueGenericReset
                0x9d00285c       0xc8
 .text.xQueueGenericReset
                0x9d00285c       0xc8 build/default/production/_ext/8958737/queue.o
                0x9d00285c                xQueueGenericReset

.dinit          0x9d002924       0xc0
 .dinit         0x9d002924       0xc0 data_init

.text.xTaskRemoveFromEventList
                0x9d0029e4       0xbc
 .text.xTaskRemoveFromEventList
                0x9d0029e4       0xbc build/default/production/_ext/8958737/tasks.o
                0x9d0029e4                xTaskRemoveFromEventList

.text.pvPortMalloc
                0x9d002aa0       0xb8
 .text.pvPortMalloc
                0x9d002aa0       0xb8 build/default/production/_ext/1920397356/heap_1.o
                0x9d002aa0                pvPortMalloc

.text.IntHandlerDrvAdc
                0x9d002b58       0xb4
 .text.IntHandlerDrvAdc
                0x9d002b58       0xb4 build/default/production/_ext/1688732426/system_interrupt.o
                0x9d002b58                IntHandlerDrvAdc

.text.prvIdleTask
                0x9d002c0c       0xb4
 .text.prvIdleTask
                0x9d002c0c       0xb4 build/default/production/_ext/8958737/tasks.o

.text           0x9d002cc0       0xa8