Archive member included because of file (symbol)

c:/program files (x86)/microchip/xc32/v1.31/bin/../lib/gcc/pic32mx/4.5.2/../../../../pic32mx/lib\libpic32.a(memcmp.o)
                              build/default/debug/_ext/8958737/tasks.o (memcmp)
c:/program files (x86)/microchip/xc32/v1.31/bin/../lib/gcc/pic32mx/4.5.2/../../../../pic32mx/lib\libpic32.a(memcpy.o)
                              build/default/debug/_ext/8958737/queue.o (memcpy)
c:/program files (x86)/microchip/xc32/v1.31/bin/../lib/gcc/pic32mx/4.5.2/../../../../pic32mx/lib\libpic32.a(memset.o)
                              build/default/debug/_ext/8958737/tasks.o (memset)
c:/program files (x86)/microchip/xc32/v1.31/bin/../lib/gcc/pic32mx/4.5.2/../../../../pic32mx/lib\libpic32.a(default-bootstrap-exception-handler.o)
                              c:/program files (x86)/microchip/xc32/v1.31/bin/../lib/gcc/pic32mx/4.5.2/../../../../pic32mx/lib/./proc/32MX795F512L/crt0_mips32r2.o (_bootstrap_exception_handler)
c:/program files (x86)/microchip/xc32/v1.31/bin/../lib/gcc/pic32mx/4.5.2/../../../../pic32mx/lib\libpic32.a(default-on-reset.o)
                              c:/program files (x86)/microchip/xc32/v1.31/bin/../lib/gcc/pic32mx/4.5.2/../../../../pic32mx/lib/./proc/32MX795F512L/crt0_mips32r2.o (_on_reset)
c:/program files (x86)/microchip/xc32/v1.31/bin/../lib/gcc/pic32mx/4.5.2/../../../../pic32mx/lib\libpic32.a(default-on-bootstrap.o)
                              c:/program files (x86)/microchip/xc32/v1.31/bin/../lib/gcc/pic32mx/4.5.2/../../../../pic32mx/lib/./proc/32MX795F512L/crt0_mips32r2.o (_on_bootstrap)
c:/program files (x86)/microchip/xc32/v1.31/bin/../lib/gcc/pic32mx/4.5.2/../../../../pic32mx/lib\libpic32.a(default-nmi-handler.o)
                              c:/program files (x86)/microchip/xc32/v1.31/bin/../lib/gcc/pic32mx/4.5.2/../../../../pic32mx/lib/./proc/32MX795F512L/crt0_mips32r2.o (_nmi_handler)
c:/program files (x86)/microchip/xc32/v1.31/bin/../lib/gcc/pic32mx/4.5.2/../../../../pic32mx/lib\libpic32.a(pic32_software_reset.o)
                              c:/program files (x86)/microchip/xc32/v1.31/bin/../lib/gcc/pic32mx/4.5.2/../../../../pic32mx/lib\libpic32.a(default-bootstrap-exception-handler.o) (__pic32_software_reset)
c:/program files (x86)/microchip/xc32/v1.31/bin/../lib/gcc/pic32mx/4.5.2/../../../../pic32mx/lib\libpic32.a(general-exception.o)
                              c:/program files (x86)/microchip/xc32/v1.31/bin/../lib/gcc/pic32mx/4.5.2/../../../../pic32mx/lib/./proc/32MX795F512L/crt0_mips32r2.o (_general_exception_context)
c:/program files (x86)/microchip/xc32/v1.31/bin/../lib/gcc/pic32mx/4.5.2/../../../../pic32mx/lib\libpic32.a(vector0.o)
                              c:/program files (x86)/microchip/xc32/v1.31/bin/../lib/gcc/pic32mx/4.5.2/../../../../pic32mx/lib/./proc/32MX795F512L\default_isr_vectors.o (__vector_dispatch_0)
c:/program files (x86)/microchip/xc32/v1.31/bin/../lib/gcc/pic32mx/4.5.2/../../../../pic32mx/lib\libpic32.a(vector2.o)
                              c:/program files (x86)/microchip/xc32/v1.31/bin/../lib/gcc/pic32mx/4.5.2/../../../../pic32mx/lib/./proc/32MX795F512L\default_isr_vectors.o (__vector_dispatch_2)
c:/program files (x86)/microchip/xc32/v1.31/bin/../lib/gcc/pic32mx/4.5.2/../../../../pic32mx/lib\libpic32.a(vector3.o)
                              c:/program files (x86)/microchip/xc32/v1.31/bin/../lib/gcc/pic32mx/4.5.2/../../../../pic32mx/lib/./proc/32MX795F512L\default_isr_vectors.o (__vector_dispatch_3)
c:/program files (x86)/microchip/xc32/v1.31/bin/../lib/gcc/pic32mx/4.5.2/../../../../pic32mx/lib\libpic32.a(vector5.o)
                              c:/program files (x86)/microchip/xc32/v1.31/bin/../lib/gcc/pic32mx/4.5.2/../../../../pic32mx/lib/./proc/32MX795F512L\default_isr_vectors.o (__vector_dispatch_5)
c:/program files (x86)/microchip/xc32/v1.31/bin/../lib/gcc/pic32mx/4.5.2/../../../../pic32mx/lib\libpic32.a(vector6.o)
                              c:/program files (x86)/microchip/xc32/v1.31/bin/../lib/gcc/pic32mx/4.5.2/../../../../pic32mx/lib/./proc/32MX795F512L\default_isr_vectors.o (__vector_dispatch_6)
c:/program files (x86)/microchip/xc32/v1.31/bin/../lib/gcc/pic32mx/4.5.2/../../../../pic32mx/lib\libpic32.a(vector7.o)
                              c:/program files (x86)/microchip/xc32/v1.31/bin/../lib/gcc/pic32mx/4.5.2/../../../../pic32mx/lib/./proc/32MX795F512L\default_isr_vectors.o (__vector_dispatch_7)
c:/program files (x86)/microchip/xc32/v1.31/bin/../lib/gcc/pic32mx/4.5.2/../../../../pic32mx/lib\libpic32.a(vector8.o)
                              c:/program files (x86)/microchip/xc32/v1.31/bin/../lib/gcc/pic32mx/4.5.2/../../../../pic32mx/lib/./proc/32MX795F512L\default_isr_vectors.o (__vector_dispatch_8)
c:/program files (x86)/microchip/xc32/v1.31/bin/../lib/gcc/pic32mx/4.5.2/../../../../pic32mx/lib\libpic32.a(vector9.o)
[...]
Memory Configuration

Name             Origin             Length             Attributes
kseg0_program_mem 0x9d000000         0x00080000         xr
kseg0_boot_mem   0x9fc00490         0x00000970
exception_mem    0x9fc01000         0x00001000
kseg1_boot_mem   0xbfc00000         0x00000490
debug_exec_mem   0xbfc02000         0x00000ff0
config3          0xbfc02ff0         0x00000004
config2          0xbfc02ff4         0x00000004
config1          0xbfc02ff8         0x00000004
config0          0xbfc02ffc         0x00000004
kseg1_data_mem   0xa0000000         0x00020000         w !x
sfrs             0xbf800000         0x00100000
configsfrs       0xbfc02ff0         0x00000010
*default*        0x00000000         0xffffffff

Linker script and memory map

LOAD c:/program files (x86)/microchip/xc32/v1.31/bin/../lib/gcc/pic32mx/4.5.2/../../../../pic32mx/lib/./proc/32MX795F512L/crt0_mips32r2.o
                0x00000001                _DEBUGGER = 0x1
LOAD build/default/debug/_ext/1361460060/drv_adc_static.o
LOAD build/default/debug/_ext/1345626252/drv_usart_static.o
LOAD build/default/debug/_ext/639803181/sys_clk_static.o
LOAD build/default/debug/_ext/822048611/sys_ports_static.o
LOAD build/default/debug/_ext/1688732426/system_init.o
LOAD build/default/debug/_ext/1688732426/system_interrupt.o
LOAD build/default/debug/_ext/1688732426/system_exceptions.o
LOAD build/default/debug/_ext/1688732426/system_tasks.o
LOAD build/default/debug/_ext/1688732426/system_interrupt_a.o
LOAD build/default/debug/_ext/1688732426/rtos_hooks.o
LOAD build/default/debug/_ext/1360937237/control.o
LOAD build/default/debug/_ext/1360937237/motor.o
LOAD build/default/debug/_ext/1360937237/sensor.o
LOAD build/default/debug/_ext/1360937237/main.o
LOAD build/default/debug/_ext/1737654518/osal_freertos.o
LOAD build/default/debug/_ext/394875440/sys_devcon.o
LOAD build/default/debug/_ext/394875440/sys_devcon_pic32mx.o
LOAD build/default/debug/_ext/312783478/sys_int_pic32.o
LOAD build/default/debug/_ext/2111169689/sys_ports.o
LOAD build/default/debug/_ext/1920397356/heap_1.o
LOAD build/default/debug/_ext/630015897/port.o
LOAD build/default/debug/_ext/630015897/port_asm.o
LOAD build/default/debug/_ext/8958737/croutine.o
LOAD build/default/debug/_ext/8958737/list.o
LOAD build/default/debug/_ext/8958737/queue.o
LOAD build/default/debug/_ext/8958737/tasks.o
LOAD build/default/debug/_ext/8958737/timers.o
LOAD build/default/debug/_ext/8958737/event_groups.o
LOAD build/default/debug/_ext/1360937237/usart.o
LOAD build/default/debug/_ext/1360937237/debug.o
LOAD build/default/debug/_ext/1360937237/timer1Callback.o
LOAD ..\..\..\..\..\microchip\harmony\v1_06_02\bin\framework\peripheral\PIC32MX795F512L_peripherals.a
                0x00000001                __MPLAB_BUILD = 0x1
                0x00000001                __MPLAB_DEBUG = 0x1
                0x00000001                __DEBUG = 0x1
                0x00000001                __MPLAB_DEBUGGER_PK3 = 0x1
                0x00000000                _min_heap_size = 0x0
LOAD c:/program files (x86)/microchip/xc32/v1.31/bin/../lib/gcc/pic32mx/4.5.2/../../../../pic32mx/lib/./proc/32MX795F512L\default_isr_vectors.o
                0x00000400                PROVIDE (_min_stack_size, 0x400)
LOAD c:/program files (x86)/microchip/xc32/v1.31/bin/../lib/gcc/pic32mx/4.5.2/../../../../pic32mx/lib/./proc/32MX795F512L\processor.o
START GROUP
LOAD c:/program files (x86)/microchip/xc32/v1.31/bin/../lib/gcc/pic32mx/4.5.2/../../../../pic32mx/lib\libmchp_peripheral.a
END GROUP
START GROUP
LOAD c:/program files (x86)/microchip/xc32/v1.31/bin/../lib/gcc/pic32mx/4.5.2/../../../../pic32mx/lib\libmchp_peripheral_32MX795F512L.a
END GROUP
                0x00000001                PROVIDE (_vector_spacing, 0x1)
                0x9fc01000                _ebase_address = 0x9fc01000
                0xbfc00000                _RESET_ADDR = 0xbfc00000
                0xbfc00380                _BEV_EXCPT_ADDR = 0xbfc00380
                0xbfc00480                _DBG_EXCPT_ADDR = 0xbfc00480
                0xbfc02000                _DBG_CODE_ADDR = 0xbfc02000
                0x00000ff0                _DBG_CODE_SIZE = 0xff0
                0x9fc01180                _GEN_EXCPT_ADDR = (_ebase_address + 0x180)

.config_BFC02FF0
                0xbfc02ff0        0x4
 *(.config_BFC02FF0)
 .config_BFC02FF0
                0xbfc02ff0        0x4 build/default/debug/_ext/1688732426/system_init.o

.config_BFC02FF4
                0xbfc02ff4        0x4
 *(.config_BFC02FF4)
 .config_BFC02FF4
                0xbfc02ff4        0x4 build/default/debug/_ext/1688732426/system_init.o

.config_BFC02FF8
                0xbfc02ff8        0x4
 *(.config_BFC02FF8)
 .config_BFC02FF8
                0xbfc02ff8        0x4 build/default/debug/_ext/1688732426/system_init.o

.config_BFC02FFC
                0xbfc02ffc        0x4
 *(.config_BFC02FFC)
 .config_BFC02FFC
                0xbfc02ffc        0x4 build/default/debug/_ext/1688732426/system_init.o
                0xbfc02000                PROVIDE (_DBG_CODE_ADDR, 0xbfc02000)
                0x00000ff0                PROVIDE (_DBG_CODE_SIZE, 0xff0)

.reset          0xbfc00000      0x1e8
 *(.reset)
 .reset         0xbfc00000      0x1e8 c:/program files (x86)/microchip/xc32/v1.31/bin/../lib/gcc/pic32mx/4.5.2/../../../../pic32mx/lib/./proc/32MX795F512L/crt0_mips32r2.o
                0xbfc00000                _reset
 *(.reset.startup)

.bev_excpt      0xbfc00380       0x10
 *(.bev_handler)
 .bev_handler   0xbfc00380       0x10 c:/program files (x86)/microchip/xc32/v1.31/bin/../lib/gcc/pic32mx/4.5.2/../../../../pic32mx/lib/./proc/32MX795F512L/crt0_mips32r2.o

.dbg_excpt      0xbfc00480        0x8
                0xbfc00480                . = (. + DEFINED (_DEBUGGER)?0x8:0x0)
 *fill*         0xbfc00480        0x8 

.dbg_code       0xbfc02000      0xff0
                0xbfc02000                . = (. + DEFINED (_DEBUGGER)?_DBG_CODE_SIZE:0x0)
 *fill*         0xbfc02000      0xff0 

.app_excpt      0x9fc01180       0x10
 *(.gen_handler)
 .gen_handler   0x9fc01180       0x10 c:/program files (x86)/microchip/xc32/v1.31/bin/../lib/gcc/pic32mx/4.5.2/../../../../pic32mx/lib/./proc/32MX795F512L/crt0_mips32r2.o

.vector_0       0x9fc01200        0x8
 *(.vector_0)
 .vector_0      0x9fc01200        0x8 c:/program files (x86)/microchip/xc32/v1.31/bin/../lib/gcc/pic32mx/4.5.2/../../../../pic32mx/lib\libpic32.a(vector0.o)
                0x9fc01200                __vector_dispatch_0
                0x00000001                ASSERT (((_vector_spacing == 0x0) || (SIZEOF (.vector_0) <= (_vector_spacing << 0x5))), function at exception vector 0 too large)

.vector_1       0x9fc01220        0x8
 *(.vector_1)
 .vector_1      0x9fc01220        0x8 build/default/debug/_ext/630015897/port.o
                0x9fc01220                __vector_dispatch_1
                0x00000001                ASSERT (((_vector_spacing == 0x0) || (SIZEOF (.vector_1) <= (_vector_spacing << 0x5))), function at exception vector 1 too large)

.vector_2       0x9fc01240        0x8
 *(.vector_2)
 .vector_2      0x9fc01240        0x8 c:/program files (x86)/microchip/xc32/v1.31/bin/../lib/gcc/pic32mx/4.5.2/../../../../pic32mx/lib\libpic32.a(vector2.o)
                0x9fc01240                __vector_dispatch_2
                0x00000001                ASSERT (((_vector_spacing == 0x0) || (SIZEOF (.vector_2) <= (_vector_spacing << 0x5))), function at exception vector 2 too large)

.vector_3       0x9fc01260        0x8
 *(.vector_3)
 .vector_3      0x9fc01260        0x8 c:/program files (x86)/microchip/xc32/v1.31/bin/../lib/gcc/pic32mx/4.5.2/../../../../pic32mx/lib\libpic32.a(vector3.o)
                0x9fc01260                __vector_dispatch_3
                0x00000001                ASSERT (((_vector_spacing == 0x0) || (SIZEOF (.vector_3) <= (_vector_spacing << 0x5))), function at exception vector 3 too large)

.vector_4       0x9fc01280        0x8
 *(.vector_4)
 .vector_4      0x9fc01280        0x8 build/default/debug/_ext/630015897/port.o
                0x9fc01280                __vector_dispatch_4
                0x00000001                ASSERT (((_vector_spacing == 0x0) || (SIZEOF (.vector_4) <= (_vector_spacing << 0x5))), function at exception vector 4 too large)

.vector_5       0x9fc012a0        0x8
 *(.vector_5)
 .vector_5      0x9fc012a0        0x8 c:/program files (x86)/microchip/xc32/v1.31/bin/../lib/gcc/pic32mx/4.5.2/../../../../pic32mx/lib\libpic32.a(vector5.o)
                0x9fc012a0                __vector_dispatch_5
                0x00000001                ASSERT (((_vector_spacing == 0x0) || (SIZEOF (.vector_5) <= (_vector_spacing << 0x5))), function at exception vector 5 too large)

.vector_6       0x9fc012c0        0x8
 *(.vector_6)
 .vector_6      0x9fc012c0        0x8 c:/program files (x86)/microchip/xc32/v1.31/bin/../lib/gcc/pic32mx/4.5.2/../../../../pic32mx/lib\libpic32.a(vector6.o)
                0x9fc012c0                __vector_dispatch_6
                0x00000001                ASSERT (((_vector_spacing == 0x0) || (SIZEOF (.vector_6) <= (_vector_spacing << 0x5))), function at exception vector 6 too large)

.vector_7       0x9fc012e0        0x8
 *(.vector_7)
 .vector_7      0x9fc012e0        0x8 c:/program files (x86)/microchip/xc32/v1.31/bin/../lib/gcc/pic32mx/4.5.2/../../../../pic32mx/lib\libpic32.a(vector7.o)
                0x9fc012e0                __vector_dispatch_7
                0x00000001                ASSERT (((_vector_spacing == 0x0) || (SIZEOF (.vector_7) <= (_vector_spacing << 0x5))), function at exception vector 7 too large)

.vector_8       0x9fc01300        0x8
 *(.vector_8)
 .vector_8      0x9fc01300        0x8 c:/program files (x86)/microchip/xc32/v1.31/bin/../lib/gcc/pic32mx/4.5.2/../../../../pic32mx/lib\libpic32.a(vector8.o)
                0x9fc01300                __vector_dispatch_8
                0x00000001                ASSERT (((_vector_spacing == 0x0) || (SIZEOF (.vector_8) <= (_vector_spacing << 0x5))), function at exception vector 8 too large)

.vector_9       0x9fc01320        0x8
 *(.vector_9)
 .vector_9      0x9fc01320        0x8 c:/program files (x86)/microchip/xc32/v1.31/bin/../lib/gcc/pic32mx/4.5.2/../../../../pic32mx/lib\libpic32.a(vector9.o)
                0x9fc01320                __vector_dispatch_9
                0x00000001                ASSERT (((_vector_spacing == 0x0) || (SIZEOF (.vector_9) <= (_vector_spacing << 0x5))), function at exception vector 9 too large)

.vector_10      0x9fc01340        0x8
 *(.vector_10)
 .vector_10     0x9fc01340        0x8 c:/program files (x86)/microchip/xc32/v1.31/bin/../lib/gcc/pic32mx/4.5.2/../../../../pic32mx/lib\libpic32.a(vector10.o)
                0x9fc01340                __vector_dispatch_10
                0x00000001                ASSERT (((_vector_spacing == 0x0) || (SIZEOF (.vector_10) <= (_vector_spacing << 0x5))), function at exception vector 10 too large)

.vector_11      0x9fc01360        0x8
 *(.vector_11)
 .vector_11     0x9fc01360        0x8 c:/program files (x86)/microchip/xc32/v1.31/bin/../lib/gcc/pic32mx/4.5.2/../../../../pic32mx/lib\libpic32.a(vector11.o)
                0x9fc01360                __vector_dispatch_11
                0x00000001                ASSERT (((_vector_spacing == 0x0) || (SIZEOF (.vector_11) <= (_vector_spacing << 0x5))), function at exception vector 11 too large)

.vector_12      0x9fc01380        0x8
 *(.vector_12)
 .vector_12     0x9fc01380        0x8 c:/program files (x86)/microchip/xc32/v1.31/bin/../lib/gcc/pic32mx/4.5.2/../../../../pic32mx/lib\libpic32.a(vector12.o)
                0x9fc01380                __vector_dispatch_12
                0x00000001                ASSERT (((_vector_spacing == 0x0) || (SIZEOF (.vector_12) <= (_vector_spacing << 0x5))), function at exception vector 12 too large)

.vector_13      0x9fc013a0        0x8
 *(.vector_13)
 .vector_13     0x9fc013a0        0x8 c:/program files (x86)/microchip/xc32/v1.31/bin/../lib/gcc/pic32mx/4.5.2/../../../../pic32mx/lib\libpic32.a(vector13.o)
                0x9fc013a0                __vector_dispatch_13
                0x00000001                ASSERT (((_vector_spacing == 0x0) || (SIZEOF (.vector_13) <= (_vector_spacing << 0x5))), function at exception vector 13 too large)

.vector_14      0x9fc013c0        0x8
 *(.vector_14)
 .vector_14     0x9fc013c0        0x8 c:/program files (x86)/microchip/xc32/v1.31/bin/../lib/gcc/pic32mx/4.5.2/../../../../pic32mx/lib\libpic32.a(vector14.o)
                0x9fc013c0                __vector_dispatch_14
                0x00000001                ASSERT (((_vector_spacing == 0x0) || (SIZEOF (.vector_14) <= (_vector_spacing << 0x5))), function at exception vector 14 too large)

.vector_15      0x9fc013e0        0x8
 *(.vector_15)
 .vector_15     0x9fc013e0        0x8 c:/program files (x86)/microchip/xc32/v1.31/bin/../lib/gcc/pic32mx/4.5.2/../../../../pic32mx/lib\libpic32.a(vector15.o)
                0x9fc013e0                __vector_dispatch_15
                0x00000001                ASSERT (((_vector_spacing == 0x0) || (SIZEOF (.vector_15) <= (_vector_spacing << 0x5))), function at exception vector 15 too large)

.vector_16      0x9fc01400        0x8
 *(.vector_16)
 .vector_16     0x9fc01400        0x8 c:/program files (x86)/microchip/xc32/v1.31/bin/../lib/gcc/pic32mx/4.5.2/../../../../pic32mx/lib\libpic32.a(vector16.o)
                0x9fc01400                __vector_dispatch_16
                0x00000001                ASSERT (((_vector_spacing == 0x0) || (SIZEOF (.vector_16) <= (_vector_spacing << 0x5))), function at exception vector 16 too large)

.vector_17      0x9fc01420        0x8
 *(.vector_17)
 .vector_17     0x9fc01420        0x8 c:/program files (x86)/microchip/xc32/v1.31/bin/../lib/gcc/pic32mx/4.5.2/../../../../pic32mx/lib\libpic32.a(vector17.o)
                0x9fc01420                __vector_dispatch_17
                0x00000001                ASSERT (((_vector_spacing == 0x0) || (SIZEOF (.vector_17) <= (_vector_spacing << 0x5))), function at exception vector 17 too large)

.vector_18      0x9fc01440        0x8
 *(.vector_18)
 .vector_18     0x9fc01440        0x8 c:/program files (x86)/microchip/xc32/v1.31/bin/../lib/gcc/pic32mx/4.5.2/../../../../pic32mx/lib\libpic32.a(vector18.o)
                0x9fc01440                __vector_dispatch_18
                0x00000001                ASSERT (((_vector_spacing == 0x0) || (SIZEOF (.vector_18) <= (_vector_spacing << 0x5))), function at exception vector 18 too large)

.vector_19      0x9fc01460        0x8
 *(.vector_19)
 .vector_19     0x9fc01460        0x8 c:/program files (x86)/microchip/xc32/v1.31/bin/../lib/gcc/pic32mx/4.5.2/../../../../pic32mx/lib\libpic32.a(vector19.o)
                0x9fc01460                __vector_dispatch_19
                0x00000001                ASSERT (((_vector_spacing == 0x0) || (SIZEOF (.vector_19) <= (_vector_spacing << 0x5))), function at exception vector 19 too large)

.vector_20      0x9fc01480        0x8
 *(.vector_20)
 .vector_20     0x9fc01480        0x8 c:/program files (x86)/microchip/xc32/v1.31/bin/../lib/gcc/pic32mx/4.5.2/../../../../pic32mx/lib\libpic32.a(vector20.o)
                0x9fc01480                __vector_dispatch_20
                0x00000001                ASSERT (((_vector_spacing == 0x0) || (SIZEOF (.vector_20) <= (_vector_spacing << 0x5))), function at exception vector 20 too large)

.vector_21      0x9fc014a0        0x8
 *(.vector_21)
 .vector_21     0x9fc014a0        0x8 c:/program files (x86)/microchip/xc32/v1.31/bin/../lib/gcc/pic32mx/4.5.2/../../../../pic32mx/lib\libpic32.a(vector21.o)
                0x9fc014a0                __vector_dispatch_21
                0x00000001                ASSERT (((_vector_spacing == 0x0) || (SIZEOF (.vector_21) <= (_vector_spacing << 0x5))), function at exception vector 21 too large)

.vector_22      0x9fc014c0        0x8
 *(.vector_22)
 .vector_22     0x9fc014c0        0x8 c:/program files (x86)/microchip/xc32/v1.31/bin/../lib/gcc/pic32mx/4.5.2/../../../../pic32mx/lib\libpic32.a(vector22.o)
                0x9fc014c0                __vector_dispatch_22
                0x00000001                ASSERT (((_vector_spacing == 0x0) || (SIZEOF (.vector_22) <= (_vector_spacing << 0x5))), function at exception vector 22 too large)

.vector_23      0x9fc014e0        0x8
 *(.vector_23)
 .vector_23     0x9fc014e0        0x8 c:/program files (x86)/microchip/xc32/v1.31/bin/../lib/gcc/pic32mx/4.5.2/../../../../pic32mx/lib\libpic32.a(vector23.o)
                0x9fc014e0                __vector_dispatch_23
                0x00000001                ASSERT (((_vector_spacing == 0x0) || (SIZEOF (.vector_23) <= (_vector_spacing << 0x5))), function at exception vector 23 too large)

.vector_24      0x9fc01500       0x10
 *(.vector_24)
 .vector_24     0x9fc01500       0x10 build/default/debug/_ext/1688732426/system_interrupt_a.o
                0x9fc01500                __vector_dispatch_24
                0x00000001                ASSERT (((_vector_spacing == 0x0) || (SIZEOF (.vector_24) <= (_vector_spacing << 0x5))), function at exception vector 24 too large)

.vector_25      0x9fc01520        0x8
 *(.vector_25)
 .vector_25     0x9fc01520        0x8 c:/program files (x86)/microchip/xc32/v1.31/bin/../lib/gcc/pic32mx/4.5.2/../../../../pic32mx/lib\libpic32.a(vector25.o)
                0x9fc01520                __vector_dispatch_25
                0x00000001                ASSERT (((_vector_spacing == 0x0) || (SIZEOF (.vector_25) <= (_vector_spacing << 0x5))), function at exception vector 25 too large)

.vector_26      0x9fc01540        0x8
 *(.vector_26)
 .vector_26     0x9fc01540        0x8 c:/program files (x86)/microchip/xc32/v1.31/bin/../lib/gcc/pic32mx/4.5.2/../../../../pic32mx/lib\libpic32.a(vector26.o)
                0x9fc01540                __vector_dispatch_26
                0x00000001                ASSERT (((_vector_spacing == 0x0) || (SIZEOF (.vector_26) <= (_vector_spacing << 0x5))), function at exception vector 26 too large)

.vector_27      0x9fc01560       0x10
 *(.vector_27)
 .vector_27     0x9fc01560       0x10 build/default/debug/_ext/1688732426/system_interrupt_a.o
                0x9fc01560                __vector_dispatch_27
                0x00000001                ASSERT (((_vector_spacing == 0x0) || (SIZEOF (.vector_27) <= (_vector_spacing << 0x5))), function at exception vector 27 too large)

.vector_28      0x9fc01580        0x8
 *(.vector_28)
 .vector_28     0x9fc01580        0x8 c:/program files (x86)/microchip/xc32/v1.31/bin/../lib/gcc/pic32mx/4.5.2/../../../../pic32mx/lib\libpic32.a(vector28.o)
                0x9fc01580                __vector_dispatch_28
                0x00000001                ASSERT (((_vector_spacing == 0x0) || (SIZEOF (.vector_28) <= (_vector_spacing << 0x5))), function at exception vector 28 too large)

.vector_29      0x9fc015a0        0x8
 *(.vector_29)
 .vector_29     0x9fc015a0        0x8 c:/program files (x86)/microchip/xc32/v1.31/bin/../lib/gcc/pic32mx/4.5.2/../../../../pic32mx/lib\libpic32.a(vector29.o)
                0x9fc015a0                __vector_dispatch_29
                0x00000001                ASSERT (((_vector_spacing == 0x0) || (SIZEOF (.vector_29) <= (_vector_spacing << 0x5))), function at exception vector 29 too large)

.vector_30      0x9fc015c0        0x8
 *(.vector_30)
 .vector_30     0x9fc015c0        0x8 c:/program files (x86)/microchip/xc32/v1.31/bin/../lib/gcc/pic32mx/4.5.2/../../../../pic32mx/lib\libpic32.a(vector30.o)
                0x9fc015c0                __vector_dispatch_30
                0x00000001                ASSERT (((_vector_spacing == 0x0) || (SIZEOF (.vector_30) <= (_vector_spacing << 0x5))), function at exception vector 30 too large)

.vector_31      0x9fc015e0        0x8
 *(.vector_31)
 .vector_31     0x9fc015e0        0x8 c:/program files (x86)/microchip/xc32/v1.31/bin/../lib/gcc/pic32mx/4.5.2/../../../../pic32mx/lib\libpic32.a(vector31.o)
                0x9fc015e0                __vector_dispatch_31
                0x00000001                ASSERT (((_vector_spacing == 0x0) || (SIZEOF (.vector_31) <= (_vector_spacing << 0x5))), function at exception vector 31 too large)

.vector_32      0x9fc01600        0x8
 *(.vector_32)
 .vector_32     0x9fc01600        0x8 c:/program files (x86)/microchip/xc32/v1.31/bin/../lib/gcc/pic32mx/4.5.2/../../../../pic32mx/lib\libpic32.a(vector32.o)
                0x9fc01600                __vector_dispatch_32
                0x00000001                ASSERT (((_vector_spacing == 0x0) || (SIZEOF (.vector_32) <= (_vector_spacing << 0x5))), function at exception vector 32 too large)

.vector_33      0x9fc01620        0x8
 *(.vector_33)
 .vector_33     0x9fc01620        0x8 c:/program files (x86)/microchip/xc32/v1.31/bin/../lib/gcc/pic32mx/4.5.2/../../../../pic32mx/lib\libpic32.a(vector33.o)
                0x9fc01620                __vector_dispatch_33
                0x00000001                ASSERT (((_vector_spacing == 0x0) || (SIZEOF (.vector_33) <= (_vector_spacing << 0x5))), function at exception vector 33 too large)

.vector_34      0x9fc01640        0x8
 *(.vector_34)
 .vector_34     0x9fc01640        0x8 c:/program files (x86)/microchip/xc32/v1.31/bin/../lib/gcc/pic32mx/4.5.2/../../../../pic32mx/lib\libpic32.a(vector34.o)
                0x9fc01640                __vector_dispatch_34
                0x00000001                ASSERT (((_vector_spacing == 0x0) || (SIZEOF (.vector_34) <= (_vector_spacing << 0x5))), function at exception vector 34 too large)

.vector_35      0x9fc01660        0x8
 *(.vector_35)
 .vector_35     0x9fc01660        0x8 c:/program files (x86)/microchip/xc32/v1.31/bin/../lib/gcc/pic32mx/4.5.2/../../../../pic32mx/lib\libpic32.a(vector35.o)
                0x9fc01660                __vector_dispatch_35
                0x00000001                ASSERT (((_vector_spacing == 0x0) || (SIZEOF (.vector_35) <= (_vector_spacing << 0x5))), function at exception vector 35 too large)

.vector_36      0x9fc01680        0x8
 *(.vector_36)
 .vector_36     0x9fc01680        0x8 c:/program files (x86)/microchip/xc32/v1.31/bin/../lib/gcc/pic32mx/4.5.2/../../../../pic32mx/lib\libpic32.a(vector36.o)
                0x9fc01680                __vector_dispatch_36
                0x00000001                ASSERT (((_vector_spacing == 0x0) || (SIZEOF (.vector_36) <= (_vector_spacing << 0x5))), function at exception vector 36 too large)

.vector_37      0x9fc016a0        0x8
 *(.vector_37)
 .vector_37     0x9fc016a0        0x8 c:/program files (x86)/microchip/xc32/v1.31/bin/../lib/gcc/pic32mx/4.5.2/../../../../pic32mx/lib\libpic32.a(vector37.o)
                0x9fc016a0                __vector_dispatch_37
                0x00000001                ASSERT (((_vector_spacing == 0x0) || (SIZEOF (.vector_37) <= (_vector_spacing << 0x5))), function at exception vector 37 too large)

.vector_38      0x9fc016c0        0x8
 *(.vector_38)
 .vector_38     0x9fc016c0        0x8 c:/program files (x86)/microchip/xc32/v1.31/bin/../lib/gcc/pic32mx/4.5.2/../../../../pic32mx/lib\libpic32.a(vector38.o)
                0x9fc016c0                __vector_dispatch_38
                0x00000001                ASSERT (((_vector_spacing == 0x0) || (SIZEOF (.vector_38) <= (_vector_spacing << 0x5))), function at exception vector 38 too large)

.vector_39      0x9fc016e0        0x8
 *(.vector_39)
 .vector_39     0x9fc016e0        0x8 c:/program files (x86)/microchip/xc32/v1.31/bin/../lib/gcc/pic32mx/4.5.2/../../../../pic32mx/lib\libpic32.a(vector39.o)
                0x9fc016e0                __vector_dispatch_39
                0x00000001                ASSERT (((_vector_spacing == 0x0) || (SIZEOF (.vector_39) <= (_vector_spacing << 0x5))), function at exception vector 39 too large)

.vector_40      0x9fc01700        0x8
 *(.vector_40)
 .vector_40     0x9fc01700        0x8 c:/program files (x86)/microchip/xc32/v1.31/bin/../lib/gcc/pic32mx/4.5.2/../../../../pic32mx/lib\libpic32.a(vector40.o)
                0x9fc01700                __vector_dispatch_40
                0x00000001                ASSERT (((_vector_spacing == 0x0) || (SIZEOF (.vector_40) <= (_vector_spacing << 0x5))), function at exception vector 40 too large)

.vector_41      0x9fc01720        0x8
 *(.vector_41)
 .vector_41     0x9fc01720        0x8 c:/program files (x86)/microchip/xc32/v1.31/bin/../lib/gcc/pic32mx/4.5.2/../../../../pic32mx/lib\libpic32.a(vector41.o)
                0x9fc01720                __vector_dispatch_41
                0x00000001                ASSERT (((_vector_spacing == 0x0) || (SIZEOF (.vector_41) <= (_vector_spacing << 0x5))), function at exception vector 41 too large)

.vector_42      0x9fc01740        0x8
 *(.vector_42)
 .vector_42     0x9fc01740        0x8 c:/program files (x86)/microchip/xc32/v1.31/bin/../lib/gcc/pic32mx/4.5.2/../../../../pic32mx/lib\libpic32.a(vector42.o)
                0x9fc01740                __vector_dispatch_42
                0x00000001                ASSERT (((_vector_spacing == 0x0) || (SIZEOF (.vector_42) <= (_vector_spacing << 0x5))), function at exception vector 42 too large)

.vector_43      0x9fc01760        0x8
 *(.vector_43)
 .vector_43     0x9fc01760        0x8 c:/program files (x86)/microchip/xc32/v1.31/bin/../lib/gcc/pic32mx/4.5.2/../../../../pic32mx/lib\libpic32.a(vector43.o)
                0x9fc01760                __vector_dispatch_43
                0x00000001                ASSERT (((_vector_spacing == 0x0) || (SIZEOF (.vector_43) <= (_vector_spacing << 0x5))), function at exception vector 43 too large)

.vector_44      0x9fc01780        0x8
 *(.vector_44)
 .vector_44     0x9fc01780        0x8 c:/program files (x86)/microchip/xc32/v1.31/bin/../lib/gcc/pic32mx/4.5.2/../../../../pic32mx/lib\libpic32.a(vector44.o)
                0x9fc01780                __vector_dispatch_44
                0x00000001                ASSERT (((_vector_spacing == 0x0) || (SIZEOF (.vector_44) <= (_vector_spacing << 0x5))), function at exception vector 44 too large)

.vector_45      0x9fc017a0        0x8
 *(.vector_45)
 .vector_45     0x9fc017a0        0x8 c:/program files (x86)/microchip/xc32/v1.31/bin/../lib/gcc/pic32mx/4.5.2/../../../../pic32mx/lib\libpic32.a(vector45.o)
                0x9fc017a0                __vector_dispatch_45
                0x00000001                ASSERT (((_vector_spacing == 0x0) || (SIZEOF (.vector_45) <= (_vector_spacing << 0x5))), function at exception vector 45 too large)

.vector_46      0x9fc017c0        0x8
 *(.vector_46)
 .vector_46     0x9fc017c0        0x8 c:/program files (x86)/microchip/xc32/v1.31/bin/../lib/gcc/pic32mx/4.5.2/../../../../pic32mx/lib\libpic32.a(vector46.o)
                0x9fc017c0                __vector_dispatch_46
                0x00000001                ASSERT (((_vector_spacing == 0x0) || (SIZEOF (.vector_46) <= (_vector_spacing << 0x5))), function at exception vector 46 too large)

.vector_47      0x9fc017e0        0x8
 *(.vector_47)
 .vector_47     0x9fc017e0        0x8 c:/program files (x86)/microchip/xc32/v1.31/bin/../lib/gcc/pic32mx/4.5.2/../../../../pic32mx/lib\libpic32.a(vector47.o)
                0x9fc017e0                __vector_dispatch_47
                0x00000001                ASSERT (((_vector_spacing == 0x0) || (SIZEOF (.vector_47) <= (_vector_spacing << 0x5))), function at exception vector 47 too large)

.vector_48      0x9fc01800        0x8
 *(.vector_48)
 .vector_48     0x9fc01800        0x8 c:/program files (x86)/microchip/xc32/v1.31/bin/../lib/gcc/pic32mx/4.5.2/../../../../pic32mx/lib\libpic32.a(vector48.o)
                0x9fc01800                __vector_dispatch_48
                0x00000001                ASSERT (((_vector_spacing == 0x0) || (SIZEOF (.vector_48) <= (_vector_spacing << 0x5))), function at exception vector 48 too large)

.vector_49      0x9fc01820        0x8
 *(.vector_49)
 .vector_49     0x9fc01820        0x8 c:/program files (x86)/microchip/xc32/v1.31/bin/../lib/gcc/pic32mx/4.5.2/../../../../pic32mx/lib\libpic32.a(vector49.o)
                0x9fc01820                __vector_dispatch_49
                0x00000001                ASSERT (((_vector_spacing == 0x0) || (SIZEOF (.vector_49) <= (_vector_spacing << 0x5))), function at exception vector 49 too large)

.vector_50      0x9fc01840        0x8
 *(.vector_50)
 .vector_50     0x9fc01840        0x8 c:/program files (x86)/microchip/xc32/v1.31/bin/../lib/gcc/pic32mx/4.5.2/../../../../pic32mx/lib\libpic32.a(vector50.o)
                0x9fc01840                __vector_dispatch_50
                0x00000001                ASSERT (((_vector_spacing == 0x0) || (SIZEOF (.vector_50) <= (_vector_spacing << 0x5))), function at exception vector 50 too large)

.vector_51      0x9fc01860        0x8
 *(.vector_51)
 .vector_51     0x9fc01860        0x8 c:/program files (x86)/microchip/xc32/v1.31/bin/../lib/gcc/pic32mx/4.5.2/../../../../pic32mx/lib\libpic32.a(vector51.o)
                0x9fc01860                __vector_dispatch_51
                0x00000001                ASSERT (((_vector_spacing == 0x0) || (SIZEOF (.vector_51) <= (_vector_spacing << 0x5))), function at exception vector 51 too large)

.vector_52      0x9fc01880        0x8
 *(.vector_52)
 .vector_52     0x9fc01880        0x8 c:/program files (x86)/microchip/xc32/v1.31/bin/../lib/gcc/pic32mx/4.5.2/../../../../pic32mx/lib\libpic32.a(vector52.o)
                0x9fc01880                __vector_dispatch_52
                0x00000001                ASSERT (((_vector_spacing == 0x0) || (SIZEOF (.vector_52) <= (_vector_spacing << 0x5))), function at exception vector 52 too large)

.vector_53      0x9fc018a0        0x8
 *(.vector_53)
 .vector_53     0x9fc018a0        0x8 c:/program files (x86)/microchip/xc32/v1.31/bin/../lib/gcc/pic32mx/4.5.2/../../../../pic32mx/lib\libpic32.a(vector53.o)
                0x9fc018a0                __vector_dispatch_53
                0x00000001                ASSERT (((_vector_spacing == 0x0) || (SIZEOF (.vector_53) <= (_vector_spacing << 0x5))), function at exception vector 53 too large)

.vector_54      0x9fc018c0        0x8
 *(.vector_54)
 .vector_54     0x9fc018c0        0x8 c:/program files (x86)/microchip/xc32/v1.31/bin/../lib/gcc/pic32mx/4.5.2/../../../../pic32mx/lib\libpic32.a(vector54.o)
                0x9fc018c0                __vector_dispatch_54
                0x00000001                ASSERT (((_vector_spacing == 0x0) || (SIZEOF (.vector_54) <= (_vector_spacing << 0x5))), function at exception vector 54 too large)

.vector_55      0x9fc018e0        0x8
 *(.vector_55)
 .vector_55     0x9fc018e0        0x8 c:/program files (x86)/microchip/xc32/v1.31/bin/../lib/gcc/pic32mx/4.5.2/../../../../pic32mx/lib\libpic32.a(vector55.o)
                0x9fc018e0                __vector_dispatch_55
                0x00000001                ASSERT (((_vector_spacing == 0x0) || (SIZEOF (.vector_55) <= (_vector_spacing << 0x5))), function at exception vector 55 too large)

.vector_56      0x9fc01900        0x8
 *(.vector_56)
 .vector_56     0x9fc01900        0x8 c:/program files (x86)/microchip/xc32/v1.31/bin/../lib/gcc/pic32mx/4.5.2/../../../../pic32mx/lib\libpic32.a(vector56.o)
                0x9fc01900                __vector_dispatch_56
                0x00000001                ASSERT (((_vector_spacing == 0x0) || (SIZEOF (.vector_56) <= (_vector_spacing << 0x5))), function at exception vector 56 too large)

.vector_57      0x9fc01920        0x8
 *(.vector_57)
 .vector_57     0x9fc01920        0x8 c:/program files (x86)/microchip/xc32/v1.31/bin/../lib/gcc/pic32mx/4.5.2/../../../../pic32mx/lib\libpic32.a(vector57.o)
                0x9fc01920                __vector_dispatch_57
                0x00000001                ASSERT (((_vector_spacing == 0x0) || (SIZEOF (.vector_57) <= (_vector_spacing << 0x5))), function at exception vector 57 too large)

.vector_58      0x9fc01940        0x8
 *(.vector_58)
 .vector_58     0x9fc01940        0x8 c:/program files (x86)/microchip/xc32/v1.31/bin/../lib/gcc/pic32mx/4.5.2/../../../../pic32mx/lib\libpic32.a(vector58.o)
                0x9fc01940                __vector_dispatch_58
                0x00000001                ASSERT (((_vector_spacing == 0x0) || (SIZEOF (.vector_58) <= (_vector_spacing << 0x5))), function at exception vector 58 too large)

.vector_59      0x9fc01960        0x8
 *(.vector_59)
 .vector_59     0x9fc01960        0x8 c:/program files (x86)/microchip/xc32/v1.31/bin/../lib/gcc/pic32mx/4.5.2/../../../../pic32mx/lib\libpic32.a(vector59.o)
                0x9fc01960                __vector_dispatch_59
                0x00000001                ASSERT (((_vector_spacing == 0x0) || (SIZEOF (.vector_59) <= (_vector_spacing << 0x5))), function at exception vector 59 too large)

.vector_60      0x9fc01980        0x8
 *(.vector_60)
 .vector_60     0x9fc01980        0x8 c:/program files (x86)/microchip/xc32/v1.31/bin/../lib/gcc/pic32mx/4.5.2/../../../../pic32mx/lib\libpic32.a(vector60.o)
                0x9fc01980                __vector_dispatch_60
                0x00000001                ASSERT (((_vector_spacing == 0x0) || (SIZEOF (.vector_60) <= (_vector_spacing << 0x5))), function at exception vector 60 too large)

.vector_61      0x9fc019a0        0x8
 *(.vector_61)
 .vector_61     0x9fc019a0        0x8 c:/program files (x86)/microchip/xc32/v1.31/bin/../lib/gcc/pic32mx/4.5.2/../../../../pic32mx/lib\libpic32.a(vector61.o)
                0x9fc019a0                __vector_dispatch_61
                0x00000001                ASSERT (((_vector_spacing == 0x0) || (SIZEOF (.vector_61) <= (_vector_spacing << 0x5))), function at exception vector 61 too large)

.vector_62      0x9fc019c0        0x8
 *(.vector_62)
 .vector_62     0x9fc019c0        0x8 c:/program files (x86)/microchip/xc32/v1.31/bin/../lib/gcc/pic32mx/4.5.2/../../../../pic32mx/lib\libpic32.a(vector62.o)
                0x9fc019c0                __vector_dispatch_62
                0x00000001                ASSERT (((_vector_spacing == 0x0) || (SIZEOF (.vector_62) <= (_vector_spacing << 0x5))), function at exception vector 62 too large)

.vector_63      0x9fc019e0        0x8
 *(.vector_63)
 .vector_63     0x9fc019e0        0x8 c:/program files (x86)/microchip/xc32/v1.31/bin/../lib/gcc/pic32mx/4.5.2/../../../../pic32mx/lib\libpic32.a(vector63.o)
                0x9fc019e0                __vector_dispatch_63
                0x00000001                ASSERT (((_vector_spacing == 0x0) || (SIZEOF (.vector_63) <= (_vector_spacing << 0x5))), function at exception vector 63 too large)

.startup
 *(.startup)

.text           0x9d000000        0x0
 *(.stub .gnu.linkonce.t.*)
 *(.text.*personality*)
 *(.mips16.fn.*)
 *(.mips16.call.*)
 *(.gnu.warning)
                0x9d000000                . = ALIGN (0x4)

.init           0x9d000000        0x0
 *crti.o(.init)
 *crtbegin.o(.init)
 *(EXCLUDE_FILE(*crtn.o *crtend?.o *crtend.o) .init)
 *crtend.o(.init)
 *crtn.o(.init)
                0x9d000000                . = ALIGN (0x4)

.fini           0x9d000000        0x0
 *(.fini)
                0x9d000000                . = ALIGN (0x4)

.preinit_array  0x9d000000        0x0
                0x9d000000                PROVIDE (__preinit_array_start, .)
 *(.preinit_array)
                0x9d000000                PROVIDE (__preinit_array_end, .)
                0x9d000000                . = ALIGN (0x4)

.init_array     0x9d000000        0x0
                0x9d000000                PROVIDE (__init_array_start, .)
 *(SORT(.init_array.*))
 *(.init_array)
                0x9d000000                PROVIDE (__init_array_end, .)
                0x9d000000                . = ALIGN (0x4)

.fini_array     0x9d000000        0x0
                0x9d000000                PROVIDE (__fini_array_start, .)
 *(SORT(.fini_array.*))
 *(.fini_array)
                0x9d000000                PROVIDE (__fini_array_end, .)
                0x9d000000                . = ALIGN (0x4)

.ctors          0x9d000000        0x0
 *crtbegin.o(.ctors)
 *crtbegin?.o(.ctors)
 *(EXCLUDE_FILE(*crtend?.o *crtend.o) .ctors)
 *(SORT(.ctors.*))
 *(.ctors)
                0x9d000000                . = ALIGN (0x4)

.dtors          0x9d000000        0x0
 *crtbegin.o(.dtors)
 *crtbegin?.o(.dtors)
 *(EXCLUDE_FILE(*crtend?.o *crtend.o) .dtors)
 *(SORT(.dtors.*))
 *(.dtors)
                0x9d000000                . = ALIGN (0x4)

.rodata         0x9d000000        0x0
 *(.gnu.linkonce.r.*)
 *(.rodata1)
                0x9d000000                . = ALIGN (0x4)

.sdata2         0x9fc00490        0x0
 *(.sdata2 .sdata2.* .gnu.linkonce.s2.*)
                0x9fc00490                . = ALIGN (0x4)

.sbss2          0x9fc00490        0x0
 *(.sbss2 .sbss2.* .gnu.linkonce.sb2.*)
                0x9fc00490                . = ALIGN (0x4)

.eh_frame_hdr
 *(.eh_frame_hdr)
                0x9fc00490                . = ALIGN (0x4)

.eh_frame
 *(.eh_frame)
                0x9fc00490                . = ALIGN (0x4)

.gcc_except_table
 *(.gcc_except_table .gcc_except_table.*)
                0x9fc00490                . = ALIGN (0x4)

.dbg_data       0xa0000000      0x200
                0xa0000000                . = (. + DEFINED (_DEBUGGER)?0x200:0x0)
 *fill*         0xa0000000      0x200 

.jcr            0xa0000200        0x0
 *(.jcr)
                0xa0000200                . = ALIGN (0x4)

.eh_frame
 *(.eh_frame)
                0xa0000200                . = ALIGN (0x4)

.gcc_except_table
 *(.gcc_except_table .gcc_except_table.*)
                0xa0000200                . = ALIGN (0x4)

.persist        0xa0000200        0x0
                0xa0000200                _persist_begin = .
 *(.persist .persist.*)
 *(.pbss .pbss.*)
                0xa0000200                . = ALIGN (0x4)
                0xa0000200                _persist_end = .

.data           0xa0000200        0x0
 *(.gnu.linkonce.d.*)
 *(.data1)
                0xa0000200                . = ALIGN (0x4)
                0xa0000200                . = .
                0xa00081f0                _gp = (ALIGN (0x10) + 0x7ff0)

.got            0xa0000200        0x0
 *(.got.plt)
 *(.got)
                0xa0000200                . = ALIGN (0x4)

.sdata          0xa0000200        0x8
                0xa0000200                _sdata_begin = .
 *(.sdata .sdata.* .gnu.linkonce.s.*)
 .sdata         0xa0000200        0x4 build/default/debug/_ext/630015897/port.o
                0xa0000200                uxInterruptNesting
 .sdata         0xa0000204        0x4 build/default/debug/_ext/8958737/tasks.o
                0xa0000204                xNextTaskUnblockTime
                0xa0000208                . = ALIGN (0x4)
                0xa0000208                _sdata_end = .

.lit8
 *(.lit8)

.lit4
 *(.lit4)
                0xa0000208                . = ALIGN (0x4)
                0xa0000208                _data_end = .
                0xa0000208                _bss_begin = .

.sbss           0xa0000208       0x8c
                0xa0000208                _sbss_begin = .
 *(.dynsbss)
 *(.sbss .sbss.* .gnu.linkonce.sb.*)
 .sbss          0xa0000208        0xc build/default/debug/_ext/1688732426/system_exceptions.o
 .sbss          0xa0000214        0x8 build/default/debug/_ext/1920397356/heap_1.o
 .sbss          0xa000021c        0x4 build/default/debug/_ext/630015897/port.o
                0xa000021c                uxSavedTaskStackPointer
 .sbss          0xa0000220       0x2c build/default/debug/_ext/8958737/tasks.o
                0xa0000220                pxCurrentTCB
                0xa0000224                uxTasksDeleted
                0xa0000228                uxCurrentNumberOfTasks
                0xa000022c                xTickCount
                0xa0000230                uxTopReadyPriority
                0xa0000234                xSchedulerRunning
                0xa0000238                uxPendedTicks
                0xa000023c                xYieldPending
                0xa0000240                xNumOfOverflows
                0xa0000244                uxTaskNumber
                0xa0000248                uxSchedulerSuspended
 .sbss          0xa000024c       0x10 build/default/debug/_ext/8958737/timers.o
 .sbss          0xa000025c        0x2 build/default/debug/_ext/1360937237/timer1Callback.o
                0xa000025c                change
 *(.scommon)
 *fill*         0xa000025e        0x2 
 .scommon       0xa0000260       0x14 build/default/debug/_ext/1345626252/drv_usart_static.o
                0xa0000260                xTimer1
                0xa0000264                xQueueADC
                0xa0000268                transmitQueue
                0xa000026c                controlQueue
                0xa0000270                motorQueue
 .scommon       0xa0000274        0x0 build/default/debug/_ext/639803181/sys_clk_static.o
 .scommon       0xa0000274        0x4 build/default/debug/_ext/1688732426/system_init.o
                0xa0000274                sysObj
 .scommon       0xa0000278        0x0 build/default/debug/_ext/1688732426/system_interrupt.o
 .scommon       0xa0000278        0x0 build/default/debug/_ext/1688732426/system_exceptions.o
 .scommon       0xa0000278        0x0 build/default/debug/_ext/1688732426/system_tasks.o
 .scommon       0xa0000278        0x4 build/default/debug/_ext/1360937237/control.o
                0xa0000278                controlData
 .scommon       0xa000027c        0x4 build/default/debug/_ext/1360937237/motor.o
                0xa000027c                motorData
 .scommon       0xa0000280        0x4 build/default/debug/_ext/1360937237/sensor.o
                0xa0000280                sensorData
 .scommon       0xa0000284        0x8 build/default/debug/_ext/394875440/sys_devcon.o
                0xa0000284                sysDevconObj
 .scommon       0xa000028c        0x8 build/default/debug/_ext/8958737/tasks.o
                0xa000028c                pxDelayedTaskList
                0xa0000290                pxOverflowDelayedTaskList
 .scommon       0xa0000294        0x0 build/default/debug/_ext/1360937237/usart.o
 .scommon       0xa0000294        0x0 build/default/debug/_ext/1360937237/debug.o
 .scommon       0xa0000294        0x0 build/default/debug/_ext/1360937237/timer1Callback.o
                0xa0000294                _sbss_end = .
                0xa0000294                . = ALIGN (0x4)

.bss            0xa0000294       0xc8
 *(.dynbss)
 *(COMMON)
 COMMON         0xa0000294       0xc8 build/default/debug/_ext/8958737/tasks.o
                0xa0000294                pxReadyTasksLists
                0xa00002f8                xPendingReadyList
                0xa000030c                xTasksWaitingTermination
                0xa0000320                xSuspendedTaskList
                0xa0000334                xDelayedTaskList2
                0xa0000348                xDelayedTaskList1
                0xa000035c                . = ALIGN ((. != 0x0)?0x4:0x1)
                0xa000035c                . = ALIGN (0x4)
                0xa000035c                _end = .
                0xa000035c                _bss_end = .
                0x00020000                _bmxdudba_address = 0x20000
                0x00020000                _bmxdupba_address = 0x20000

/DISCARD/
 *(.pdr)
 *(.rel.dyn)
 *(.note.GNU-stack)
 *(.note.GNU-stack)
 *(.gnu_debuglink)
 *(.gnu.lto_*)
 *(.discard)

.gptab.sdata
 *(.gptab.data)
 *(.gptab.sdata)

.gptab.sbss
 *(.gptab.bss)
 *(.gptab.sbss)

.mdebug.abi32   0xa000035c        0x0
 *(.mdebug.abi32)
 .mdebug.abi32  0xa000035c        0x0 build/default/debug/_ext/1361460060/drv_adc_static.o
 .mdebug.abi32  0xa000035c        0x0 build/default/debug/_ext/1345626252/drv_usart_static.o
 .mdebug.abi32  0xa000035c        0x0 build/default/debug/_ext/639803181/sys_clk_static.o
 .mdebug.abi32  0xa000035c        0x0 build/default/debug/_ext/822048611/sys_ports_static.o
 .mdebug.abi32  0xa000035c        0x0 build/default/debug/_ext/1688732426/system_init.o
 .mdebug.abi32  0xa000035c        0x0 build/default/debug/_ext/1688732426/system_interrupt.o
 .mdebug.abi32  0xa000035c        0x0 build/default/debug/_ext/1688732426/system_exceptions.o
 .mdebug.abi32  0xa000035c        0x0 build/default/debug/_ext/1688732426/system_tasks.o
 .mdebug.abi32  0xa000035c        0x0 build/default/debug/_ext/1688732426/rtos_hooks.o
 .mdebug.abi32  0xa000035c        0x0 build/default/debug/_ext/1360937237/control.o
 .mdebug.abi32  0xa000035c        0x0 build/default/debug/_ext/1360937237/motor.o
 .mdebug.abi32  0xa000035c        0x0 build/default/debug/_ext/1360937237/sensor.o
 .mdebug.abi32  0xa000035c        0x0 build/default/debug/_ext/1360937237/main.o
 .mdebug.abi32  0xa000035c        0x0 build/default/debug/_ext/1737654518/osal_freertos.o
 .mdebug.abi32  0xa000035c        0x0 build/default/debug/_ext/394875440/sys_devcon.o
 .mdebug.abi32  0xa000035c        0x0 build/default/debug/_ext/394875440/sys_devcon_pic32mx.o
 .mdebug.abi32  0xa000035c        0x0 build/default/debug/_ext/312783478/sys_int_pic32.o
 .mdebug.abi32  0xa000035c        0x0 build/default/debug/_ext/2111169689/sys_ports.o
 .mdebug.abi32  0xa000035c        0x0 build/default/debug/_ext/1920397356/heap_1.o
 .mdebug.abi32  0xa000035c        0x0 build/default/debug/_ext/630015897/port.o
 .mdebug.abi32  0xa000035c        0x0 build/default/debug/_ext/8958737/croutine.o
 .mdebug.abi32  0xa000035c        0x0 build/default/debug/_ext/8958737/list.o
 .mdebug.abi32  0xa000035c        0x0 build/default/debug/_ext/8958737/queue.o
 .mdebug.abi32  0xa000035c        0x0 build/default/debug/_ext/8958737/tasks.o
 .mdebug.abi32  0xa000035c        0x0 build/default/debug/_ext/8958737/timers.o
 .mdebug.abi32  0xa000035c        0x0 build/default/debug/_ext/8958737/event_groups.o
 .mdebug.abi32  0xa000035c        0x0 build/default/debug/_ext/1360937237/usart.o
 .mdebug.abi32  0xa000035c        0x0 build/default/debug/_ext/1360937237/debug.o
 .mdebug.abi32  0xa000035c        0x0 build/default/debug/_ext/1360937237/timer1Callback.o
 .mdebug.abi32  0xa000035c        0x0 c:/program files (x86)/microchip/xc32/v1.31/bin/../lib/gcc/pic32mx/4.5.2/../../../../pic32mx/lib\libpic32.a(default-bootstrap-exception-handler.o)
 .mdebug.abi32  0xa000035c        0x0 c:/program files (x86)/microchip/xc32/v1.31/bin/../lib/gcc/pic32mx/4.5.2/../../../../pic32mx/lib\libpic32.a(default-on-reset.o)
 .mdebug.abi32  0xa000035c        0x0 c:/program files (x86)/microchip/xc32/v1.31/bin/../lib/gcc/pic32mx/4.5.2/../../../../pic32mx/lib\libpic32.a(default-on-bootstrap.o)
 .mdebug.abi32  0xa000035c        0x0 c:/program files (x86)/microchip/xc32/v1.31/bin/../lib/gcc/pic32mx/4.5.2/../../../../pic32mx/lib\libpic32.a(defaultinterrupt.o)
 .mdebug.abi32  0xa000035c        0x0 c:/program files (x86)/microchip/xc32/v1.31/bin/../lib/gcc/pic32mx/4.5.2/../../../../pic32mx/lib\software-debug-break.o

.mdebug.abiN32
 *(.mdebug.abiN32)

.mdebug.abi64
 *(.mdebug.abi64)

.mdebug.abiO64
 *(.mdebug.abiO64)

.mdebug.eabi32
 *(.mdebug.eabi32)

.mdebug.eabi64
 *(.mdebug.eabi64)

.gcc_compiled_long32
 *(.gcc_compiled_long32)

.gcc_compiled_long64
 *(.gcc_compiled_long64)

.stab
 *(.stab)

.stabstr
 *(.stabstr)

.stab.excl
 *(.stab.excl)

.stab.exclstr
 *(.stab.exclstr)

.stab.index
 *(.stab.index)

.stab.indexstr
 *(.stab.indexstr)

.comment        0x00000000       0xa8
 *(.comment)
 .comment       0x00000000       0x3c build/default/debug/_ext/1361460060/drv_adc_static.o
                                 0x3d (size before relaxing)
 .comment       0x00000000       0x3d build/default/debug/_ext/1345626252/drv_usart_static.o
 .comment       0x00000000       0x3d build/default/debug/_ext/639803181/sys_clk_static.o
 .comment       0x00000000       0x3d build/default/debug/_ext/822048611/sys_ports_static.o
 .comment       0x00000000       0x3d build/default/debug/_ext/1688732426/system_init.o
 .comment       0x00000000       0x3d build/default/debug/_ext/1688732426/system_interrupt.o
 .comment       0x00000000       0x3d build/default/debug/_ext/1688732426/system_exceptions.o
 .comment       0x00000000       0x3d build/default/debug/_ext/1688732426/system_tasks.o
 .comment       0x00000000       0x3d build/default/debug/_ext/1688732426/rtos_hooks.o
 .comment       0x00000000       0x3d build/default/debug/_ext/1360937237/control.o
 .comment       0x00000000       0x3d build/default/debug/_ext/1360937237/motor.o
 .comment       0x00000000       0x3d build/default/debug/_ext/1360937237/sensor.o
 .comment       0x00000000       0x3d build/default/debug/_ext/1360937237/main.o
 .comment       0x00000000       0x3d build/default/debug/_ext/1737654518/osal_freertos.o
 .comment       0x00000000       0x3d build/default/debug/_ext/394875440/sys_devcon.o
 .comment       0x00000000       0x3d build/default/debug/_ext/394875440/sys_devcon_pic32mx.o
 .comment       0x00000000       0x3d build/default/debug/_ext/312783478/sys_int_pic32.o
 .comment       0x00000000       0x3d build/default/debug/_ext/2111169689/sys_ports.o
 .comment       0x00000000       0x3d build/default/debug/_ext/1920397356/heap_1.o
 .comment       0x00000000       0x3d build/default/debug/_ext/630015897/port.o
 .comment       0x00000000       0x3d build/default/debug/_ext/8958737/croutine.o
 .comment       0x00000000       0x3d build/default/debug/_ext/8958737/list.o
 .comment       0x00000000       0x3d build/default/debug/_ext/8958737/queue.o
 .comment       0x00000000       0x3d build/default/debug/_ext/8958737/tasks.o
 .comment       0x00000000       0x3d build/default/debug/_ext/8958737/timers.o
 .comment       0x00000000       0x3d build/default/debug/_ext/8958737/event_groups.o
 .comment       0x00000000       0x3d build/default/debug/_ext/1360937237/usart.o
 .comment       0x00000000       0x3d build/default/debug/_ext/1360937237/debug.o
 .comment       0x00000000       0x3d build/default/debug/_ext/1360937237/timer1Callback.o
 .comment       0x0000003c       0x18 c:/program files (x86)/microchip/xc32/v1.31/bin/../lib/gcc/pic32mx/4.5.2/../../../../pic32mx/lib\libpic32.a(memcmp.o)
                                 0x19 (size before relaxing)
 .comment       0x00000054       0x18 c:/program files (x86)/microchip/xc32/v1.31/bin/../lib/gcc/pic32mx/4.5.2/../../../../pic32mx/lib\libpic32.a(memset.o)
                                 0x19 (size before relaxing)
 .comment       0x0000006c       0x3c c:/program files (x86)/microchip/xc32/v1.31/bin/../lib/gcc/pic32mx/4.5.2/../../../../pic32mx/lib\libpic32.a(default-bootstrap-exception-handler.o)
                                 0x3d (size before relaxing)
 .comment       0x00000000       0x3d c:/program files (x86)/microchip/xc32/v1.31/bin/../lib/gcc/pic32mx/4.5.2/../../../../pic32mx/lib\libpic32.a(default-on-reset.o)
 .comment       0x00000000       0x3d c:/program files (x86)/microchip/xc32/v1.31/bin/../lib/gcc/pic32mx/4.5.2/../../../../pic32mx/lib\libpic32.a(default-on-bootstrap.o)
 .comment       0x00000000       0x3d c:/program files (x86)/microchip/xc32/v1.31/bin/../lib/gcc/pic32mx/4.5.2/../../../../pic32mx/lib\libpic32.a(defaultinterrupt.o)
 .comment       0x00000000       0x3d c:/program files (x86)/microchip/xc32/v1.31/bin/../lib/gcc/pic32mx/4.5.2/../../../../pic32mx/lib\software-debug-break.o

.debug
 *(.debug)

.line
 *(.line)

.debug_srcinfo
 *(.debug_srcinfo)

.debug_sfnames
 *(.debug_sfnames)

.debug_aranges  0x00000000      0xa30
 *(.debug_aranges)
 .debug_aranges
                0x00000000       0x78 build/default/debug/_ext/1361460060/drv_adc_static.o
 .debug_aranges
                0x00000078       0x38 build/default/debug/_ext/1345626252/drv_usart_static.o
 .debug_aranges
                0x000000b0       0x38 build/default/debug/_ext/639803181/sys_clk_static.o
 .debug_aranges
                0x000000e8       0x20 build/default/debug/_ext/822048611/sys_ports_static.o
 .debug_aranges
                0x00000108       0x20 build/default/debug/_ext/1688732426/system_init.o
 .debug_aranges
                0x00000128       0x28 build/default/debug/_ext/1688732426/system_interrupt.o
 .debug_aranges
                0x00000150       0x20 build/default/debug/_ext/1688732426/system_exceptions.o
 .debug_aranges
                0x00000170       0x40 build/default/debug/_ext/1688732426/system_tasks.o
 .debug_aranges
                0x000001b0       0x38 build/default/debug/_ext/1688732426/system_interrupt_a.o
 .debug_aranges
                0x000001e8       0x28 build/default/debug/_ext/1688732426/rtos_hooks.o
 .debug_aranges
                0x00000210       0x28 build/default/debug/_ext/1360937237/control.o
 .debug_aranges
                0x00000238       0x28 build/default/debug/_ext/1360937237/motor.o
 .debug_aranges
                0x00000260       0x28 build/default/debug/_ext/1360937237/sensor.o
 .debug_aranges
                0x00000288       0x20 build/default/debug/_ext/1360937237/main.o
 .debug_aranges
                0x000002a8       0x88 build/default/debug/_ext/1737654518/osal_freertos.o
 .debug_aranges
                0x00000330       0x78 build/default/debug/_ext/394875440/sys_devcon.o
 .debug_aranges
                0x000003a8       0x20 build/default/debug/_ext/394875440/sys_devcon_pic32mx.o
 .debug_aranges
                0x000003c8       0x48 build/default/debug/_ext/312783478/sys_int_pic32.o
 .debug_aranges
                0x00000410       0xf8 build/default/debug/_ext/2111169689/sys_ports.o
 .debug_aranges
                0x00000508       0x38 build/default/debug/_ext/1920397356/heap_1.o
 .debug_aranges
                0x00000540       0x58 build/default/debug/_ext/630015897/port.o
 .debug_aranges
                0x00000598       0x20 build/default/debug/_ext/630015897/port_asm.o
 .debug_aranges
                0x000005b8       0x40 build/default/debug/_ext/8958737/list.o
 .debug_aranges
                0x000005f8       0xb8 build/default/debug/_ext/8958737/queue.o
 .debug_aranges
                0x000006b0      0x1a0 build/default/debug/_ext/8958737/tasks.o
 .debug_aranges
                0x00000850       0x70 build/default/debug/_ext/8958737/timers.o
 .debug_aranges
                0x000008c0       0x68 build/default/debug/_ext/8958737/event_groups.o
 .debug_aranges
                0x00000928       0x28 build/default/debug/_ext/1360937237/usart.o
 .debug_aranges
                0x00000950       0x20 build/default/debug/_ext/1360937237/debug.o
 .debug_aranges
                0x00000970       0x20 build/default/debug/_ext/1360937237/timer1Callback.o
 .debug_aranges
                0x00000990       0x20 c:/program files (x86)/microchip/xc32/v1.31/bin/../lib/gcc/pic32mx/4.5.2/../../../../pic32mx/lib\libpic32.a(default-bootstrap-exception-handler.o)
 .debug_aranges
                0x000009b0       0x20 c:/program files (x86)/microchip/xc32/v1.31/bin/../lib/gcc/pic32mx/4.5.2/../../../../pic32mx/lib\libpic32.a(default-on-reset.o)
 .debug_aranges
                0x000009d0       0x20 c:/program files (x86)/microchip/xc32/v1.31/bin/../lib/gcc/pic32mx/4.5.2/../../../../pic32mx/lib\libpic32.a(default-on-bootstrap.o)
 .debug_aranges
                0x000009f0       0x20 c:/program files (x86)/microchip/xc32/v1.31/bin/../lib/gcc/pic32mx/4.5.2/../../../../pic32mx/lib\libpic32.a(defaultinterrupt.o)
 .debug_aranges
                0x00000a10       0x20 c:/program files (x86)/microchip/xc32/v1.31/bin/../lib/gcc/pic32mx/4.5.2/../../../../pic32mx/lib\software-debug-break.o

.debug_pubnames
                0x00000000     0x1c81
 *(.debug_pubnames)
 .debug_pubnames
                0x00000000      0x142 build/default/debug/_ext/1361460060/drv_adc_static.o
 .debug_pubnames
                0x00000142       0xce build/default/debug/_ext/1345626252/drv_usart_static.o
 .debug_pubnames
                0x00000210       0xde build/default/debug/_ext/639803181/sys_clk_static.o
 .debug_pubnames
                0x000002ee       0x2b build/default/debug/_ext/822048611/sys_ports_static.o
 .debug_pubnames
                0x00000319       0x8e build/default/debug/_ext/1688732426/system_init.o
 .debug_pubnames
                0x000003a7       0x93 build/default/debug/_ext/1688732426/system_interrupt.o
 .debug_pubnames
                0x0000043a       0x7d build/default/debug/_ext/1688732426/system_exceptions.o
 .debug_pubnames
                0x000004b7       0x6c build/default/debug/_ext/1688732426/system_tasks.o
 .debug_pubnames
                0x00000523       0x55 build/default/debug/_ext/1688732426/rtos_hooks.o
 .debug_pubnames
                0x00000578       0x97 build/default/debug/_ext/1360937237/control.o
 .debug_pubnames
                0x0000060f       0x91 build/default/debug/_ext/1360937237/motor.o
 .debug_pubnames
                0x000006a0       0x94 build/default/debug/_ext/1360937237/sensor.o
 .debug_pubnames
                0x00000734       0x1b build/default/debug/_ext/1360937237/main.o
 .debug_pubnames
                0x0000074f      0x129 build/default/debug/_ext/1737654518/osal_freertos.o
 .debug_pubnames
                0x00000878      0x160 build/default/debug/_ext/394875440/sys_devcon.o
 .debug_pubnames
                0x000009d8       0x33 build/default/debug/_ext/394875440/sys_devcon_pic32mx.o
 .debug_pubnames
                0x00000a0b       0xb9 build/default/debug/_ext/312783478/sys_int_pic32.o
 .debug_pubnames
                0x00000ac4      0x376 build/default/debug/_ext/2111169689/sys_ports.o
 .debug_pubnames
                0x00000e3a       0x64 build/default/debug/_ext/1920397356/heap_1.o
 .debug_pubnames
                0x00000e9e      0x130 build/default/debug/_ext/630015897/port.o
 .debug_pubnames
                0x00000fce       0x72 build/default/debug/_ext/8958737/list.o
 .debug_pubnames
                0x00001040      0x1d1 build/default/debug/_ext/8958737/queue.o
 .debug_pubnames
                0x00001211      0x692 build/default/debug/_ext/8958737/tasks.o
 .debug_pubnames
                0x000018a3       0xb1 build/default/debug/_ext/8958737/timers.o
 .debug_pubnames
                0x00001954       0xf8 build/default/debug/_ext/8958737/event_groups.o
 .debug_pubnames
                0x00001a4c       0x7c build/default/debug/_ext/1360937237/usart.o
 .debug_pubnames
                0x00001ac8       0x6e build/default/debug/_ext/1360937237/debug.o
 .debug_pubnames
                0x00001b36       0x7c build/default/debug/_ext/1360937237/timer1Callback.o
 .debug_pubnames
                0x00001bb2       0x33 c:/program files (x86)/microchip/xc32/v1.31/bin/../lib/gcc/pic32mx/4.5.2/../../../../pic32mx/lib\libpic32.a(default-bootstrap-exception-handler.o)
 .debug_pubnames
                0x00001be5       0x20 c:/program files (x86)/microchip/xc32/v1.31/bin/../lib/gcc/pic32mx/4.5.2/../../../../pic32mx/lib\libpic32.a(default-on-reset.o)
 .debug_pubnames
                0x00001c05       0x24 c:/program files (x86)/microchip/xc32/v1.31/bin/../lib/gcc/pic32mx/4.5.2/../../../../pic32mx/lib\libpic32.a(default-on-bootstrap.o)
 .debug_pubnames
                0x00001c29       0x28 c:/program files (x86)/microchip/xc32/v1.31/bin/../lib/gcc/pic32mx/4.5.2/../../../../pic32mx/lib\libpic32.a(defaultinterrupt.o)
 .debug_pubnames
                0x00001c51       0x30 c:/program files (x86)/microchip/xc32/v1.31/bin/../lib/gcc/pic32mx/4.5.2/../../../../pic32mx/lib\software-debug-break.o

.debug_info     0x00000000    0x28593
 *(.debug_info .gnu.linkonce.wi.*)
 .debug_info    0x00000000     0x41c9 build/default/debug/_ext/1361460060/drv_adc_static.o
 .debug_info    0x000041c9     0x4151 build/default/debug/_ext/1345626252/drv_usart_static.o
 .debug_info    0x0000831a     0x1ea1 build/default/debug/_ext/639803181/sys_clk_static.o
 .debug_info    0x0000a1bb      0xf15 build/default/debug/_ext/822048611/sys_ports_static.o
 .debug_info    0x0000b0d0     0x16f6 build/default/debug/_ext/1688732426/system_init.o
 .debug_info    0x0000c7c6     0x2605 build/default/debug/_ext/1688732426/system_interrupt.o
 .debug_info    0x0000edcb     0x1609 build/default/debug/_ext/1688732426/system_exceptions.o
 .debug_info    0x000103d4     0x16dc build/default/debug/_ext/1688732426/system_tasks.o
 .debug_info    0x00011ab0       0x88 build/default/debug/_ext/1688732426/system_interrupt_a.o
 .debug_info    0x00011b38      0x226 build/default/debug/_ext/1688732426/rtos_hooks.o
 .debug_info    0x00011d5e     0x1738 build/default/debug/_ext/1360937237/control.o
 .debug_info    0x00013496     0x16d0 build/default/debug/_ext/1360937237/motor.o
 .debug_info    0x00014b66     0x1699 build/default/debug/_ext/1360937237/sensor.o
 .debug_info    0x000161ff      0x13f build/default/debug/_ext/1360937237/main.o
 .debug_info    0x0001633e      0x743 build/default/debug/_ext/1737654518/osal_freertos.o
 .debug_info    0x00016a81     0x10fe build/default/debug/_ext/394875440/sys_devcon.o
 .debug_info    0x00017b7f      0xef4 build/default/debug/_ext/394875440/sys_devcon_pic32mx.o
 .debug_info    0x00018a73     0x1610 build/default/debug/_ext/312783478/sys_int_pic32.o
 .debug_info    0x0001a083     0x3348 build/default/debug/_ext/2111169689/sys_ports.o
 .debug_info    0x0001d3cb      0x312 build/default/debug/_ext/1920397356/heap_1.o
 .debug_info    0x0001d6dd     0x11d5 build/default/debug/_ext/630015897/port.o
 .debug_info    0x0001e8b2       0xc7 build/default/debug/_ext/630015897/port_asm.o
 .debug_info    0x0001e979      0x175 build/default/debug/_ext/8958737/croutine.o
 .debug_info    0x0001eaee      0x46e build/default/debug/_ext/8958737/list.o
 .debug_info    0x0001ef5c      0xf9f build/default/debug/_ext/8958737/queue.o
 .debug_info    0x0001fefb     0x1e20 build/default/debug/_ext/8958737/tasks.o
 .debug_info    0x00021d1b      0xd84 build/default/debug/_ext/8958737/timers.o
 .debug_info    0x00022a9f      0x975 build/default/debug/_ext/8958737/event_groups.o
 .debug_info    0x00023414     0x2123 build/default/debug/_ext/1360937237/usart.o
 .debug_info    0x00025537     0x164a build/default/debug/_ext/1360937237/debug.o
 .debug_info    0x00026b81     0x161c build/default/debug/_ext/1360937237/timer1Callback.o
 .debug_info    0x0002819d       0xde c:/program files (x86)/microchip/xc32/v1.31/bin/../lib/gcc/pic32mx/4.5.2/../../../../pic32mx/lib\libpic32.a(default-bootstrap-exception-handler.o)
 .debug_info    0x0002827b       0xb8 c:/program files (x86)/microchip/xc32/v1.31/bin/../lib/gcc/pic32mx/4.5.2/../../../../pic32mx/lib\libpic32.a(default-on-reset.o)
 .debug_info    0x00028333       0xc0 c:/program files (x86)/microchip/xc32/v1.31/bin/../lib/gcc/pic32mx/4.5.2/../../../../pic32mx/lib\libpic32.a(default-on-bootstrap.o)
 .debug_info    0x000283f3       0xd2 c:/program files (x86)/microchip/xc32/v1.31/bin/../lib/gcc/pic32mx/4.5.2/../../../../pic32mx/lib\libpic32.a(defaultinterrupt.o)
 .debug_info    0x000284c5       0xce c:/program files (x86)/microchip/xc32/v1.31/bin/../lib/gcc/pic32mx/4.5.2/../../../../pic32mx/lib\software-debug-break.o

.debug_abbrev   0x00000000     0x28b2
 *(.debug_abbrev)
 .debug_abbrev  0x00000000      0x1d6 build/default/debug/_ext/1361460060/drv_adc_static.o
 .debug_abbrev  0x000001d6      0x1e3 build/default/debug/_ext/1345626252/drv_usart_static.o
 .debug_abbrev  0x000003b9      0x1f9 build/default/debug/_ext/639803181/sys_clk_static.o
 .debug_abbrev  0x000005b2      0x113 build/default/debug/_ext/822048611/sys_ports_static.o
 .debug_abbrev  0x000006c5      0x148 build/default/debug/_ext/1688732426/system_init.o
 .debug_abbrev  0x0000080d      0x1b7 build/default/debug/_ext/1688732426/system_interrupt.o
 .debug_abbrev  0x000009c4       0xc9 build/default/debug/_ext/1688732426/system_exceptions.o
 .debug_abbrev  0x00000a8d       0xf1 build/default/debug/_ext/1688732426/system_tasks.o
 .debug_abbrev  0x00000b7e       0x12 build/default/debug/_ext/1688732426/system_interrupt_a.o
 .debug_abbrev  0x00000b90       0x8d build/default/debug/_ext/1688732426/rtos_hooks.o
 .debug_abbrev  0x00000c1d      0x103 build/default/debug/_ext/1360937237/control.o
 .debug_abbrev  0x00000d20      0x105 build/default/debug/_ext/1360937237/motor.o
 .debug_abbrev  0x00000e25      0x105 build/default/debug/_ext/1360937237/sensor.o
 .debug_abbrev  0x00000f2a       0x36 build/default/debug/_ext/1360937237/main.o
 .debug_abbrev  0x00000f60      0x14d build/default/debug/_ext/1737654518/osal_freertos.o
 .debug_abbrev  0x000010ad      0x25a build/default/debug/_ext/394875440/sys_devcon.o
 .debug_abbrev  0x00001307      0x176 build/default/debug/_ext/394875440/sys_devcon_pic32mx.o
 .debug_abbrev  0x0000147d      0x19a build/default/debug/_ext/312783478/sys_int_pic32.o
 .debug_abbrev  0x00001617      0x1ea build/default/debug/_ext/2111169689/sys_ports.o
 .debug_abbrev  0x00001801      0x100 build/default/debug/_ext/1920397356/heap_1.o
 .debug_abbrev  0x00001901      0x2a7 build/default/debug/_ext/630015897/port.o
 .debug_abbrev  0x00001ba8       0x14 build/default/debug/_ext/630015897/port_asm.o
 .debug_abbrev  0x00001bbc       0x1f build/default/debug/_ext/8958737/croutine.o
 .debug_abbrev  0x00001bdb       0xe9 build/default/debug/_ext/8958737/list.o
 .debug_abbrev  0x00001cc4      0x1e7 build/default/debug/_ext/8958737/queue.o
 .debug_abbrev  0x00001eab      0x234 build/default/debug/_ext/8958737/tasks.o
 .debug_abbrev  0x000020df      0x281 build/default/debug/_ext/8958737/timers.o
 .debug_abbrev  0x00002360      0x19a build/default/debug/_ext/8958737/event_groups.o
 .debug_abbrev  0x000024fa      0x16c build/default/debug/_ext/1360937237/usart.o
 .debug_abbrev  0x00002666       0xb8 build/default/debug/_ext/1360937237/debug.o
 .debug_abbrev  0x0000271e       0xe5 build/default/debug/_ext/1360937237/timer1Callback.o
 .debug_abbrev  0x00002803       0x23 c:/program files (x86)/microchip/xc32/v1.31/bin/../lib/gcc/pic32mx/4.5.2/../../../../pic32mx/lib\libpic32.a(default-bootstrap-exception-handler.o)
 .debug_abbrev  0x00002826       0x23 c:/program files (x86)/microchip/xc32/v1.31/bin/../lib/gcc/pic32mx/4.5.2/../../../../pic32mx/lib\libpic32.a(default-on-reset.o)
 .debug_abbrev  0x00002849       0x23 c:/program files (x86)/microchip/xc32/v1.31/bin/../lib/gcc/pic32mx/4.5.2/../../../../pic32mx/lib\libpic32.a(default-on-bootstrap.o)
 .debug_abbrev  0x0000286c       0x23 c:/program files (x86)/microchip/xc32/v1.31/bin/../lib/gcc/pic32mx/4.5.2/../../../../pic32mx/lib\libpic32.a(defaultinterrupt.o)
 .debug_abbrev  0x0000288f       0x23 c:/program files (x86)/microchip/xc32/v1.31/bin/../lib/gcc/pic32mx/4.5.2/../../../../pic32mx/lib\software-debug-break.o

.debug_line     0x00000000     0x6990
 *(.debug_line)
 .debug_line    0x00000000      0x7ba build/default/debug/_ext/1361460060/drv_adc_static.o
 .debug_line    0x000007ba      0x73c build/default/debug/_ext/1345626252/drv_usart_static.o
 .debug_line    0x00000ef6      0x422 build/default/debug/_ext/639803181/sys_clk_static.o
 .debug_line    0x00001318      0x2d1 build/default/debug/_ext/822048611/sys_ports_static.o
 .debug_line    0x000015e9      0x2c5 build/default/debug/_ext/1688732426/system_init.o
 .debug_line    0x000018ae      0x4e2 build/default/debug/_ext/1688732426/system_interrupt.o
 .debug_line    0x00001d90      0x1cd build/default/debug/_ext/1688732426/system_exceptions.o
 .debug_line    0x00001f5d      0x341 build/default/debug/_ext/1688732426/system_tasks.o
 .debug_line    0x0000229e       0xa5 build/default/debug/_ext/1688732426/system_interrupt_a.o
 .debug_line    0x00002343      0x134 build/default/debug/_ext/1688732426/rtos_hooks.o
 .debug_line    0x00002477      0x2b4 build/default/debug/_ext/1360937237/control.o
 .debug_line    0x0000272b      0x266 build/default/debug/_ext/1360937237/motor.o
 .debug_line    0x00002991      0x26a build/default/debug/_ext/1360937237/sensor.o
 .debug_line    0x00002bfb       0x63 build/default/debug/_ext/1360937237/main.o
 .debug_line    0x00002c5e      0x2b2 build/default/debug/_ext/1737654518/osal_freertos.o
 .debug_line    0x00002f10      0x5f6 build/default/debug/_ext/394875440/sys_devcon.o
 .debug_line    0x00003506      0x48a build/default/debug/_ext/394875440/sys_devcon_pic32mx.o
 .debug_line    0x00003990      0x3a3 build/default/debug/_ext/312783478/sys_int_pic32.o
 .debug_line    0x00003d33      0x880 build/default/debug/_ext/2111169689/sys_ports.o
 .debug_line    0x000045b3      0x168 build/default/debug/_ext/1920397356/heap_1.o
 .debug_line    0x0000471b      0x234 build/default/debug/_ext/630015897/port.o
 .debug_line    0x0000494f      0x120 build/default/debug/_ext/630015897/port_asm.o
 .debug_line    0x00004a6f       0x1d build/default/debug/_ext/8958737/croutine.o
 .debug_line    0x00004a8c      0x1e7 build/default/debug/_ext/8958737/list.o
 .debug_line    0x00004c73      0x4a8 build/default/debug/_ext/8958737/queue.o
 .debug_line    0x0000511b      0x85e build/default/debug/_ext/8958737/tasks.o
 .debug_line    0x00005979      0x329 build/default/debug/_ext/8958737/timers.o
 .debug_line    0x00005ca2      0x2c2 build/default/debug/_ext/8958737/event_groups.o
 .debug_line    0x00005f64      0x35f build/default/debug/_ext/1360937237/usart.o
 .debug_line    0x000062c3      0x22c build/default/debug/_ext/1360937237/debug.o
 .debug_line    0x000064ef      0x1de build/default/debug/_ext/1360937237/timer1Callback.o
 .debug_line    0x000066cd       0x97 c:/program files (x86)/microchip/xc32/v1.31/bin/../lib/gcc/pic32mx/4.5.2/../../../../pic32mx/lib\libpic32.a(default-bootstrap-exception-handler.o)
 .debug_line    0x00006764       0x84 c:/program files (x86)/microchip/xc32/v1.31/bin/../lib/gcc/pic32mx/4.5.2/../../../../pic32mx/lib\libpic32.a(default-on-reset.o)
 .debug_line    0x000067e8       0x88 c:/program files (x86)/microchip/xc32/v1.31/bin/../lib/gcc/pic32mx/4.5.2/../../../../pic32mx/lib\libpic32.a(default-on-bootstrap.o)
 .debug_line    0x00006870       0x96 c:/program files (x86)/microchip/xc32/v1.31/bin/../lib/gcc/pic32mx/4.5.2/../../../../pic32mx/lib\libpic32.a(defaultinterrupt.o)
 .debug_line    0x00006906       0x8a c:/program files (x86)/microchip/xc32/v1.31/bin/../lib/gcc/pic32mx/4.5.2/../../../../pic32mx/lib\software-debug-break.o

.debug_frame    0x00000000     0x1430
 *(.debug_frame)
 .debug_frame   0x00000000       0xd0 build/default/debug/_ext/1361460060/drv_adc_static.o
 .debug_frame   0x000000d0       0x58 build/default/debug/_ext/1345626252/drv_usart_static.o
 .debug_frame   0x00000128       0x58 build/default/debug/_ext/639803181/sys_clk_static.o
 .debug_frame   0x00000180       0x20 build/default/debug/_ext/822048611/sys_ports_static.o
 .debug_frame   0x000001a0       0x28 build/default/debug/_ext/1688732426/system_init.o
 .debug_frame   0x000001c8       0x40 build/default/debug/_ext/1688732426/system_interrupt.o
 .debug_frame   0x00000208       0x20 build/default/debug/_ext/1688732426/system_exceptions.o
 .debug_frame   0x00000228       0x88 build/default/debug/_ext/1688732426/system_tasks.o
 .debug_frame   0x000002b0       0x30 build/default/debug/_ext/1688732426/rtos_hooks.o
 .debug_frame   0x000002e0       0x38 build/default/debug/_ext/1360937237/control.o
 .debug_frame   0x00000318       0x40 build/default/debug/_ext/1360937237/motor.o
 .debug_frame   0x00000358       0x40 build/default/debug/_ext/1360937237/sensor.o
 .debug_frame   0x00000398       0x28 build/default/debug/_ext/1360937237/main.o
 .debug_frame   0x000003c0      0x150 build/default/debug/_ext/1737654518/osal_freertos.o
 .debug_frame   0x00000510       0xd8 build/default/debug/_ext/394875440/sys_devcon.o
 .debug_frame   0x000005e8       0x20 build/default/debug/_ext/394875440/sys_devcon_pic32mx.o
 .debug_frame   0x00000608       0x70 build/default/debug/_ext/312783478/sys_int_pic32.o
 .debug_frame   0x00000678      0x1d0 build/default/debug/_ext/2111169689/sys_ports.o
 .debug_frame   0x00000848       0x5c build/default/debug/_ext/1920397356/heap_1.o
 .debug_frame   0x000008a4       0xa0 build/default/debug/_ext/630015897/port.o
 .debug_frame   0x00000944       0x60 build/default/debug/_ext/8958737/list.o
 .debug_frame   0x000009a4      0x234 build/default/debug/_ext/8958737/queue.o
 .debug_frame   0x00000bd8      0x4c4 build/default/debug/_ext/8958737/tasks.o
 .debug_frame   0x0000109c      0x138 build/default/debug/_ext/8958737/timers.o
 .debug_frame   0x000011d4      0x124 build/default/debug/_ext/8958737/event_groups.o
 .debug_frame   0x000012f8       0x40 build/default/debug/_ext/1360937237/usart.o
 .debug_frame   0x00001338       0x28 build/default/debug/_ext/1360937237/debug.o
 .debug_frame   0x00001360       0x28 build/default/debug/_ext/1360937237/timer1Callback.o
 .debug_frame   0x00001388       0x28 c:/program files (x86)/microchip/xc32/v1.31/bin/../lib/gcc/pic32mx/4.5.2/../../../../pic32mx/lib\libpic32.a(default-bootstrap-exception-handler.o)
 .debug_frame   0x000013b0       0x20 c:/program files (x86)/microchip/xc32/v1.31/bin/../lib/gcc/pic32mx/4.5.2/../../../../pic32mx/lib\libpic32.a(default-on-reset.o)
 .debug_frame   0x000013d0       0x20 c:/program files (x86)/microchip/xc32/v1.31/bin/../lib/gcc/pic32mx/4.5.2/../../../../pic32mx/lib\libpic32.a(default-on-bootstrap.o)
 .debug_frame   0x000013f0       0x20 c:/program files (x86)/microchip/xc32/v1.31/bin/../lib/gcc/pic32mx/4.5.2/../../../../pic32mx/lib\libpic32.a(defaultinterrupt.o)
 .debug_frame   0x00001410       0x20 c:/program files (x86)/microchip/xc32/v1.31/bin/../lib/gcc/pic32mx/4.5.2/../../../../pic32mx/lib\software-debug-break.o

.debug_str      0x00000000     0x10d9
 *(.debug_str)
 .debug_str     0x00000000      0x11e build/default/debug/_ext/1361460060/drv_adc_static.o
 .debug_str     0x0000011e      0x118 build/default/debug/_ext/1345626252/drv_usart_static.o
 .debug_str     0x00000236       0xc9 build/default/debug/_ext/639803181/sys_clk_static.o
 .debug_str     0x000002ff        0xd build/default/debug/_ext/822048611/sys_ports_static.o
 .debug_str     0x0000030c       0x9e build/default/debug/_ext/1688732426/system_init.o
 .debug_str     0x000003aa       0xce build/default/debug/_ext/1688732426/system_interrupt.o
 .debug_str     0x00000478       0x90 build/default/debug/_ext/1688732426/system_exceptions.o
 .debug_str     0x00000508       0x90 build/default/debug/_ext/1688732426/system_tasks.o
 .debug_str     0x00000598        0x9 build/default/debug/_ext/1688732426/rtos_hooks.o
 .debug_str     0x000005a1       0xb4 build/default/debug/_ext/1360937237/control.o
 .debug_str     0x00000655       0xa5 build/default/debug/_ext/1360937237/motor.o
 .debug_str     0x000006fa       0xa5 build/default/debug/_ext/1360937237/sensor.o
 .debug_str     0x0000079f        0x0 build/default/debug/_ext/1360937237/main.o
 .debug_str     0x0000079f       0x40 build/default/debug/_ext/1737654518/osal_freertos.o
 .debug_str     0x000007df       0x23 build/default/debug/_ext/394875440/sys_devcon.o
 .debug_str     0x00000802       0x4f build/default/debug/_ext/394875440/sys_devcon_pic32mx.o
 .debug_str     0x00000851       0x2d build/default/debug/_ext/312783478/sys_int_pic32.o
 .debug_str     0x0000087e       0x98 build/default/debug/_ext/2111169689/sys_ports.o
 .debug_str     0x00000916        0x0 build/default/debug/_ext/1920397356/heap_1.o
 .debug_str     0x00000916       0x6a build/default/debug/_ext/630015897/port.o
 .debug_str     0x00000980        0x0 build/default/debug/_ext/8958737/croutine.o
 .debug_str     0x00000980       0x2b build/default/debug/_ext/8958737/list.o
 .debug_str     0x000009ab       0xf1 build/default/debug/_ext/8958737/queue.o
 .debug_str     0x00000a9c      0x2da build/default/debug/_ext/8958737/tasks.o
 .debug_str     0x00000d76       0xbf build/default/debug/_ext/8958737/timers.o
 .debug_str     0x00000e35       0xe6 build/default/debug/_ext/8958737/event_groups.o
 .debug_str     0x00000f1b       0x9e build/default/debug/_ext/1360937237/usart.o
 .debug_str     0x00000fb9       0x90 build/default/debug/_ext/1360937237/debug.o
 .debug_str     0x00001049       0x90 build/default/debug/_ext/1360937237/timer1Callback.o
 .debug_str     0x000010d9        0x0 c:/program files (x86)/microchip/xc32/v1.31/bin/../lib/gcc/pic32mx/4.5.2/../../../../pic32mx/lib\libpic32.a(default-bootstrap-exception-handler.o)
 .debug_str     0x000010d9        0x0 c:/program files (x86)/microchip/xc32/v1.31/bin/../lib/gcc/pic32mx/4.5.2/../../../../pic32mx/lib\libpic32.a(default-on-reset.o)
 .debug_str     0x000010d9        0x0 c:/program files (x86)/microchip/xc32/v1.31/bin/../lib/gcc/pic32mx/4.5.2/../../../../pic32mx/lib\libpic32.a(default-on-bootstrap.o)
 .debug_str     0x000010d9        0x0 c:/program files (x86)/microchip/xc32/v1.31/bin/../lib/gcc/pic32mx/4.5.2/../../../../pic32mx/lib\libpic32.a(defaultinterrupt.o)
 .debug_str     0x000010d9        0x0 c:/program files (x86)/microchip/xc32/v1.31/bin/../lib/gcc/pic32mx/4.5.2/../../../../pic32mx/lib\software-debug-break.o

.debug_loc      0x00000000     0x3fb6
 *(.debug_loc)
 .debug_loc     0x00000000      0x180 build/default/debug/_ext/1361460060/drv_adc_static.o
 .debug_loc     0x00000180       0x92 build/default/debug/_ext/1345626252/drv_usart_static.o
 .debug_loc     0x00000212       0x33 build/default/debug/_ext/639803181/sys_clk_static.o
 .debug_loc     0x00000245       0x33 build/default/debug/_ext/1688732426/system_init.o
 .debug_loc     0x00000278       0x40 build/default/debug/_ext/1688732426/system_interrupt.o
 .debug_loc     0x000002b8       0xa0 build/default/debug/_ext/1688732426/system_tasks.o
 .debug_loc     0x00000358       0x20 build/default/debug/_ext/1360937237/control.o
 .debug_loc     0x00000378       0x40 build/default/debug/_ext/1360937237/motor.o
 .debug_loc     0x000003b8       0x40 build/default/debug/_ext/1360937237/sensor.o
 .debug_loc     0x000003f8       0x20 build/default/debug/_ext/1360937237/main.o
 .debug_loc     0x00000418      0x393 build/default/debug/_ext/1737654518/osal_freertos.o
 .debug_loc     0x000007ab       0x6c build/default/debug/_ext/394875440/sys_devcon.o
 .debug_loc     0x00000817       0x5f build/default/debug/_ext/394875440/sys_devcon_pic32mx.o
 .debug_loc     0x00000876       0x6c build/default/debug/_ext/312783478/sys_int_pic32.o
 .debug_loc     0x000008e2      0xb96 build/default/debug/_ext/2111169689/sys_ports.o
 .debug_loc     0x00001478       0x51 build/default/debug/_ext/1920397356/heap_1.o
 .debug_loc     0x000014c9       0x66 build/default/debug/_ext/630015897/port.o
 .debug_loc     0x0000152f       0x1f build/default/debug/_ext/8958737/list.o
 .debug_loc     0x0000154e      0xa90 build/default/debug/_ext/8958737/queue.o
 .debug_loc     0x00001fde     0x11bc build/default/debug/_ext/8958737/tasks.o
 .debug_loc     0x0000319a      0x644 build/default/debug/_ext/8958737/timers.o
 .debug_loc     0x000037de      0x709 build/default/debug/_ext/8958737/event_groups.o
 .debug_loc     0x00003ee7       0x40 build/default/debug/_ext/1360937237/usart.o
 .debug_loc     0x00003f27       0x5c build/default/debug/_ext/1360937237/debug.o
 .debug_loc     0x00003f83       0x33 build/default/debug/_ext/1360937237/timer1Callback.o

.debug_macinfo
 *(.debug_macinfo)

.debug_weaknames
 *(.debug_weaknames)

.debug_funcnames
 *(.debug_funcnames)

.debug_typenames
 *(.debug_typenames)

.debug_varnames
 *(.debug_varnames)

.debug_pubtypes
                0x00000000     0x1808
 *(.debug_pubtypes)
 .debug_pubtypes
                0x00000000      0x25c build/default/debug/_ext/1361460060/drv_adc_static.o
 .debug_pubtypes
                0x0000025c      0x175 build/default/debug/_ext/1345626252/drv_usart_static.o
 .debug_pubtypes
                0x000003d1      0x12d build/default/debug/_ext/639803181/sys_clk_static.o
 .debug_pubtypes
                0x000004fe       0x84 build/default/debug/_ext/822048611/sys_ports_static.o
 .debug_pubtypes
                0x00000582       0xa2 build/default/debug/_ext/1688732426/system_init.o
 .debug_pubtypes
                0x00000624       0xcc build/default/debug/_ext/1688732426/system_interrupt.o
 .debug_pubtypes
                0x000006f0       0x36 build/default/debug/_ext/1688732426/system_exceptions.o
 .debug_pubtypes
                0x00000726       0xac build/default/debug/_ext/1688732426/system_tasks.o
 .debug_pubtypes
                0x000007d2       0x32 build/default/debug/_ext/1688732426/rtos_hooks.o
 .debug_pubtypes
                0x00000804       0x95 build/default/debug/_ext/1360937237/control.o
 .debug_pubtypes
                0x00000899       0x9d build/default/debug/_ext/1360937237/motor.o
 .debug_pubtypes
                0x00000936       0xa2 build/default/debug/_ext/1360937237/sensor.o
 .debug_pubtypes
                0x000009d8       0x12 build/default/debug/_ext/1360937237/main.o
 .debug_pubtypes
                0x000009ea      0x14e build/default/debug/_ext/1737654518/osal_freertos.o
 .debug_pubtypes
                0x00000b38      0x14b build/default/debug/_ext/394875440/sys_devcon.o
 .debug_pubtypes
                0x00000c83       0xcb build/default/debug/_ext/394875440/sys_devcon_pic32mx.o
 .debug_pubtypes
                0x00000d4e       0xc5 build/default/debug/_ext/312783478/sys_int_pic32.o
 .debug_pubtypes
                0x00000e13      0x1d0 build/default/debug/_ext/2111169689/sys_ports.o
 .debug_pubtypes
                0x00000fe3       0x3a build/default/debug/_ext/1920397356/heap_1.o
 .debug_pubtypes
                0x0000101d       0xb7 build/default/debug/_ext/630015897/port.o
 .debug_pubtypes
                0x000010d4       0x12 build/default/debug/_ext/8958737/croutine.o
 .debug_pubtypes
                0x000010e6       0x9a build/default/debug/_ext/8958737/list.o
 .debug_pubtypes
                0x00001180      0x128 build/default/debug/_ext/8958737/queue.o
 .debug_pubtypes
                0x000012a8      0x197 build/default/debug/_ext/8958737/tasks.o
 .debug_pubtypes
                0x0000143f      0x18e build/default/debug/_ext/8958737/timers.o
 .debug_pubtypes
                0x000015cd       0xfb build/default/debug/_ext/8958737/event_groups.o
 .debug_pubtypes
                0x000016c8       0xab build/default/debug/_ext/1360937237/usart.o
 .debug_pubtypes
                0x00001773       0x45 build/default/debug/_ext/1360937237/debug.o
 .debug_pubtypes
                0x000017b8       0x50 build/default/debug/_ext/1360937237/timer1Callback.o

.debug_ranges   0x00000000       0x30
 *(.debug_ranges)
 .debug_ranges  0x00000000       0x30 build/default/debug/_ext/1688732426/system_interrupt_a.o

.gnu.attributes
                0x00000000       0x10
 *(.gnu.attributes)
 .gnu.attributes
                0x00000000       0x10 build/default/debug/_ext/1361460060/drv_adc_static.o
 .gnu.attributes
                0x00000010       0x10 build/default/debug/_ext/1345626252/drv_usart_static.o
 .gnu.attributes
                0x00000020       0x10 build/default/debug/_ext/639803181/sys_clk_static.o
 .gnu.attributes
                0x00000030       0x10 build/default/debug/_ext/822048611/sys_ports_static.o
 .gnu.attributes
                0x00000040       0x10 build/default/debug/_ext/1688732426/system_init.o
 .gnu.attributes
                0x00000050       0x10 build/default/debug/_ext/1688732426/system_interrupt.o
 .gnu.attributes
                0x00000060       0x10 build/default/debug/_ext/1688732426/system_exceptions.o
 .gnu.attributes
                0x00000070       0x10 build/default/debug/_ext/1688732426/system_tasks.o
 .gnu.attributes
                0x00000080       0x10 build/default/debug/_ext/1688732426/rtos_hooks.o
 .gnu.attributes
                0x00000090       0x10 build/default/debug/_ext/1360937237/control.o
 .gnu.attributes
                0x000000a0       0x10 build/default/debug/_ext/1360937237/motor.o
 .gnu.attributes
                0x000000b0       0x10 build/default/debug/_ext/1360937237/sensor.o
 .gnu.attributes
                0x000000c0       0x10 build/default/debug/_ext/1360937237/main.o
 .gnu.attributes
                0x000000d0       0x10 build/default/debug/_ext/1737654518/osal_freertos.o
 .gnu.attributes
                0x000000e0       0x10 build/default/debug/_ext/394875440/sys_devcon.o
 .gnu.attributes
                0x000000f0       0x10 build/default/debug/_ext/394875440/sys_devcon_pic32mx.o
 .gnu.attributes
                0x00000100       0x10 build/default/debug/_ext/312783478/sys_int_pic32.o
 .gnu.attributes
                0x00000110       0x10 build/default/debug/_ext/2111169689/sys_ports.o
 .gnu.attributes
                0x00000120       0x10 build/default/debug/_ext/1920397356/heap_1.o
 .gnu.attributes
                0x00000130       0x10 build/default/debug/_ext/630015897/port.o
 .gnu.attributes
                0x00000140       0x10 build/default/debug/_ext/8958737/croutine.o
 .gnu.attributes
                0x00000150       0x10 build/default/debug/_ext/8958737/list.o
 .gnu.attributes
                0x00000160       0x10 build/default/debug/_ext/8958737/queue.o
 .gnu.attributes
                0x00000170       0x10 build/default/debug/_ext/8958737/tasks.o
 .gnu.attributes
                0x00000180       0x10 build/default/debug/_ext/8958737/timers.o
 .gnu.attributes
                0x00000190       0x10 build/default/debug/_ext/8958737/event_groups.o
 .gnu.attributes
                0x000001a0       0x10 build/default/debug/_ext/1360937237/usart.o
 .gnu.attributes
                0x000001b0       0x10 build/default/debug/_ext/1360937237/debug.o
 .gnu.attributes
                0x000001c0       0x10 build/default/debug/_ext/1360937237/timer1Callback.o
 .gnu.attributes
                0x000001d0       0x10 c:/program files (x86)/microchip/xc32/v1.31/bin/../lib/gcc/pic32mx/4.5.2/../../../../pic32mx/lib\libpic32.a(default-bootstrap-exception-handler.o)
 .gnu.attributes
                0x000001e0       0x10 c:/program files (x86)/microchip/xc32/v1.31/bin/../lib/gcc/pic32mx/4.5.2/../../../../pic32mx/lib\libpic32.a(default-on-reset.o)
 .gnu.attributes
                0x000001f0       0x10 c:/program files (x86)/microchip/xc32/v1.31/bin/../lib/gcc/pic32mx/4.5.2/../../../../pic32mx/lib\libpic32.a(default-on-bootstrap.o)
 .gnu.attributes
                0x00000200       0x10 c:/program files (x86)/microchip/xc32/v1.31/bin/../lib/gcc/pic32mx/4.5.2/../../../../pic32mx/lib\libpic32.a(defaultinterrupt.o)
 .gnu.attributes
                0x00000210       0x10 c:/program files (x86)/microchip/xc32/v1.31/bin/../lib/gcc/pic32mx/4.5.2/../../../../pic32mx/lib\software-debug-break.o
LOAD c:/program files (x86)/microchip/xc32/v1.31/bin/../lib/gcc/pic32mx/4.5.2\libgcc.a
START GROUP
LOAD c:/program files (x86)/microchip/xc32/v1.31/bin/../lib/gcc/pic32mx/4.5.2/../../../../pic32mx/lib\libpic32.a
LOAD c:/program files (x86)/microchip/xc32/v1.31/bin/../lib/gcc/pic32mx/4.5.2/../../../../pic32mx/lib\libdebug.a
LOAD c:/program files (x86)/microchip/xc32/v1.31/bin/../lib/gcc/pic32mx/4.5.2/../../../../pic32mx/lib\libm.a
LOAD c:/program files (x86)/microchip/xc32/v1.31/bin/../lib/gcc/pic32mx/4.5.2/../../../../pic32mx/lib\libe.a
LOAD c:/program files (x86)/microchip/xc32/v1.31/bin/../lib/gcc/pic32mx/4.5.2/../../../../pic32mx/lib\libdsp.a
LOAD c:/program files (x86)/microchip/xc32/v1.31/bin/../lib/gcc/pic32mx/4.5.2\libgcc.a
LOAD c:/program files (x86)/microchip/xc32/v1.31/bin/../lib/gcc/pic32mx/4.5.2/../../../../pic32mx/lib\libpic32.a
LOAD c:/program files (x86)/microchip/xc32/v1.31/bin/../lib/gcc/pic32mx/4.5.2/../../../../pic32mx/lib\libc.a
LOAD c:/program files (x86)/microchip/xc32/v1.31/bin/../lib/gcc/pic32mx/4.5.2/../../../../pic32mx/lib\libpic32.a
END GROUP
LOAD c:/program files (x86)/microchip/xc32/v1.31/bin/../lib/gcc/pic32mx/4.5.2\libgcc.a
LOAD c:/program files (x86)/microchip/xc32/v1.31/bin/../lib/gcc/pic32mx/4.5.2/../../../../pic32mx/lib\software-debug-break.o
OUTPUT(dist/default/debug/Embedded.X.debug.elf elf32-tradlittlemips)
LOAD stack
LOAD data_init

.reginfo        0x00000000       0x18
 .reginfo       0x00000000       0x18 c:/program files (x86)/microchip/xc32/v1.31/bin/../lib/gcc/pic32mx/4.5.2/../../../../pic32mx/lib/./proc/32MX795F512L/crt0_mips32r2.o

.stack          0xa0009298      0x400
 .stack         0xa0009298      0x400 stack

.bss            0xa000035c     0x8f20
 .bss           0xa000035c     0x88b8 build/default/debug/_ext/1920397356/heap_1.o
 .bss           0xa0008c14      0x640 build/default/debug/_ext/630015897/port.o
                0xa0008c14                xISRStack
 .bss           0xa0009254       0x28 build/default/debug/_ext/8958737/timers.o

.text           0x9d000000      0x454
 .text          0x9d000000      0x454 build/default/debug/_ext/630015897/port_asm.o
                0x9d000000                vPortTickInterruptHandler
                0x9d0001ac                vPortStartFirstTask
                0x9d000274                vPortYieldISR

.text.xQueueGenericReceive
                0x9d000454      0x258
 .text.xQueueGenericReceive
                0x9d000454      0x258 build/default/debug/_ext/8958737/queue.o
                0x9d000454                xQueueGenericReceive

.text.prvTimerTask
                0x9d0006ac      0x248
 .text.prvTimerTask
                0x9d0006ac      0x248 build/default/debug/_ext/8958737/timers.o

.text.xQueueGenericSend
                0x9d0008f4      0x20c
 .text.xQueueGenericSend
                0x9d0008f4      0x20c build/default/debug/_ext/8958737/queue.o
                0x9d0008f4                xQueueGenericSend

.DrvAdc_vector_text
                0x9d000b00      0x1b4
 .DrvAdc_vector_text
                0x9d000b00      0x1b4 build/default/debug/_ext/1688732426/system_interrupt_a.o

.DrvUsartInstance0_vector_text
                0x9d000cb4      0x1b4
 .DrvUsartInstance0_vector_text
                0x9d000cb4      0x1b4 build/default/debug/_ext/1688732426/system_interrupt_a.o

.text.xTaskGenericCreate
                0x9d000e68      0x1b4
 .text.xTaskGenericCreate
                0x9d000e68      0x1b4 build/default/debug/_ext/8958737/tasks.o
                0x9d000e68                xTaskGenericCreate

.text.xTaskIncrementTick
                0x9d00101c      0x168
 .text.xTaskIncrementTick
                0x9d00101c      0x168 build/default/debug/_ext/8958737/tasks.o
                0x9d00101c                xTaskIncrementTick

.text           0x9d001184      0x168
 .text          0x9d001184      0x168 c:/program files (x86)/microchip/xc32/v1.31/bin/../lib/gcc/pic32mx/4.5.2/../../../../pic32mx/lib\libpic32.a(memcpy.o)
                0x9d001184                memcpy

.text.xTaskResumeAll
                0x9d0012ec      0x15c
 .text.xTaskResumeAll
                0x9d0012ec      0x15c build/default/debug/_ext/8958737/tasks.o
                0x9d0012ec                xTaskResumeAll

.text.SYS_Tasks
                0x9d001448      0x14c
 .text.SYS_Tasks
                0x9d001448      0x14c build/default/debug/_ext/1688732426/system_tasks.o
                0x9d001448                SYS_Tasks

.text.IntHandlerDrvUsartInstance0
                0x9d001594      0x130
 .text.IntHandlerDrvUsartInstance0
                0x9d001594      0x130 build/default/debug/_ext/1688732426/system_interrupt.o
                0x9d001594                IntHandlerDrvUsartInstance0

.text.vTaskPriorityInherit
                0x9d0016c4      0x12c
 .text.vTaskPriorityInherit
                0x9d0016c4      0x12c build/default/debug/_ext/8958737/tasks.o
                0x9d0016c4                vTaskPriorityInherit

.rodata         0x9d0017f0      0x128
 .rodata        0x9d0017f0      0x128 build/default/debug/_ext/1688732426/system_exceptions.o

.text.DRV_ADC_Initialize
                0x9d001918      0x124
 .text.DRV_ADC_Initialize
                0x9d001918      0x124 build/default/debug/_ext/1361460060/drv_adc_static.o
                0x9d001918                DRV_ADC_Initialize

.text.vTaskSwitchContext
                0x9d001a3c      0x124
 .text.vTaskSwitchContext
                0x9d001a3c      0x124 build/default/debug/_ext/8958737/tasks.o
                0x9d001a3c                vTaskSwitchContext

.text.DRV_USART0_Initialize
                0x9d001b60      0x10c
 .text.DRV_USART0_Initialize
                0x9d001b60      0x10c build/default/debug/_ext/1345626252/drv_usart_static.o
                0x9d001b60                DRV_USART0_Initialize

.text.prvSampleTimeNow
                0x9d001c6c      0x10c
 .text.prvSampleTimeNow
                0x9d001c6c      0x10c build/default/debug/_ext/8958737/timers.o

.text.prvUnlockQueue
                0x9d001d78      0x104
 .text.prvUnlockQueue
                0x9d001d78      0x104 build/default/debug/_ext/8958737/queue.o

.text.prvCopyDataToQueue
                0x9d001e7c       0xfc
 .text.prvCopyDataToQueue
                0x9d001e7c       0xfc build/default/debug/_ext/8958737/queue.o

.text.xTaskPriorityDisinherit
                0x9d001f78       0xf4
 .text.xTaskPriorityDisinherit
                0x9d001f78       0xf4 build/default/debug/_ext/8958737/tasks.o
                0x9d001f78                xTaskPriorityDisinherit

.text.xQueueGenericSendFromISR
                0x9d00206c       0xe0
 .text.xQueueGenericSendFromISR
                0x9d00206c       0xe0 build/default/debug/_ext/8958737/queue.o
                0x9d00206c                xQueueGenericSendFromISR

.text.general_exception
                0x9d00214c       0xdc
 .text.general_exception
                0x9d00214c       0xdc c:/program files (x86)/microchip/xc32/v1.31/bin/../lib/gcc/pic32mx/4.5.2/../../../../pic32mx/lib\libpic32.a(general-exception.o)
                0x9d00214c                _general_exception_context

.text.SYS_DEVCON_PerformanceConfig
                0x9d002228       0xd0
 .text.SYS_DEVCON_PerformanceConfig
                0x9d002228       0xd0 build/default/debug/_ext/394875440/sys_devcon_pic32mx.o
                0x9d002228                SYS_DEVCON_PerformanceConfig

.text.xQueueReceiveFromISR
                0x9d0022f8       0xcc
 .text.xQueueReceiveFromISR
                0x9d0022f8       0xcc build/default/debug/_ext/8958737/queue.o
                0x9d0022f8                xQueueReceiveFromISR

.text.xQueueGenericReset
                0x9d0023c4       0xc8
 .text.xQueueGenericReset
                0x9d0023c4       0xc8 build/default/debug/_ext/8958737/queue.o
                0x9d0023c4                xQueueGenericReset

.text.IntHandlerDrvAdc
                0x9d00248c       0xbc
 .text.IntHandlerDrvAdc
                0x9d00248c       0xbc build/default/debug/_ext/1688732426/system_interrupt.o
                0x9d00248c                IntHandlerDrvAdc

.text.xTaskRemoveFromEventList
                0x9d002548       0xbc
 .text.xTaskRemoveFromEventList
                0x9d002548       0xbc build/default/debug/_ext/8958737/tasks.o
                0x9d002548                xTaskRemoveFromEventList

.text.pvPortMalloc
                0x9d002604       0xb8
 .text.pvPortMalloc
                0x9d002604       0xb8 build/default/debug/_ext/1920397356/heap_1.o
                0x9d002604                pvPortMalloc

.text.prvInitialiseTCBVariables